Archive member included because of file (symbol)

/workspaces/jenkins/workspace/ReleaseLinuxFullBinaries/sdk/s3e/edk/lib/android/arm64/libedk.a(edk_helpers.o)
                              release/s3eDialog_platform.os (s3eEdkThreadRunOnOS)

Discarded input sections

 .note.GNU-stack
                0x0000000000000000        0x0 /home/jenkins/.local/share/marmalade/mkb/archives/android-ndk-r10d-linux-x86_64-tar-bz2/platforms/android-21/arch-arm64/usr/lib/crtbegin_so.o
 .group         0x0000000000000000        0x8 release/s3eDialog_platform.os
 .group         0x0000000000000000        0x8 release/s3eDialog_platform.os
 .note.GNU-stack
                0x0000000000000000        0x0 release/s3eDialog_platform.os
 .note.GNU-stack
                0x0000000000000000        0x0 release/s3eDialog.os
 .note.GNU-stack
                0x0000000000000000        0x0 release/s3eDialog_register.os
 .note.GNU-stack
                0x0000000000000000        0x0 /workspaces/jenkins/workspace/ReleaseLinuxFullBinaries/sdk/s3e/edk/lib/android/arm64/libedk.a(edk_helpers.o)
 .note.GNU-stack
                0x0000000000000000        0x0 /home/jenkins/.local/share/marmalade/mkb/archives/android-ndk-r10d-linux-x86_64-tar-bz2/platforms/android-21/arch-arm64/usr/lib/crtend_so.o

Memory Configuration

Name             Origin             Length             Attributes
*default*        0x0000000000000000 0xffffffffffffffff

Linker script and memory map

LOAD /home/jenkins/.local/share/marmalade/mkb/archives/android-ndk-r10d-linux-x86_64-tar-bz2/platforms/android-21/arch-arm64/usr/lib/crtbegin_so.o
LOAD release/s3eDialog_platform.os
LOAD release/s3eDialog.os
LOAD release/s3eDialog_register.os
LOAD /workspaces/jenkins/workspace/ReleaseLinuxFullBinaries/sdk/s3e/edk/lib/android/arm64/libedk.a
LOAD /workspaces/jenkins/workspace/ReleaseLinuxFullBinaries/sdk/s3e/edk/lib/android/arm64/libplaceholderplaceholderplaceholderplaceholderplaceholder.so
LOAD /home/jenkins/.local/share/marmalade/mkb/archives/android-ndk-r10d-linux-x86_64-tar-bz2/platforms/android-21/arch-arm64/usr/lib/liblog.so
LOAD /home/jenkins/.local/share/marmalade/mkb/archives/android-ndk-r10d-linux-x86_64-tar-bz2/sources/cxx-stl/gnu-libstdc++/4.9/libs/arm64-v8a/libgnustl_static.a
LOAD /home/jenkins/.local/share/marmalade/mkb/archives/android-ndk-r10d-linux-x86_64-tar-bz2/toolchains/aarch64-linux-android-4.9/prebuilt/linux-x86_64/bin/../lib/gcc/aarch64-linux-android/4.9/libgcc.a
LOAD /home/jenkins/.local/share/marmalade/mkb/archives/android-ndk-r10d-linux-x86_64-tar-bz2/platforms/android-21/arch-arm64/usr/lib/libstdc++.so
LOAD /home/jenkins/.local/share/marmalade/mkb/archives/android-ndk-r10d-linux-x86_64-tar-bz2/platforms/android-21/arch-arm64/usr/lib/libm.so
LOAD /home/jenkins/.local/share/marmalade/mkb/archives/android-ndk-r10d-linux-x86_64-tar-bz2/platforms/android-21/arch-arm64/usr/lib/libc.so
LOAD /home/jenkins/.local/share/marmalade/mkb/archives/android-ndk-r10d-linux-x86_64-tar-bz2/toolchains/aarch64-linux-android-4.9/prebuilt/linux-x86_64/bin/../lib/gcc/aarch64-linux-android/4.9/libgcc.a
LOAD /home/jenkins/.local/share/marmalade/mkb/archives/android-ndk-r10d-linux-x86_64-tar-bz2/platforms/android-21/arch-arm64/usr/lib/libc.so
LOAD /home/jenkins/.local/share/marmalade/mkb/archives/android-ndk-r10d-linux-x86_64-tar-bz2/platforms/android-21/arch-arm64/usr/lib/libdl.so
LOAD /home/jenkins/.local/share/marmalade/mkb/archives/android-ndk-r10d-linux-x86_64-tar-bz2/toolchains/aarch64-linux-android-4.9/prebuilt/linux-x86_64/bin/../lib/gcc/aarch64-linux-android/4.9/libgcc.a
LOAD /home/jenkins/.local/share/marmalade/mkb/archives/android-ndk-r10d-linux-x86_64-tar-bz2/platforms/android-21/arch-arm64/usr/lib/crtend_so.o
                0x0000000000000158                . = (0x0 + SIZEOF_HEADERS)

.note.gnu.build-id
 *(.note.gnu.build-id)

.hash           0x0000000000000158       0xa4
 *(.hash)
 .hash          0x0000000000000158       0xa4 /home/jenkins/.local/share/marmalade/mkb/archives/android-ndk-r10d-linux-x86_64-tar-bz2/platforms/android-21/arch-arm64/usr/lib/crtbegin_so.o

.gnu.hash
 *(.gnu.hash)

.dynsym         0x0000000000000200      0x210
 *(.dynsym)
 .dynsym        0x0000000000000200      0x210 /home/jenkins/.local/share/marmalade/mkb/archives/android-ndk-r10d-linux-x86_64-tar-bz2/platforms/android-21/arch-arm64/usr/lib/crtbegin_so.o

.dynstr         0x0000000000000410      0x16c
 *(.dynstr)
 .dynstr        0x0000000000000410      0x16c /home/jenkins/.local/share/marmalade/mkb/archives/android-ndk-r10d-linux-x86_64-tar-bz2/platforms/android-21/arch-arm64/usr/lib/crtbegin_so.o

.gnu.version    0x000000000000057c        0x0
 *(.gnu.version)
 .gnu.version   0x0000000000000000        0x0 /home/jenkins/.local/share/marmalade/mkb/archives/android-ndk-r10d-linux-x86_64-tar-bz2/platforms/android-21/arch-arm64/usr/lib/crtbegin_so.o

.gnu.version_d  0x0000000000000580        0x0
 *(.gnu.version_d)
 .gnu.version_d
                0x0000000000000000        0x0 /home/jenkins/.local/share/marmalade/mkb/archives/android-ndk-r10d-linux-x86_64-tar-bz2/platforms/android-21/arch-arm64/usr/lib/crtbegin_so.o

.gnu.version_r  0x0000000000000580        0x0
 *(.gnu.version_r)
 .gnu.version_r
                0x0000000000000000        0x0 /home/jenkins/.local/share/marmalade/mkb/archives/android-ndk-r10d-linux-x86_64-tar-bz2/platforms/android-21/arch-arm64/usr/lib/crtbegin_so.o

.rela.dyn       0x0000000000000580       0xd8
 *(.rela.init)
 *(.rela.text .rela.text.* .rela.gnu.linkonce.t.*)
 *(.rela.fini)
 *(.rela.rodata .rela.rodata.* .rela.gnu.linkonce.r.*)
 *(.rela.data .rela.data.* .rela.gnu.linkonce.d.*)
 .rela.data.rel.ro.local
                0x0000000000000580       0x48 /home/jenkins/.local/share/marmalade/mkb/archives/android-ndk-r10d-linux-x86_64-tar-bz2/platforms/android-21/arch-arm64/usr/lib/crtbegin_so.o
 *(.rela.tdata .rela.tdata.* .rela.gnu.linkonce.td.*)
 *(.rela.tbss .rela.tbss.* .rela.gnu.linkonce.tb.*)
 *(.rela.ctors)
 *(.rela.dtors)
 *(.rela.got)
 .rela.got      0x00000000000005c8       0x78 /home/jenkins/.local/share/marmalade/mkb/archives/android-ndk-r10d-linux-x86_64-tar-bz2/platforms/android-21/arch-arm64/usr/lib/crtbegin_so.o
 *(.rela.bss .rela.bss.* .rela.gnu.linkonce.b.*)
 *(.rela.ifunc)
 .rela.ifunc    0x0000000000000000        0x0 /home/jenkins/.local/share/marmalade/mkb/archives/android-ndk-r10d-linux-x86_64-tar-bz2/platforms/android-21/arch-arm64/usr/lib/crtbegin_so.o
 .rela.fini_array
                0x0000000000000640       0x18 /home/jenkins/.local/share/marmalade/mkb/archives/android-ndk-r10d-linux-x86_64-tar-bz2/platforms/android-21/arch-arm64/usr/lib/crtbegin_so.o

.rela.plt       0x0000000000000658      0x108
 *(.rela.plt)
 .rela.plt      0x0000000000000658      0x108 /home/jenkins/.local/share/marmalade/mkb/archives/android-ndk-r10d-linux-x86_64-tar-bz2/platforms/android-21/arch-arm64/usr/lib/crtbegin_so.o
 *(.rela.iplt)

.init
 *(SORT(.init))

.plt            0x0000000000000760       0xd0
 *(.plt)
 .plt           0x0000000000000760       0xd0 /home/jenkins/.local/share/marmalade/mkb/archives/android-ndk-r10d-linux-x86_64-tar-bz2/platforms/android-21/arch-arm64/usr/lib/crtbegin_so.o
 *(.iplt)

.text           0x0000000000000830      0x868
 *(.text.unlikely .text.*_unlikely .text.unlikely.*)
 *(.text.exit .text.exit.*)
 .text.exit     0x0000000000000830        0xc /home/jenkins/.local/share/marmalade/mkb/archives/android-ndk-r10d-linux-x86_64-tar-bz2/platforms/android-21/arch-arm64/usr/lib/crtbegin_so.o
                0x0000000000000830                __on_dlclose
 *(.text.startup .text.startup.*)
 *(.text.hot .text.hot.*)
 *(.text .stub .text.* .gnu.linkonce.t.*)
 .text          0x000000000000083c       0x30 /home/jenkins/.local/share/marmalade/mkb/archives/android-ndk-r10d-linux-x86_64-tar-bz2/platforms/android-21/arch-arm64/usr/lib/crtbegin_so.o
                0x000000000000083c                __atexit_handler_wrapper
                0x0000000000000854                atexit
 .text          0x000000000000086c      0x3a8 release/s3eDialog_platform.os
                0x000000000000086c                Dialog_dialogCallback(_JNIEnv*, _jobject*, int, int)
                0x000000000000097c                s3eDialogInit_platform()
                0x0000000000000b18                s3eDialogTerminate_platform()
                0x0000000000000b1c                s3eDialogAlertBox_platform(s3eDialogAlertInfo*)
 .text._ZN7_JNIEnv9NewObjectEP7_jclassP10_jmethodIDz
                0x0000000000000c14       0x8c release/s3eDialog_platform.os
                0x0000000000000c14                _JNIEnv::NewObject(_jclass*, _jmethodID*, ...)
 .text._ZN7_JNIEnv17CallBooleanMethodEP8_jobjectP10_jmethodIDz
                0x0000000000000ca0       0x8c release/s3eDialog_platform.os
                0x0000000000000ca0                _JNIEnv::CallBooleanMethod(_jobject*, _jmethodID*, ...)
 .text          0x0000000000000d2c       0x4c release/s3eDialog.os
                0x0000000000000d2c                s3eDialogInit()
                0x0000000000000d30                s3eDialogRegister
                0x0000000000000d54                s3eDialogUnRegister
                0x0000000000000d70                s3eDialogTerminate()
                0x0000000000000d74                s3eDialogAlertBox
 .text          0x0000000000000d78      0x184 release/s3eDialog_register.os
                0x0000000000000d78                s3eDialogGetErrorString
                0x0000000000000d80                s3eDialogGetError
                0x0000000000000db4                s3eDialogRegisterExt()
                0x0000000000000e58                RegisterExt
 .text          0x0000000000000efc      0x19c /workspaces/jenkins/workspace/ReleaseLinuxFullBinaries/sdk/s3e/edk/lib/android/arm64/libedk.a(edk_helpers.o)
                0x0000000000000efc                s3eEdkErrorSetString
                0x0000000000000f88                s3eEdkThreadRunOnOS
                0x0000000000001010                s3eEdkThreadRunOnOSAsync
 .text          0x0000000000001098        0x0 /home/jenkins/.local/share/marmalade/mkb/archives/android-ndk-r10d-linux-x86_64-tar-bz2/platforms/android-21/arch-arm64/usr/lib/crtend_so.o
 *(.gnu.warning)

.fini
 *(SORT(.fini))
                0x0000000000001098                PROVIDE (__etext, .)
                0x0000000000001098                PROVIDE (_etext, .)
                0x0000000000001098                PROVIDE (etext, .)

.rodata         0x0000000000001098       0xd8
 *(.rodata .rodata.* .gnu.linkonce.r.*)
 .rodata.str1.8
                0x0000000000001098       0xb6 release/s3eDialog_platform.os
                                         0xb8 (size before relaxing)
 *fill*         0x000000000000114e        0x2 
 .rodata.str1.8
                0x0000000000001150       0x20 release/s3eDialog_register.os
                                         0x30 (size before relaxing)

.rodata1
 *(.rodata1)

.eh_frame_hdr   0x0000000000001170        0x0
 *(.eh_frame_hdr)
 .eh_frame_hdr  0x0000000000000000        0x0 /home/jenkins/.local/share/marmalade/mkb/archives/android-ndk-r10d-linux-x86_64-tar-bz2/platforms/android-21/arch-arm64/usr/lib/crtend_so.o

.eh_frame
 *(.eh_frame)

.gcc_except_table
 *(.gcc_except_table .gcc_except_table.*)

.exception_ranges
 *(.exception_ranges .exception_ranges*)
                0x0000000000001170                . = (ALIGN (0x10000) - ((0x10000 - .) & 0xffff))
                0x0000000000011d80                . = DATA_SEGMENT_ALIGN (0x10000, 0x1000)

.eh_frame
 *(.eh_frame)

.gcc_except_table
 *(.gcc_except_table .gcc_except_table.*)

.exception_ranges
 *(.exception_ranges .exception_ranges*)

.tdata
 *(.tdata .tdata.* .gnu.linkonce.td.*)

.tbss
 *(.tbss .tbss.* .gnu.linkonce.tb.*)
 *(.tcommon)
                0x0000000000011d80                . = ALIGN (0x8)

.preinit_array
 *(.preinit_array)

.init_array     0x0000000000011d80        0x8
 *crtbegin*.o(.init_array)
 *(SORT(.init_array.*) SORT(.ctors.*))
 *(.init_array EXCLUDE_FILE(*crtend*.o *crtend.o *crtbegin*.o *crtbegin.o) .ctors)
 .init_array    0x0000000000011d80        0x8 /home/jenkins/.local/share/marmalade/mkb/archives/android-ndk-r10d-linux-x86_64-tar-bz2/platforms/android-21/arch-arm64/usr/lib/crtend_so.o

.fini_array     0x0000000000011d88       0x10
 *crtbegin*.o(.fini_array)
 .fini_array    0x0000000000011d88        0x8 /home/jenkins/.local/share/marmalade/mkb/archives/android-ndk-r10d-linux-x86_64-tar-bz2/platforms/android-21/arch-arm64/usr/lib/crtbegin_so.o
 *(SORT(.fini_array.*) SORT(.dtors.*))
 *(.fini_array EXCLUDE_FILE(*crtend*.o *crtend.o *crtbegin*.o *crtbegin.o) .dtors)
 .fini_array    0x0000000000011d90        0x8 /home/jenkins/.local/share/marmalade/mkb/archives/android-ndk-r10d-linux-x86_64-tar-bz2/platforms/android-21/arch-arm64/usr/lib/crtend_so.o

.ctors
 *crtbegin.o(.ctors)
 *crtbegin*.o(.ctors)
 *(EXCLUDE_FILE(*crtend*.o *crtend.o) .ctors)
 *(SORT(.ctors.*))
 *(.ctors)

.dtors
 *crtbegin.o(.dtors)
 *crtbegin*.o(.dtors)
 *(EXCLUDE_FILE(*crtend*.o *crtend.o) .dtors)
 *(SORT(.dtors.*))
 *(.dtors)

.jcr
 *(.jcr)

.data.rel.ro    0x0000000000011d98       0x18
 *(.data.rel.ro.local* .gnu.linkonce.d.rel.ro.local.*)
 .data.rel.ro.local
                0x0000000000011d98       0x18 release/s3eDialog_platform.os
 *(.data.rel.ro .data.rel.ro.* .gnu.linkonce.d.rel.ro.*)

.dynamic        0x0000000000011db0      0x1b0
 *(.dynamic)
 .dynamic       0x0000000000011db0      0x1b0 /home/jenkins/.local/share/marmalade/mkb/archives/android-ndk-r10d-linux-x86_64-tar-bz2/platforms/android-21/arch-arm64/usr/lib/crtbegin_so.o
                0x0000000000011db0                _DYNAMIC

.got            0x0000000000011f60       0xa0
 *(.got.plt)
 .got.plt       0x0000000000011f60       0x70 /home/jenkins/.local/share/marmalade/mkb/archives/android-ndk-r10d-linux-x86_64-tar-bz2/platforms/android-21/arch-arm64/usr/lib/crtbegin_so.o
 *(.igot.plt)
 *(.got)
 .got           0x0000000000011fd0       0x30 /home/jenkins/.local/share/marmalade/mkb/archives/android-ndk-r10d-linux-x86_64-tar-bz2/platforms/android-21/arch-arm64/usr/lib/crtbegin_so.o
                0x0000000000011fd0                _GLOBAL_OFFSET_TABLE_
 *(.igot)
                0x0000000000012000                . = DATA_SEGMENT_RELRO_END (., 0x0)

.data           0x0000000000012000        0x8
                0x0000000000012000                PROVIDE (__data_start, .)
 *(.data .data.* .gnu.linkonce.d.*)
 .data          0x0000000000012000        0x8 /home/jenkins/.local/share/marmalade/mkb/archives/android-ndk-r10d-linux-x86_64-tar-bz2/platforms/android-21/arch-arm64/usr/lib/crtbegin_so.o
                0x0000000000012000                __dso_handle
 .data          0x0000000000012008        0x0 release/s3eDialog_platform.os
 .data          0x0000000000012008        0x0 release/s3eDialog.os
 .data          0x0000000000012008        0x0 release/s3eDialog_register.os
 .data          0x0000000000012008        0x0 /workspaces/jenkins/workspace/ReleaseLinuxFullBinaries/sdk/s3e/edk/lib/android/arm64/libedk.a(edk_helpers.o)
 .data          0x0000000000012008        0x0 /home/jenkins/.local/share/marmalade/mkb/archives/android-ndk-r10d-linux-x86_64-tar-bz2/platforms/android-21/arch-arm64/usr/lib/crtend_so.o

.data1
 *(.data1)
                0x0000000000012008                _edata = .
                0x0000000000012008                PROVIDE (edata, .)
                0x0000000000012008                . = .
                0x0000000000012008                __bss_start = .
                0x0000000000012008                __bss_start__ = .

.bss            0x0000000000012008       0x10
 *(.dynbss)
 .dynbss        0x0000000000000000        0x0 /home/jenkins/.local/share/marmalade/mkb/archives/android-ndk-r10d-linux-x86_64-tar-bz2/platforms/android-21/arch-arm64/usr/lib/crtbegin_so.o
 *(.bss .bss.* .gnu.linkonce.b.*)
 .bss           0x0000000000012008        0x0 /home/jenkins/.local/share/marmalade/mkb/archives/android-ndk-r10d-linux-x86_64-tar-bz2/platforms/android-21/arch-arm64/usr/lib/crtbegin_so.o
 .bss           0x0000000000012008       0x10 release/s3eDialog_platform.os
 .bss           0x0000000000012018        0x0 release/s3eDialog.os
 .bss           0x0000000000012018        0x0 release/s3eDialog_register.os
 .bss           0x0000000000012018        0x0 /workspaces/jenkins/workspace/ReleaseLinuxFullBinaries/sdk/s3e/edk/lib/android/arm64/libedk.a(edk_helpers.o)
 .bss           0x0000000000012018        0x0 /home/jenkins/.local/share/marmalade/mkb/archives/android-ndk-r10d-linux-x86_64-tar-bz2/platforms/android-21/arch-arm64/usr/lib/crtend_so.o
 *(COMMON)
                0x0000000000012018                . = ALIGN (0x8)
                0x0000000000012018                _bss_end__ = .
                0x0000000000012018                __bss_end__ = .
                0x0000000000012018                . = ALIGN (0x8)
                0x0000000000012018                . = SEGMENT_START ("ldata-segment", .)
                0x0000000000012018                . = ALIGN (0x8)
                0x0000000000012018                __end__ = .
                0x0000000000012018                _end = .
                0x0000000000012018                _bss_end__ = .
                0x0000000000012018                __bss_end__ = .
                0x0000000000012018                __end__ = .
                0x0000000000012018                PROVIDE (end, .)
                0x0000000000012018                . = DATA_SEGMENT_END (.)

.stab
 *(.stab)

.stabstr
 *(.stabstr)

.stab.excl
 *(.stab.excl)

.stab.exclstr
 *(.stab.exclstr)

.stab.index
 *(.stab.index)

.stab.indexstr
 *(.stab.indexstr)

.comment        0x0000000000000000       0x25
 *(.comment)
 .comment       0x0000000000000000       0x25 /home/jenkins/.local/share/marmalade/mkb/archives/android-ndk-r10d-linux-x86_64-tar-bz2/platforms/android-21/arch-arm64/usr/lib/crtbegin_so.o
                                         0x26 (size before relaxing)
 .comment       0x0000000000000000       0x26 release/s3eDialog_platform.os
 .comment       0x0000000000000000       0x26 release/s3eDialog.os
 .comment       0x0000000000000000       0x26 release/s3eDialog_register.os
 .comment       0x0000000000000000       0x26 /workspaces/jenkins/workspace/ReleaseLinuxFullBinaries/sdk/s3e/edk/lib/android/arm64/libedk.a(edk_helpers.o)

.debug
 *(.debug)

.line
 *(.line)

.debug_srcinfo
 *(.debug_srcinfo)

.debug_sfnames
 *(.debug_sfnames)

.debug_aranges
 *(.debug_aranges)

.debug_pubnames
 *(.debug_pubnames)

.debug_info
 *(.debug_info .gnu.linkonce.wi.*)

.debug_abbrev
 *(.debug_abbrev)

.debug_line
 *(.debug_line .debug_line.* .debug_line_end)

.debug_frame
 *(.debug_frame)

.debug_str
 *(.debug_str)

.debug_loc
 *(.debug_loc)

.debug_macinfo
 *(.debug_macinfo)

.debug_weaknames
 *(.debug_weaknames)

.debug_funcnames
 *(.debug_funcnames)

.debug_typenames
 *(.debug_typenames)

.debug_varnames
 *(.debug_varnames)

.debug_pubtypes
 *(.debug_pubtypes)

.debug_ranges
 *(.debug_ranges)

.debug_macro
 *(.debug_macro)

.ARM.attributes
 *(.ARM.attributes)
 *(.gnu.attributes)

.note.gnu.arm.ident
 *(.note.gnu.arm.ident)

/DISCARD/
 *(.note.GNU-stack)
 *(.gnu_debuglink)
 *(.gnu.lto_*)
 *(.mdebug.*)
OUTPUT(/workspaces/jenkins/workspace/ReleaseLinuxFullBinaries/sdk/extensions/s3eDialog/lib/android/arm64/libs3eDialog.so elf64-littleaarch64)
