Archive member included because of file (symbol)

/workspaces/jenkins/workspace/ReleaseLinuxFullBinaries/sdk/s3e/edk/lib/android/mips/libedk.a(edk_helpers.o)
                              release/s3eDialog_platform.os (s3eEdkThreadRunOnOS)

Discarded input sections

 .mdebug.abi32  0x0000000000000000        0x0 /home/jenkins/.local/share/marmalade/mkb/archives/android-ndk-r10d-linux-x86_64-tar-bz2/platforms/android-14/arch-mips/usr/lib/crtbegin_so.o
 .note.GNU-stack
                0x0000000000000000        0x0 /home/jenkins/.local/share/marmalade/mkb/archives/android-ndk-r10d-linux-x86_64-tar-bz2/platforms/android-14/arch-mips/usr/lib/crtbegin_so.o
 .group         0x0000000000000000        0x8 release/s3eDialog_platform.os
 .group         0x0000000000000000        0x8 release/s3eDialog_platform.os
 .reginfo       0x0000000000000000       0x18 release/s3eDialog_platform.os
 .MIPS.abiflags
                0x0000000000000000       0x18 release/s3eDialog_platform.os
 .mdebug.abi32  0x0000000000000000        0x0 release/s3eDialog_platform.os
 .note.GNU-stack
                0x0000000000000000        0x0 release/s3eDialog_platform.os
 .reginfo       0x0000000000000000       0x18 release/s3eDialog.os
 .MIPS.abiflags
                0x0000000000000000       0x18 release/s3eDialog.os
 .mdebug.abi32  0x0000000000000000        0x0 release/s3eDialog.os
 .note.GNU-stack
                0x0000000000000000        0x0 release/s3eDialog.os
 .reginfo       0x0000000000000000       0x18 release/s3eDialog_register.os
 .MIPS.abiflags
                0x0000000000000000       0x18 release/s3eDialog_register.os
 .mdebug.abi32  0x0000000000000000        0x0 release/s3eDialog_register.os
 .note.GNU-stack
                0x0000000000000000        0x0 release/s3eDialog_register.os
 .reginfo       0x0000000000000000       0x18 /workspaces/jenkins/workspace/ReleaseLinuxFullBinaries/sdk/s3e/edk/lib/android/mips/libedk.a(edk_helpers.o)
 .MIPS.abiflags
                0x0000000000000000       0x18 /workspaces/jenkins/workspace/ReleaseLinuxFullBinaries/sdk/s3e/edk/lib/android/mips/libedk.a(edk_helpers.o)
 .mdebug.abi32  0x0000000000000000        0x0 /workspaces/jenkins/workspace/ReleaseLinuxFullBinaries/sdk/s3e/edk/lib/android/mips/libedk.a(edk_helpers.o)
 .note.GNU-stack
                0x0000000000000000        0x0 /workspaces/jenkins/workspace/ReleaseLinuxFullBinaries/sdk/s3e/edk/lib/android/mips/libedk.a(edk_helpers.o)
 .MIPS.abiflags
                0x0000000000000000       0x18 /home/jenkins/.local/share/marmalade/mkb/archives/android-ndk-r10d-linux-x86_64-tar-bz2/platforms/android-14/arch-mips/usr/lib/crtend_so.o
 .reginfo       0x0000000000000000       0x18 /home/jenkins/.local/share/marmalade/mkb/archives/android-ndk-r10d-linux-x86_64-tar-bz2/platforms/android-14/arch-mips/usr/lib/crtend_so.o
 .note.GNU-stack
                0x0000000000000000        0x0 /home/jenkins/.local/share/marmalade/mkb/archives/android-ndk-r10d-linux-x86_64-tar-bz2/platforms/android-14/arch-mips/usr/lib/crtend_so.o

Memory Configuration

Name             Origin             Length             Attributes
*default*        0x0000000000000000 0xffffffffffffffff

Linker script and memory map

LOAD /home/jenkins/.local/share/marmalade/mkb/archives/android-ndk-r10d-linux-x86_64-tar-bz2/platforms/android-14/arch-mips/usr/lib/crtbegin_so.o
LOAD release/s3eDialog_platform.os
LOAD release/s3eDialog.os
LOAD release/s3eDialog_register.os
LOAD /workspaces/jenkins/workspace/ReleaseLinuxFullBinaries/sdk/s3e/edk/lib/android/mips/libedk.a
LOAD /workspaces/jenkins/workspace/ReleaseLinuxFullBinaries/sdk/s3e/edk/lib/android/mips/libplaceholderplaceholderplaceholderplaceholderplaceholder.so
LOAD /home/jenkins/.local/share/marmalade/mkb/archives/android-ndk-r10d-linux-x86_64-tar-bz2/platforms/android-14/arch-mips/usr/lib/liblog.so
LOAD /home/jenkins/.local/share/marmalade/mkb/archives/android-ndk-r10d-linux-x86_64-tar-bz2/sources/cxx-stl/gnu-libstdc++/4.8/libs/mips/libgnustl_static.a
LOAD /home/jenkins/.local/share/marmalade/mkb/archives/android-ndk-r10d-linux-x86_64-tar-bz2/toolchains/mipsel-linux-android-4.8/prebuilt/linux-x86_64/bin/../lib/gcc/mipsel-linux-android/4.8/libgcc.a
LOAD /home/jenkins/.local/share/marmalade/mkb/archives/android-ndk-r10d-linux-x86_64-tar-bz2/platforms/android-14/arch-mips/usr/lib/libstdc++.so
LOAD /home/jenkins/.local/share/marmalade/mkb/archives/android-ndk-r10d-linux-x86_64-tar-bz2/platforms/android-14/arch-mips/usr/lib/libm.so
LOAD /home/jenkins/.local/share/marmalade/mkb/archives/android-ndk-r10d-linux-x86_64-tar-bz2/platforms/android-14/arch-mips/usr/lib/libc.so
LOAD /home/jenkins/.local/share/marmalade/mkb/archives/android-ndk-r10d-linux-x86_64-tar-bz2/toolchains/mipsel-linux-android-4.8/prebuilt/linux-x86_64/bin/../lib/gcc/mipsel-linux-android/4.8/libgcc.a
LOAD /home/jenkins/.local/share/marmalade/mkb/archives/android-ndk-r10d-linux-x86_64-tar-bz2/platforms/android-14/arch-mips/usr/lib/libc.so
LOAD /home/jenkins/.local/share/marmalade/mkb/archives/android-ndk-r10d-linux-x86_64-tar-bz2/platforms/android-14/arch-mips/usr/lib/libdl.so
LOAD /home/jenkins/.local/share/marmalade/mkb/archives/android-ndk-r10d-linux-x86_64-tar-bz2/toolchains/mipsel-linux-android-4.8/prebuilt/linux-x86_64/bin/../lib/gcc/mipsel-linux-android/4.8/libgcc.a
LOAD /home/jenkins/.local/share/marmalade/mkb/archives/android-ndk-r10d-linux-x86_64-tar-bz2/platforms/android-14/arch-mips/usr/lib/crtend_so.o
                0x0000000000000134                . = (0x0 + SIZEOF_HEADERS)

.MIPS.abiflags  0x0000000000000138       0x18
 *(.MIPS.abiflags)
 .MIPS.abiflags
                0x0000000000000138       0x18 /home/jenkins/.local/share/marmalade/mkb/archives/android-ndk-r10d-linux-x86_64-tar-bz2/platforms/android-14/arch-mips/usr/lib/crtbegin_so.o

.reginfo        0x0000000000000150       0x18
 *(.reginfo)
 .reginfo       0x0000000000000150       0x18 /home/jenkins/.local/share/marmalade/mkb/archives/android-ndk-r10d-linux-x86_64-tar-bz2/platforms/android-14/arch-mips/usr/lib/crtbegin_so.o

.note.gnu.build-id
 *(.note.gnu.build-id)

.hash           0x0000000000000168       0xac
 *(.hash)
 .hash          0x0000000000000168       0xac /home/jenkins/.local/share/marmalade/mkb/archives/android-ndk-r10d-linux-x86_64-tar-bz2/platforms/android-14/arch-mips/usr/lib/crtbegin_so.o

.gnu.hash
 *(.gnu.hash)

.dynsym         0x0000000000000214      0x180
 *(.dynsym)
 .dynsym        0x0000000000000214      0x180 /home/jenkins/.local/share/marmalade/mkb/archives/android-ndk-r10d-linux-x86_64-tar-bz2/platforms/android-14/arch-mips/usr/lib/crtbegin_so.o

.dynstr         0x0000000000000394      0x1a3
 *(.dynstr)
 .dynstr        0x0000000000000394      0x1a3 /home/jenkins/.local/share/marmalade/mkb/archives/android-ndk-r10d-linux-x86_64-tar-bz2/platforms/android-14/arch-mips/usr/lib/crtbegin_so.o

.gnu.version    0x0000000000000538        0x0
 *(.gnu.version)
 .gnu.version   0x0000000000000000        0x0 /home/jenkins/.local/share/marmalade/mkb/archives/android-ndk-r10d-linux-x86_64-tar-bz2/platforms/android-14/arch-mips/usr/lib/crtbegin_so.o

.gnu.version_d  0x0000000000000538        0x0
 *(.gnu.version_d)
 .gnu.version_d
                0x0000000000000000        0x0 /home/jenkins/.local/share/marmalade/mkb/archives/android-ndk-r10d-linux-x86_64-tar-bz2/platforms/android-14/arch-mips/usr/lib/crtbegin_so.o

.gnu.version_r  0x0000000000000538        0x0
 *(.gnu.version_r)
 .gnu.version_r
                0x0000000000000000        0x0 /home/jenkins/.local/share/marmalade/mkb/archives/android-ndk-r10d-linux-x86_64-tar-bz2/platforms/android-14/arch-mips/usr/lib/crtbegin_so.o

.rel.dyn        0x0000000000000538       0x30
 *(.rel.init)
 *(.rel.text .rel.text.* .rel.gnu.linkonce.t.*)
 *(.rel.fini)
 *(.rel.rodata .rel.rodata.* .rel.gnu.linkonce.r.*)
 *(.rel.data.rel.ro .rel.data.rel.ro.* .rel.gnu.linkonce.d.rel.ro.*)
 *(.rel.data .rel.data.* .rel.gnu.linkonce.d.*)
 *(.rel.tdata .rel.tdata.* .rel.gnu.linkonce.td.*)
 *(.rel.tbss .rel.tbss.* .rel.gnu.linkonce.tb.*)
 *(.rel.ctors)
 *(.rel.dtors)
 *(.rel.got)
 *(.rel.dyn)
 .rel.dyn       0x0000000000000538       0x30 /home/jenkins/.local/share/marmalade/mkb/archives/android-ndk-r10d-linux-x86_64-tar-bz2/platforms/android-14/arch-mips/usr/lib/crtbegin_so.o
 *(.rel.sdata .rel.sdata.* .rel.gnu.linkonce.s.*)
 *(.rel.sbss .rel.sbss.* .rel.gnu.linkonce.sb.*)
 *(.rel.sdata2 .rel.sdata2.* .rel.gnu.linkonce.s2.*)
 *(.rel.sbss2 .rel.sbss2.* .rel.gnu.linkonce.sb2.*)
 *(.rel.bss .rel.bss.* .rel.gnu.linkonce.b.*)
 *(.rel.iplt)

.rela.dyn
 *(.rela.init)
 *(.rela.text .rela.text.* .rela.gnu.linkonce.t.*)
 *(.rela.fini)
 *(.rela.rodata .rela.rodata.* .rela.gnu.linkonce.r.*)
 *(.rela.data .rela.data.* .rela.gnu.linkonce.d.*)
 *(.rela.tdata .rela.tdata.* .rela.gnu.linkonce.td.*)
 *(.rela.tbss .rela.tbss.* .rela.gnu.linkonce.tb.*)
 *(.rela.ctors)
 *(.rela.dtors)
 *(.rela.got)
 *(.rela.sdata .rela.sdata.* .rela.gnu.linkonce.s.*)
 *(.rela.sbss .rela.sbss.* .rela.gnu.linkonce.sb.*)
 *(.rela.sdata2 .rela.sdata2.* .rela.gnu.linkonce.s2.*)
 *(.rela.sbss2 .rela.sbss2.* .rela.gnu.linkonce.sb2.*)
 *(.rela.bss .rela.bss.* .rela.gnu.linkonce.b.*)
 *(.rela.iplt)

.rel.plt        0x0000000000000568        0x0
 *(.rel.plt)
 .rel.plt       0x0000000000000000        0x0 /home/jenkins/.local/share/marmalade/mkb/archives/android-ndk-r10d-linux-x86_64-tar-bz2/platforms/android-14/arch-mips/usr/lib/crtbegin_so.o

.rela.plt
 *(.rela.plt)

.init
 *(SORT(.init))

.text           0x0000000000000570      0x8b0
                0x0000000000000570                _ftext = .
 *(.text.unlikely .text.*_unlikely .text.unlikely.*)
 *(.text.exit .text.exit.*)
 .text.exit     0x0000000000000570       0x18 /home/jenkins/.local/share/marmalade/mkb/archives/android-ndk-r10d-linux-x86_64-tar-bz2/platforms/android-14/arch-mips/usr/lib/crtbegin_so.o
                0x0000000000000570                __on_dlclose
 *(.text.startup .text.startup.*)
 *(.text.hot .text.hot.*)
 *(.text .stub .text.* .gnu.linkonce.t.*)
 *fill*         0x0000000000000588        0x8 
 .text          0x0000000000000590       0x40 /home/jenkins/.local/share/marmalade/mkb/archives/android-ndk-r10d-linux-x86_64-tar-bz2/platforms/android-14/arch-mips/usr/lib/crtbegin_so.o
                0x0000000000000590                __atexit_handler_wrapper
                0x00000000000005a8                atexit
 .text          0x00000000000005d0      0x480 release/s3eDialog_platform.os
                0x00000000000005d0                Dialog_dialogCallback(_JNIEnv*, _jobject*, int, int)
                0x0000000000000724                s3eDialogInit_platform()
                0x0000000000000904                s3eDialogTerminate_platform()
                0x000000000000090c                s3eDialogAlertBox_platform(s3eDialogAlertInfo*)
 .text._ZN7_JNIEnv9NewObjectEP7_jclassP10_jmethodIDz
                0x0000000000000a50       0x30 release/s3eDialog_platform.os
                0x0000000000000a50                _JNIEnv::NewObject(_jclass*, _jmethodID*, ...)
 .text._ZN7_JNIEnv17CallBooleanMethodEP8_jobjectP10_jmethodIDz
                0x0000000000000a80       0x30 release/s3eDialog_platform.os
                0x0000000000000a80                _JNIEnv::CallBooleanMethod(_jobject*, _jmethodID*, ...)
 .text          0x0000000000000ab0       0xe0 release/s3eDialog.os
                0x0000000000000ab0                s3eDialogInit()
                0x0000000000000ac8                s3eDialogRegister
                0x0000000000000b14                s3eDialogUnRegister
                0x0000000000000b58                s3eDialogTerminate()
                0x0000000000000b70                s3eDialogAlertBox
 .text          0x0000000000000b90      0x1c0 release/s3eDialog_register.os
                0x0000000000000b90                s3eDialogGetErrorString
                0x0000000000000b98                s3eDialogGetError
                0x0000000000000bd4                s3eDialogRegisterExt()
                0x0000000000000c90                RegisterExt
 .text          0x0000000000000d50       0xd0 /workspaces/jenkins/workspace/ReleaseLinuxFullBinaries/sdk/s3e/edk/lib/android/mips/libedk.a(edk_helpers.o)
                0x0000000000000d50                s3eEdkErrorSetString
                0x0000000000000d94                s3eEdkThreadRunOnOS
                0x0000000000000dd4                s3eEdkThreadRunOnOSAsync
 .text          0x0000000000000e20        0x0 /home/jenkins/.local/share/marmalade/mkb/archives/android-ndk-r10d-linux-x86_64-tar-bz2/platforms/android-14/arch-mips/usr/lib/crtend_so.o
 *(.gnu.warning)
 *(.mips16.fn.*)
 *(.mips16.call.*)

.MIPS.stubs     0x0000000000000e20       0xc0
 .MIPS.stubs    0x0000000000000e20       0xc0 /home/jenkins/.local/share/marmalade/mkb/archives/android-ndk-r10d-linux-x86_64-tar-bz2/platforms/android-14/arch-mips/usr/lib/crtbegin_so.o
                0x0000000000000e20                _MIPS_STUBS_
                0x0000000000000e20                s3eEdkCallbacksUnRegister
                0x0000000000000e30                s3eEdkCallbacksEnqueue
                0x0000000000000e40                s3eEdkLibraryGetSymbol
                0x0000000000000e50                __cxa_finalize
                0x0000000000000e60                __cxa_atexit
                0x0000000000000e70                s3eEdkThreadRunOnOSAsyncV
                0x0000000000000e80                s3eEdkCallbacksRegister
                0x0000000000000e90                s3eEdkJNIGetVM
                0x0000000000000ea0                s3eEdkThreadRunOnOSV
                0x0000000000000eb0                s3eEdkErrorGet
                0x0000000000000ec0                s3eEdkErrorSetStringV

.fini
 *(SORT(.fini))
                0x0000000000000ee0                PROVIDE (__etext, .)
                0x0000000000000ee0                PROVIDE (_etext, .)
                0x0000000000000ee0                PROVIDE (etext, .)

.rodata         0x0000000000000ee0       0xcc
 *(.rodata .rodata.* .gnu.linkonce.r.*)
 .rodata.str1.4
                0x0000000000000ee0       0xaa release/s3eDialog_platform.os
                                         0xac (size before relaxing)
 *fill*         0x0000000000000f8a        0x2 
 .rodata.str1.4
                0x0000000000000f8c       0x20 release/s3eDialog_register.os
                                         0x2c (size before relaxing)

.rodata1
 *(.rodata1)

.eh_frame_hdr   0x0000000000000fac        0x0
 *(.eh_frame_hdr)
 .eh_frame_hdr  0x0000000000000000        0x0 /home/jenkins/.local/share/marmalade/mkb/archives/android-ndk-r10d-linux-x86_64-tar-bz2/platforms/android-14/arch-mips/usr/lib/crtend_so.o

.eh_frame
 *(.eh_frame)

.gcc_except_table
 *(.gcc_except_table .gcc_except_table.*)

.exception_ranges
 *(.exception_ranges .exception_ranges*)

.plt            0x0000000000000fac        0x0
 *(.plt)
 .plt           0x0000000000000000        0x0 /home/jenkins/.local/share/marmalade/mkb/archives/android-ndk-r10d-linux-x86_64-tar-bz2/platforms/android-14/arch-mips/usr/lib/crtbegin_so.o

.iplt
 *(.iplt)
                0x0000000000010000                . = ALIGN (0x10000)
                0x0000000000010ed0                . = DATA_SEGMENT_ALIGN (0x10000, 0x1000)

.eh_frame
 *(.eh_frame)

.gcc_except_table
 *(.gcc_except_table .gcc_except_table.*)

.exception_ranges
 *(.exception_ranges .exception_ranges*)

.tdata
 *(.tdata .tdata.* .gnu.linkonce.td.*)

.tbss
 *(.tbss .tbss.* .gnu.linkonce.tb.*)
 *(.tcommon)
                0x0000000000010ed0                . = ALIGN (0x4)

.preinit_array
 *(.preinit_array)

.init_array     0x0000000000010ed0        0x4
 *crtbegin*.o(.init_array)
 *(SORT(.init_array.*) SORT(.ctors.*))
 *(.init_array EXCLUDE_FILE(*crtend*.o *crtend.o *crtbegin*.o *crtbegin.o) .ctors)
 .init_array    0x0000000000010ed0        0x4 /home/jenkins/.local/share/marmalade/mkb/archives/android-ndk-r10d-linux-x86_64-tar-bz2/platforms/android-14/arch-mips/usr/lib/crtend_so.o

.fini_array     0x0000000000010ed4        0x8
 *crtbegin*.o(.fini_array)
 .fini_array    0x0000000000010ed4        0x4 /home/jenkins/.local/share/marmalade/mkb/archives/android-ndk-r10d-linux-x86_64-tar-bz2/platforms/android-14/arch-mips/usr/lib/crtbegin_so.o
 *(SORT(.fini_array.*) SORT(.dtors.*))
 *(.fini_array EXCLUDE_FILE(*crtend*.o *crtend.o *crtbegin*.o *crtbegin.o) .dtors)
 .fini_array    0x0000000000010ed8        0x4 /home/jenkins/.local/share/marmalade/mkb/archives/android-ndk-r10d-linux-x86_64-tar-bz2/platforms/android-14/arch-mips/usr/lib/crtend_so.o

.ctors
 *crtbegin.o(.ctors)
 *crtbegin*.o(.ctors)
 *(EXCLUDE_FILE(*crtend*.o *crtend.o) .ctors)
 *(SORT(.ctors.*))
 *(.ctors)

.dtors
 *crtbegin.o(.dtors)
 *crtbegin*.o(.dtors)
 *(EXCLUDE_FILE(*crtend*.o *crtend.o) .dtors)
 *(SORT(.dtors.*))
 *(.dtors)

.jcr
 *(.jcr)

.data.rel.ro    0x0000000000010edc        0xc
 *(.data.rel.ro.local* .gnu.linkonce.d.rel.ro.local.*)
 *(.data.rel.ro .data.rel.ro.* .gnu.linkonce.d.rel.ro.*)
 .data.rel.ro   0x0000000000010edc        0xc release/s3eDialog_platform.os

.got.plt        0x0000000000010ee8        0x0
 *(.got.plt)
 .got.plt       0x0000000000000000        0x0 /home/jenkins/.local/share/marmalade/mkb/archives/android-ndk-r10d-linux-x86_64-tar-bz2/platforms/android-14/arch-mips/usr/lib/crtbegin_so.o

.dynamic        0x0000000000010ee8      0x118
 *(.dynamic)
 .dynamic       0x0000000000010ee8      0x118 /home/jenkins/.local/share/marmalade/mkb/archives/android-ndk-r10d-linux-x86_64-tar-bz2/platforms/android-14/arch-mips/usr/lib/crtbegin_so.o
                0x0000000000010ee8                _DYNAMIC
                0x0000000000011000                . = DATA_SEGMENT_RELRO_END (., 0x0)

.data           0x0000000000011000       0x10
                0x0000000000011000                _fdata = .
 *(.data .data.* .gnu.linkonce.d.*)
 .data          0x0000000000011000       0x10 /home/jenkins/.local/share/marmalade/mkb/archives/android-ndk-r10d-linux-x86_64-tar-bz2/platforms/android-14/arch-mips/usr/lib/crtbegin_so.o
                0x0000000000011000                __dso_handle
 .data          0x0000000000011010        0x0 release/s3eDialog_platform.os
 .data          0x0000000000011010        0x0 release/s3eDialog.os
 .data          0x0000000000011010        0x0 release/s3eDialog_register.os
 .data          0x0000000000011010        0x0 /workspaces/jenkins/workspace/ReleaseLinuxFullBinaries/sdk/s3e/edk/lib/android/mips/libedk.a(edk_helpers.o)
 .data          0x0000000000011010        0x0 /home/jenkins/.local/share/marmalade/mkb/archives/android-ndk-r10d-linux-x86_64-tar-bz2/platforms/android-14/arch-mips/usr/lib/crtend_so.o

.data1
 *(.data1)
                0x0000000000011010                . = .
                0x0000000000011010                . = .
                0x0000000000019000                _gp = (ALIGN (0x10) + 0x7ff0)

.got            0x0000000000011010       0x84
 *(.got)
 .got           0x0000000000011010       0x84 /home/jenkins/.local/share/marmalade/mkb/archives/android-ndk-r10d-linux-x86_64-tar-bz2/platforms/android-14/arch-mips/usr/lib/crtbegin_so.o
                0x0000000000011010                _GLOBAL_OFFSET_TABLE_

.sdata
 *(.sdata2 .sdata2.* .gnu.linkonce.s2.*)
 *(.sdata .sdata.* .gnu.linkonce.s.*)

.lit8
 *(.lit8)

.lit4
 *(.lit4)
                0x0000000000011094                _edata = .
                0x0000000000011094                PROVIDE (edata, .)
                0x0000000000011094                . = .
                0x0000000000011094                __bss_start = .
                0x0000000000011094                _fbss = .

.sbss
 *(.sbss2 .sbss2.* .gnu.linkonce.sb2.*)
 *(.dynsbss)
 *(.sbss .sbss.* .gnu.linkonce.sb.*)
 *(.scommon)

.bss            0x00000000000110a0       0x10
 *(.dynbss)
 .dynbss        0x0000000000000000        0x0 /home/jenkins/.local/share/marmalade/mkb/archives/android-ndk-r10d-linux-x86_64-tar-bz2/platforms/android-14/arch-mips/usr/lib/crtbegin_so.o
 *(.bss .bss.* .gnu.linkonce.b.*)
 .bss           0x00000000000110a0        0x0 /home/jenkins/.local/share/marmalade/mkb/archives/android-ndk-r10d-linux-x86_64-tar-bz2/platforms/android-14/arch-mips/usr/lib/crtbegin_so.o
 .bss           0x00000000000110a0       0x10 release/s3eDialog_platform.os
 .bss           0x00000000000110b0        0x0 release/s3eDialog.os
 .bss           0x00000000000110b0        0x0 release/s3eDialog_register.os
 .bss           0x00000000000110b0        0x0 /workspaces/jenkins/workspace/ReleaseLinuxFullBinaries/sdk/s3e/edk/lib/android/mips/libedk.a(edk_helpers.o)
 .bss           0x00000000000110b0        0x0 /home/jenkins/.local/share/marmalade/mkb/archives/android-ndk-r10d-linux-x86_64-tar-bz2/platforms/android-14/arch-mips/usr/lib/crtend_so.o
 *(COMMON)
                0x00000000000110b0                . = ALIGN (0x4)
                0x00000000000110b0                . = ALIGN (0x4)
                0x00000000000110b0                . = SEGMENT_START ("ldata-segment", .)
                0x00000000000110b0                . = ALIGN (0x4)
                0x00000000000110b0                _end = .
                0x00000000000110b0                _bss_end__ = .
                0x00000000000110b0                __bss_end__ = .
                0x00000000000110b0                __end__ = .
                0x00000000000110b0                PROVIDE (end, .)
                0x00000000000110b0                . = DATA_SEGMENT_END (.)

.stab
 *(.stab)

.stabstr
 *(.stabstr)

.stab.excl
 *(.stab.excl)

.stab.exclstr
 *(.stab.exclstr)

.stab.index
 *(.stab.index)

.stab.indexstr
 *(.stab.indexstr)

.comment        0x0000000000000000       0x34
 *(.comment)
 .comment       0x0000000000000000       0x25 /home/jenkins/.local/share/marmalade/mkb/archives/android-ndk-r10d-linux-x86_64-tar-bz2/platforms/android-14/arch-mips/usr/lib/crtbegin_so.o
                                         0x26 (size before relaxing)
 .comment       0x0000000000000025        0xf release/s3eDialog_platform.os
                                         0x10 (size before relaxing)
 .comment       0x0000000000000000       0x10 release/s3eDialog.os
 .comment       0x0000000000000000       0x10 release/s3eDialog_register.os
 .comment       0x0000000000000000       0x10 /workspaces/jenkins/workspace/ReleaseLinuxFullBinaries/sdk/s3e/edk/lib/android/mips/libedk.a(edk_helpers.o)

.pdr            0x0000000000000000      0x2e0
 .pdr           0x0000000000000000       0x60 /home/jenkins/.local/share/marmalade/mkb/archives/android-ndk-r10d-linux-x86_64-tar-bz2/platforms/android-14/arch-mips/usr/lib/crtbegin_so.o
 .pdr           0x0000000000000060       0xe0 release/s3eDialog_platform.os
 .pdr           0x0000000000000140       0xa0 release/s3eDialog.os
 .pdr           0x00000000000001e0       0xa0 release/s3eDialog_register.os
 .pdr           0x0000000000000280       0x60 /workspaces/jenkins/workspace/ReleaseLinuxFullBinaries/sdk/s3e/edk/lib/android/mips/libedk.a(edk_helpers.o)
 .pdr           0x00000000000002e0        0x0 /home/jenkins/.local/share/marmalade/mkb/archives/android-ndk-r10d-linux-x86_64-tar-bz2/platforms/android-14/arch-mips/usr/lib/crtend_so.o

.debug
 *(.debug)

.line
 *(.line)

.debug_srcinfo
 *(.debug_srcinfo)

.debug_sfnames
 *(.debug_sfnames)

.debug_aranges
 *(.debug_aranges)

.debug_pubnames
 *(.debug_pubnames)

.debug_info
 *(.debug_info .gnu.linkonce.wi.*)

.debug_abbrev
 *(.debug_abbrev)

.debug_line
 *(.debug_line .debug_line.* .debug_line_end)

.debug_frame
 *(.debug_frame)

.debug_str
 *(.debug_str)

.debug_loc
 *(.debug_loc)

.debug_macinfo
 *(.debug_macinfo)

.debug_weaknames
 *(.debug_weaknames)

.debug_funcnames
 *(.debug_funcnames)

.debug_typenames
 *(.debug_typenames)

.debug_varnames
 *(.debug_varnames)

.debug_pubtypes
 *(.debug_pubtypes)

.debug_ranges
 *(.debug_ranges)

.debug_macro
 *(.debug_macro)

.gnu.attributes
                0x0000000000000000       0x10
 *(.gnu.attributes)
 .gnu.attributes
                0x0000000000000000       0x10 /home/jenkins/.local/share/marmalade/mkb/archives/android-ndk-r10d-linux-x86_64-tar-bz2/platforms/android-14/arch-mips/usr/lib/crtbegin_so.o
 .gnu.attributes
                0x0000000000000010       0x10 release/s3eDialog_platform.os
 .gnu.attributes
                0x0000000000000020       0x10 release/s3eDialog.os
 .gnu.attributes
                0x0000000000000030       0x10 release/s3eDialog_register.os
 .gnu.attributes
                0x0000000000000040       0x10 /workspaces/jenkins/workspace/ReleaseLinuxFullBinaries/sdk/s3e/edk/lib/android/mips/libedk.a(edk_helpers.o)
 .gnu.attributes
                0x0000000000000050       0x10 /home/jenkins/.local/share/marmalade/mkb/archives/android-ndk-r10d-linux-x86_64-tar-bz2/platforms/android-14/arch-mips/usr/lib/crtend_so.o

.gptab.sdata
 *(.gptab.data)
 *(.gptab.sdata)

.gptab.sbss
 *(.gptab.bss)
 *(.gptab.sbss)

.gcc_compiled_long32
 *(.gcc_compiled_long32)

.gcc_compiled_long64
 *(.gcc_compiled_long64)

/DISCARD/
 *(.note.GNU-stack)
 *(.gnu_debuglink)
 *(.gnu.lto_*)
 *(.mdebug.*)
OUTPUT(/workspaces/jenkins/workspace/ReleaseLinuxFullBinaries/sdk/extensions/s3eDialog/lib/android/mips/libs3eDialog.so elf32-tradlittlemips)
