Archive member included because of file (symbol)

/workspaces/jenkins/workspace/ReleaseLinuxFullBinaries/sdk/s3e/edk/lib/android/mips/libedk.a(edk_helpers.o)
                              debug/s3eDialog_platform.os (s3eEdkThreadRunOnOS)
/workspaces/jenkins/workspace/ReleaseLinuxFullBinaries/sdk/s3e/edk/lib/android/mips/libedk.a(IwDebug.o)
                              debug/s3eDialog_platform.os (IwDebugTraceIsChannelOn)
/home/jenkins/.local/share/marmalade/mkb/archives/android-ndk-r10d-linux-x86_64-tar-bz2/toolchains/mipsel-linux-android-4.8/prebuilt/linux-x86_64/bin/../lib/gcc/mipsel-linux-android/4.8/libgcc.a(_moddi3.o)
                              /workspaces/jenkins/workspace/ReleaseLinuxFullBinaries/sdk/s3e/edk/lib/android/mips/libedk.a(IwDebug.o) (__moddi3)

Discarded input sections

 .mdebug.abi32  0x0000000000000000        0x0 /home/jenkins/.local/share/marmalade/mkb/archives/android-ndk-r10d-linux-x86_64-tar-bz2/platforms/android-14/arch-mips/usr/lib/crtbegin_so.o
 .note.GNU-stack
                0x0000000000000000        0x0 /home/jenkins/.local/share/marmalade/mkb/archives/android-ndk-r10d-linux-x86_64-tar-bz2/platforms/android-14/arch-mips/usr/lib/crtbegin_so.o
 .group         0x0000000000000000        0x8 debug/s3eDialog_platform.os
 .group         0x0000000000000000        0x8 debug/s3eDialog_platform.os
 .group         0x0000000000000000        0x8 debug/s3eDialog_platform.os
 .group         0x0000000000000000        0x8 debug/s3eDialog_platform.os
 .group         0x0000000000000000        0x8 debug/s3eDialog_platform.os
 .group         0x0000000000000000        0x8 debug/s3eDialog_platform.os
 .group         0x0000000000000000        0x8 debug/s3eDialog_platform.os
 .group         0x0000000000000000        0x8 debug/s3eDialog_platform.os
 .group         0x0000000000000000        0x8 debug/s3eDialog_platform.os
 .group         0x0000000000000000        0x8 debug/s3eDialog_platform.os
 .group         0x0000000000000000        0x8 debug/s3eDialog_platform.os
 .group         0x0000000000000000        0x8 debug/s3eDialog_platform.os
 .group         0x0000000000000000        0x8 debug/s3eDialog_platform.os
 .reginfo       0x0000000000000000       0x18 debug/s3eDialog_platform.os
 .MIPS.abiflags
                0x0000000000000000       0x18 debug/s3eDialog_platform.os
 .mdebug.abi32  0x0000000000000000        0x0 debug/s3eDialog_platform.os
 .note.GNU-stack
                0x0000000000000000        0x0 debug/s3eDialog_platform.os
 .reginfo       0x0000000000000000       0x18 debug/s3eDialog.os
 .MIPS.abiflags
                0x0000000000000000       0x18 debug/s3eDialog.os
 .mdebug.abi32  0x0000000000000000        0x0 debug/s3eDialog.os
 .note.GNU-stack
                0x0000000000000000        0x0 debug/s3eDialog.os
 .reginfo       0x0000000000000000       0x18 debug/s3eDialog_register.os
 .MIPS.abiflags
                0x0000000000000000       0x18 debug/s3eDialog_register.os
 .mdebug.abi32  0x0000000000000000        0x0 debug/s3eDialog_register.os
 .note.GNU-stack
                0x0000000000000000        0x0 debug/s3eDialog_register.os
 .reginfo       0x0000000000000000       0x18 /workspaces/jenkins/workspace/ReleaseLinuxFullBinaries/sdk/s3e/edk/lib/android/mips/libedk.a(edk_helpers.o)
 .MIPS.abiflags
                0x0000000000000000       0x18 /workspaces/jenkins/workspace/ReleaseLinuxFullBinaries/sdk/s3e/edk/lib/android/mips/libedk.a(edk_helpers.o)
 .mdebug.abi32  0x0000000000000000        0x0 /workspaces/jenkins/workspace/ReleaseLinuxFullBinaries/sdk/s3e/edk/lib/android/mips/libedk.a(edk_helpers.o)
 .note.GNU-stack
                0x0000000000000000        0x0 /workspaces/jenkins/workspace/ReleaseLinuxFullBinaries/sdk/s3e/edk/lib/android/mips/libedk.a(edk_helpers.o)
 .reginfo       0x0000000000000000       0x18 /workspaces/jenkins/workspace/ReleaseLinuxFullBinaries/sdk/s3e/edk/lib/android/mips/libedk.a(IwDebug.o)
 .MIPS.abiflags
                0x0000000000000000       0x18 /workspaces/jenkins/workspace/ReleaseLinuxFullBinaries/sdk/s3e/edk/lib/android/mips/libedk.a(IwDebug.o)
 .mdebug.abi32  0x0000000000000000        0x0 /workspaces/jenkins/workspace/ReleaseLinuxFullBinaries/sdk/s3e/edk/lib/android/mips/libedk.a(IwDebug.o)
 .note.GNU-stack
                0x0000000000000000        0x0 /workspaces/jenkins/workspace/ReleaseLinuxFullBinaries/sdk/s3e/edk/lib/android/mips/libedk.a(IwDebug.o)
 .reginfo       0x0000000000000000       0x18 /home/jenkins/.local/share/marmalade/mkb/archives/android-ndk-r10d-linux-x86_64-tar-bz2/toolchains/mipsel-linux-android-4.8/prebuilt/linux-x86_64/bin/../lib/gcc/mipsel-linux-android/4.8/libgcc.a(_moddi3.o)
 .MIPS.abiflags
                0x0000000000000000       0x18 /home/jenkins/.local/share/marmalade/mkb/archives/android-ndk-r10d-linux-x86_64-tar-bz2/toolchains/mipsel-linux-android-4.8/prebuilt/linux-x86_64/bin/../lib/gcc/mipsel-linux-android/4.8/libgcc.a(_moddi3.o)
 .mdebug.abi32  0x0000000000000000        0x0 /home/jenkins/.local/share/marmalade/mkb/archives/android-ndk-r10d-linux-x86_64-tar-bz2/toolchains/mipsel-linux-android-4.8/prebuilt/linux-x86_64/bin/../lib/gcc/mipsel-linux-android/4.8/libgcc.a(_moddi3.o)
 .note.GNU-stack
                0x0000000000000000        0x0 /home/jenkins/.local/share/marmalade/mkb/archives/android-ndk-r10d-linux-x86_64-tar-bz2/toolchains/mipsel-linux-android-4.8/prebuilt/linux-x86_64/bin/../lib/gcc/mipsel-linux-android/4.8/libgcc.a(_moddi3.o)
 .MIPS.abiflags
                0x0000000000000000       0x18 /home/jenkins/.local/share/marmalade/mkb/archives/android-ndk-r10d-linux-x86_64-tar-bz2/platforms/android-14/arch-mips/usr/lib/crtend_so.o
 .reginfo       0x0000000000000000       0x18 /home/jenkins/.local/share/marmalade/mkb/archives/android-ndk-r10d-linux-x86_64-tar-bz2/platforms/android-14/arch-mips/usr/lib/crtend_so.o
 .note.GNU-stack
                0x0000000000000000        0x0 /home/jenkins/.local/share/marmalade/mkb/archives/android-ndk-r10d-linux-x86_64-tar-bz2/platforms/android-14/arch-mips/usr/lib/crtend_so.o

Memory Configuration

Name             Origin             Length             Attributes
*default*        0x0000000000000000 0xffffffffffffffff

Linker script and memory map

LOAD /home/jenkins/.local/share/marmalade/mkb/archives/android-ndk-r10d-linux-x86_64-tar-bz2/platforms/android-14/arch-mips/usr/lib/crtbegin_so.o
LOAD debug/s3eDialog_platform.os
LOAD debug/s3eDialog.os
LOAD debug/s3eDialog_register.os
LOAD /workspaces/jenkins/workspace/ReleaseLinuxFullBinaries/sdk/s3e/edk/lib/android/mips/libedk.a
LOAD /workspaces/jenkins/workspace/ReleaseLinuxFullBinaries/sdk/s3e/edk/lib/android/mips/libplaceholderplaceholderplaceholderplaceholderplaceholder.so
LOAD /home/jenkins/.local/share/marmalade/mkb/archives/android-ndk-r10d-linux-x86_64-tar-bz2/platforms/android-14/arch-mips/usr/lib/liblog.so
LOAD /home/jenkins/.local/share/marmalade/mkb/archives/android-ndk-r10d-linux-x86_64-tar-bz2/sources/cxx-stl/gnu-libstdc++/4.8/libs/mips/libgnustl_static.a
LOAD /home/jenkins/.local/share/marmalade/mkb/archives/android-ndk-r10d-linux-x86_64-tar-bz2/toolchains/mipsel-linux-android-4.8/prebuilt/linux-x86_64/bin/../lib/gcc/mipsel-linux-android/4.8/libgcc.a
LOAD /home/jenkins/.local/share/marmalade/mkb/archives/android-ndk-r10d-linux-x86_64-tar-bz2/platforms/android-14/arch-mips/usr/lib/libstdc++.so
LOAD /home/jenkins/.local/share/marmalade/mkb/archives/android-ndk-r10d-linux-x86_64-tar-bz2/platforms/android-14/arch-mips/usr/lib/libm.so
LOAD /home/jenkins/.local/share/marmalade/mkb/archives/android-ndk-r10d-linux-x86_64-tar-bz2/platforms/android-14/arch-mips/usr/lib/libc.so
LOAD /home/jenkins/.local/share/marmalade/mkb/archives/android-ndk-r10d-linux-x86_64-tar-bz2/toolchains/mipsel-linux-android-4.8/prebuilt/linux-x86_64/bin/../lib/gcc/mipsel-linux-android/4.8/libgcc.a
LOAD /home/jenkins/.local/share/marmalade/mkb/archives/android-ndk-r10d-linux-x86_64-tar-bz2/platforms/android-14/arch-mips/usr/lib/libc.so
LOAD /home/jenkins/.local/share/marmalade/mkb/archives/android-ndk-r10d-linux-x86_64-tar-bz2/platforms/android-14/arch-mips/usr/lib/libdl.so
LOAD /home/jenkins/.local/share/marmalade/mkb/archives/android-ndk-r10d-linux-x86_64-tar-bz2/toolchains/mipsel-linux-android-4.8/prebuilt/linux-x86_64/bin/../lib/gcc/mipsel-linux-android/4.8/libgcc.a
LOAD /home/jenkins/.local/share/marmalade/mkb/archives/android-ndk-r10d-linux-x86_64-tar-bz2/platforms/android-14/arch-mips/usr/lib/crtend_so.o
                0x0000000000000154                . = (0x0 + SIZEOF_HEADERS)

.MIPS.abiflags  0x0000000000000158       0x18
 *(.MIPS.abiflags)
 .MIPS.abiflags
                0x0000000000000158       0x18 /home/jenkins/.local/share/marmalade/mkb/archives/android-ndk-r10d-linux-x86_64-tar-bz2/platforms/android-14/arch-mips/usr/lib/crtbegin_so.o

.reginfo        0x0000000000000170       0x18
 *(.reginfo)
 .reginfo       0x0000000000000170       0x18 /home/jenkins/.local/share/marmalade/mkb/archives/android-ndk-r10d-linux-x86_64-tar-bz2/platforms/android-14/arch-mips/usr/lib/crtbegin_so.o

.note.gnu.build-id
 *(.note.gnu.build-id)

.hash           0x0000000000000188      0x144
 *(.hash)
 .hash          0x0000000000000188      0x144 /home/jenkins/.local/share/marmalade/mkb/archives/android-ndk-r10d-linux-x86_64-tar-bz2/platforms/android-14/arch-mips/usr/lib/crtbegin_so.o

.gnu.hash
 *(.gnu.hash)

.dynsym         0x00000000000002cc      0x2a0
 *(.dynsym)
 .dynsym        0x00000000000002cc      0x2a0 /home/jenkins/.local/share/marmalade/mkb/archives/android-ndk-r10d-linux-x86_64-tar-bz2/platforms/android-14/arch-mips/usr/lib/crtbegin_so.o

.dynstr         0x000000000000056c      0x26e
 *(.dynstr)
 .dynstr        0x000000000000056c      0x26e /home/jenkins/.local/share/marmalade/mkb/archives/android-ndk-r10d-linux-x86_64-tar-bz2/platforms/android-14/arch-mips/usr/lib/crtbegin_so.o

.gnu.version    0x00000000000007da        0x0
 *(.gnu.version)
 .gnu.version   0x0000000000000000        0x0 /home/jenkins/.local/share/marmalade/mkb/archives/android-ndk-r10d-linux-x86_64-tar-bz2/platforms/android-14/arch-mips/usr/lib/crtbegin_so.o

.gnu.version_d  0x00000000000007dc        0x0
 *(.gnu.version_d)
 .gnu.version_d
                0x0000000000000000        0x0 /home/jenkins/.local/share/marmalade/mkb/archives/android-ndk-r10d-linux-x86_64-tar-bz2/platforms/android-14/arch-mips/usr/lib/crtbegin_so.o

.gnu.version_r  0x00000000000007dc        0x0
 *(.gnu.version_r)
 .gnu.version_r
                0x0000000000000000        0x0 /home/jenkins/.local/share/marmalade/mkb/archives/android-ndk-r10d-linux-x86_64-tar-bz2/platforms/android-14/arch-mips/usr/lib/crtbegin_so.o

.rel.dyn        0x00000000000007dc       0x40
 *(.rel.init)
 *(.rel.text .rel.text.* .rel.gnu.linkonce.t.*)
 *(.rel.fini)
 *(.rel.rodata .rel.rodata.* .rel.gnu.linkonce.r.*)
 *(.rel.data.rel.ro .rel.data.rel.ro.* .rel.gnu.linkonce.d.rel.ro.*)
 *(.rel.data .rel.data.* .rel.gnu.linkonce.d.*)
 *(.rel.tdata .rel.tdata.* .rel.gnu.linkonce.td.*)
 *(.rel.tbss .rel.tbss.* .rel.gnu.linkonce.tb.*)
 *(.rel.ctors)
 *(.rel.dtors)
 *(.rel.got)
 *(.rel.dyn)
 .rel.dyn       0x00000000000007dc       0x40 /home/jenkins/.local/share/marmalade/mkb/archives/android-ndk-r10d-linux-x86_64-tar-bz2/platforms/android-14/arch-mips/usr/lib/crtbegin_so.o
 *(.rel.sdata .rel.sdata.* .rel.gnu.linkonce.s.*)
 *(.rel.sbss .rel.sbss.* .rel.gnu.linkonce.sb.*)
 *(.rel.sdata2 .rel.sdata2.* .rel.gnu.linkonce.s2.*)
 *(.rel.sbss2 .rel.sbss2.* .rel.gnu.linkonce.sb2.*)
 *(.rel.bss .rel.bss.* .rel.gnu.linkonce.b.*)
 *(.rel.iplt)

.rela.dyn
 *(.rela.init)
 *(.rela.text .rela.text.* .rela.gnu.linkonce.t.*)
 *(.rela.fini)
 *(.rela.rodata .rela.rodata.* .rela.gnu.linkonce.r.*)
 *(.rela.data .rela.data.* .rela.gnu.linkonce.d.*)
 *(.rela.tdata .rela.tdata.* .rela.gnu.linkonce.td.*)
 *(.rela.tbss .rela.tbss.* .rela.gnu.linkonce.tb.*)
 *(.rela.ctors)
 *(.rela.dtors)
 *(.rela.got)
 *(.rela.sdata .rela.sdata.* .rela.gnu.linkonce.s.*)
 *(.rela.sbss .rela.sbss.* .rela.gnu.linkonce.sb.*)
 *(.rela.sdata2 .rela.sdata2.* .rela.gnu.linkonce.s2.*)
 *(.rela.sbss2 .rela.sbss2.* .rela.gnu.linkonce.sb2.*)
 *(.rela.bss .rela.bss.* .rela.gnu.linkonce.b.*)
 *(.rela.iplt)

.rel.plt        0x000000000000081c        0x0
 *(.rel.plt)
 .rel.plt       0x0000000000000000        0x0 /home/jenkins/.local/share/marmalade/mkb/archives/android-ndk-r10d-linux-x86_64-tar-bz2/platforms/android-14/arch-mips/usr/lib/crtbegin_so.o

.rela.plt
 *(.rela.plt)

.init
 *(SORT(.init))

.text           0x0000000000000820     0x25e0
                0x0000000000000820                _ftext = .
 *(.text.unlikely .text.*_unlikely .text.unlikely.*)
 *(.text.exit .text.exit.*)
 .text.exit     0x0000000000000820       0x18 /home/jenkins/.local/share/marmalade/mkb/archives/android-ndk-r10d-linux-x86_64-tar-bz2/platforms/android-14/arch-mips/usr/lib/crtbegin_so.o
                0x0000000000000820                __on_dlclose
 *(.text.startup .text.startup.*)
 .text.startup  0x0000000000000838       0xac /workspaces/jenkins/workspace/ReleaseLinuxFullBinaries/sdk/s3e/edk/lib/android/mips/libedk.a(IwDebug.o)
 *(.text.hot .text.hot.*)
 *(.text .stub .text.* .gnu.linkonce.t.*)
 *fill*         0x00000000000008e4        0xc 
 .text          0x00000000000008f0       0x40 /home/jenkins/.local/share/marmalade/mkb/archives/android-ndk-r10d-linux-x86_64-tar-bz2/platforms/android-14/arch-mips/usr/lib/crtbegin_so.o
                0x00000000000008f0                __atexit_handler_wrapper
                0x0000000000000908                atexit
 .text          0x0000000000000930      0x7b0 debug/s3eDialog_platform.os
                0x0000000000000b38                Dialog_dialogCallback(_JNIEnv*, _jobject*, int, int)
                0x0000000000000bcc                s3eDialogInit_platform()
                0x0000000000000f08                s3eDialogTerminate_platform()
                0x0000000000000f28                s3eDialogAlertBox_platform(s3eDialogAlertInfo*)
 .text._ZN7_JNIEnv9FindClassEPKc
                0x00000000000010e0       0x50 debug/s3eDialog_platform.os
                0x00000000000010e0                _JNIEnv::FindClass(char const*)
 .text._ZN7_JNIEnv17ExceptionOccurredEv
                0x0000000000001130       0x48 debug/s3eDialog_platform.os
                0x0000000000001130                _JNIEnv::ExceptionOccurred()
 .text._ZN7_JNIEnv17ExceptionDescribeEv
                0x0000000000001178       0x48 debug/s3eDialog_platform.os
                0x0000000000001178                _JNIEnv::ExceptionDescribe()
 .text._ZN7_JNIEnv14ExceptionClearEv
                0x00000000000011c0       0x48 debug/s3eDialog_platform.os
                0x00000000000011c0                _JNIEnv::ExceptionClear()
 .text._ZN7_JNIEnv12NewGlobalRefEP8_jobject
                0x0000000000001208       0x50 debug/s3eDialog_platform.os
                0x0000000000001208                _JNIEnv::NewGlobalRef(_jobject*)
 .text._ZN7_JNIEnv15DeleteGlobalRefEP8_jobject
                0x0000000000001258       0x50 debug/s3eDialog_platform.os
                0x0000000000001258                _JNIEnv::DeleteGlobalRef(_jobject*)
 .text._ZN7_JNIEnv14DeleteLocalRefEP8_jobject
                0x00000000000012a8       0x50 debug/s3eDialog_platform.os
                0x00000000000012a8                _JNIEnv::DeleteLocalRef(_jobject*)
 .text._ZN7_JNIEnv9NewObjectEP7_jclassP10_jmethodIDz
                0x00000000000012f8       0x74 debug/s3eDialog_platform.os
                0x00000000000012f8                _JNIEnv::NewObject(_jclass*, _jmethodID*, ...)
 .text._ZN7_JNIEnv11GetMethodIDEP7_jclassPKcS3_
                0x000000000000136c       0x60 debug/s3eDialog_platform.os
                0x000000000000136c                _JNIEnv::GetMethodID(_jclass*, char const*, char const*)
 .text._ZN7_JNIEnv17CallBooleanMethodEP8_jobjectP10_jmethodIDz
                0x00000000000013cc       0x74 debug/s3eDialog_platform.os
                0x00000000000013cc                _JNIEnv::CallBooleanMethod(_jobject*, _jmethodID*, ...)
 .text._ZN7_JNIEnv12NewStringUTFEPKc
                0x0000000000001440       0x50 debug/s3eDialog_platform.os
                0x0000000000001440                _JNIEnv::NewStringUTF(char const*)
 .text._ZN7_JNIEnv15RegisterNativesEP7_jclassPK15JNINativeMethodi
                0x0000000000001490       0x60 debug/s3eDialog_platform.os
                0x0000000000001490                _JNIEnv::RegisterNatives(_jclass*, JNINativeMethod const*, int)
 .text._ZN7_JavaVM6GetEnvEPPvi
                0x00000000000014f0       0x58 debug/s3eDialog_platform.os
                0x00000000000014f0                _JavaVM::GetEnv(void**, int)
 *fill*         0x0000000000001548        0x8 
 .text          0x0000000000001550      0x1e0 debug/s3eDialog.os
                0x0000000000001550                s3eDialogInit()
                0x000000000000159c                s3eDialogRegister
                0x0000000000001618                s3eDialogUnRegister
                0x0000000000001688                s3eDialogTerminate()
                0x00000000000016d4                s3eDialogAlertBox
 .text          0x0000000000001730      0x280 debug/s3eDialog_register.os
                0x0000000000001730                s3eDialogGetErrorString
                0x0000000000001754                s3eDialogGetError
                0x000000000000186c                s3eDialogRegisterExt()
                0x0000000000001958                RegisterExt
 .text          0x00000000000019b0       0xd0 /workspaces/jenkins/workspace/ReleaseLinuxFullBinaries/sdk/s3e/edk/lib/android/mips/libedk.a(edk_helpers.o)
                0x00000000000019b0                s3eEdkErrorSetString
                0x00000000000019f4                s3eEdkThreadRunOnOS
                0x0000000000001a34                s3eEdkThreadRunOnOSAsync
 .text          0x0000000000001a80      0xf10 /workspaces/jenkins/workspace/ReleaseLinuxFullBinaries/sdk/s3e/edk/lib/android/mips/libedk.a(IwDebug.o)
                0x0000000000001a80                IwDebugClearConfigCache
                0x0000000000001b14                IwDebugAssertIsChannelOn
                0x0000000000001ccc                IwDebugAssertShow
                0x0000000000001ffc                IwDebugAssertSetSolution
                0x00000000000020f4                IwDebugAssertSetMessage
                0x000000000000221c                IwAssertRegisterTextCallback
                0x0000000000002238                IwAssertRegisterCallback
                0x0000000000002254                IwDebugTraceDisable
                0x0000000000002274                IwDebugTraceIsChannelOn
                0x00000000000024dc                IwDebugTraceSetTraceChannel
                0x00000000000024f4                IwDebugTraceChannelSwitch
                0x0000000000002684                IwDebugTraceLineVPrintf
                0x00000000000027d8                IwDebugTraceLinePrintf
                0x000000000000281c                IwDebugErrorRegisterCallback
                0x0000000000002838                IwDebugErrorShow
                0x0000000000002978                IwDebugAssertSetUID
 .text          0x0000000000002990      0x470 /home/jenkins/.local/share/marmalade/mkb/archives/android-ndk-r10d-linux-x86_64-tar-bz2/toolchains/mipsel-linux-android-4.8/prebuilt/linux-x86_64/bin/../lib/gcc/mipsel-linux-android/4.8/libgcc.a(_moddi3.o)
                0x0000000000002990                __moddi3
 .text          0x0000000000002e00        0x0 /home/jenkins/.local/share/marmalade/mkb/archives/android-ndk-r10d-linux-x86_64-tar-bz2/platforms/android-14/arch-mips/usr/lib/crtend_so.o
 *(.gnu.warning)
 *(.mips16.fn.*)
 *(.mips16.call.*)

.MIPS.stubs     0x0000000000002e00      0x1d0
 .MIPS.stubs    0x0000000000002e00      0x1d0 /home/jenkins/.local/share/marmalade/mkb/archives/android-ndk-r10d-linux-x86_64-tar-bz2/platforms/android-14/arch-mips/usr/lib/crtbegin_so.o
                0x0000000000002e00                _MIPS_STUBS_
                0x0000000000002e00                s3eDebugErrorShow
                0x0000000000002e10                snprintf
                0x0000000000002e20                s3eEdkCallbacksUnRegister
                0x0000000000002e30                s3eTimerGetUTC
                0x0000000000002e40                s3eEdkCallbacksEnqueue
                0x0000000000002e50                s3eEdkLibraryGetSymbol
                0x0000000000002e60                __cxa_finalize
                0x0000000000002e70                vsnprintf
                0x0000000000002e80                s3eDebugAssertShow
                0x0000000000002e90                s3eDebugSetInt
                0x0000000000002ea0                strncpy
                0x0000000000002eb0                __cxa_atexit
                0x0000000000002ec0                s3eEdkThreadRunOnOSAsyncV
                0x0000000000002ed0                strncat
                0x0000000000002ee0                s3eEdkCallbacksRegister
                0x0000000000002ef0                localtime
                0x0000000000002f00                memset
                0x0000000000002f10                s3eConfigGetInt
                0x0000000000002f20                time
                0x0000000000002f30                sprintf
                0x0000000000002f40                s3eEdkJNIGetVM
                0x0000000000002f50                strftime
                0x0000000000002f60                s3eEdkThreadRunOnOSV
                0x0000000000002f70                s3eEdkErrorGet
                0x0000000000002f80                s3eDebugTraceLine
                0x0000000000002f90                strlen
                0x0000000000002fa0                s3eEdkErrorSetStringV
                0x0000000000002fb0                s3eDebugIsDebuggerPresent

.fini
 *(SORT(.fini))
                0x0000000000002fd0                PROVIDE (__etext, .)
                0x0000000000002fd0                PROVIDE (_etext, .)
                0x0000000000002fd0                PROVIDE (etext, .)

.rodata         0x0000000000002fd0      0x29c
 *(.rodata .rodata.* .gnu.linkonce.r.*)
 .rodata        0x0000000000002fd0      0x100 debug/s3eDialog_platform.os
 .rodata        0x00000000000030d0       0x80 debug/s3eDialog_register.os
 .rodata.str1.4
                0x0000000000003150      0x11c /workspaces/jenkins/workspace/ReleaseLinuxFullBinaries/sdk/s3e/edk/lib/android/mips/libedk.a(IwDebug.o)
                                        0x120 (size before relaxing)

.rodata1
 *(.rodata1)

.eh_frame_hdr   0x000000000000326c       0x14
 *(.eh_frame_hdr)
 .eh_frame_hdr  0x000000000000326c       0x14 /home/jenkins/.local/share/marmalade/mkb/archives/android-ndk-r10d-linux-x86_64-tar-bz2/toolchains/mipsel-linux-android-4.8/prebuilt/linux-x86_64/bin/../lib/gcc/mipsel-linux-android/4.8/libgcc.a(_moddi3.o)

.eh_frame       0x0000000000003280       0x28
 *(.eh_frame)
 .eh_frame      0x0000000000003280       0x28 /home/jenkins/.local/share/marmalade/mkb/archives/android-ndk-r10d-linux-x86_64-tar-bz2/toolchains/mipsel-linux-android-4.8/prebuilt/linux-x86_64/bin/../lib/gcc/mipsel-linux-android/4.8/libgcc.a(_moddi3.o)

.gcc_except_table
 *(.gcc_except_table .gcc_except_table.*)

.exception_ranges
 *(.exception_ranges .exception_ranges*)

.plt            0x00000000000032a8        0x0
 *(.plt)
 .plt           0x0000000000000000        0x0 /home/jenkins/.local/share/marmalade/mkb/archives/android-ndk-r10d-linux-x86_64-tar-bz2/platforms/android-14/arch-mips/usr/lib/crtbegin_so.o

.iplt
 *(.iplt)
                0x0000000000010000                . = ALIGN (0x10000)
                0x0000000000010ec4                . = DATA_SEGMENT_ALIGN (0x10000, 0x1000)

.eh_frame
 *(.eh_frame)

.gcc_except_table
 *(.gcc_except_table .gcc_except_table.*)

.exception_ranges
 *(.exception_ranges .exception_ranges*)

.tdata
 *(.tdata .tdata.* .gnu.linkonce.td.*)

.tbss
 *(.tbss .tbss.* .gnu.linkonce.tb.*)
 *(.tcommon)
                0x0000000000010ec4                . = ALIGN (0x4)

.preinit_array
 *(.preinit_array)

.init_array     0x0000000000010ec4        0x8
 *crtbegin*.o(.init_array)
 *(SORT(.init_array.*) SORT(.ctors.*))
 *(.init_array EXCLUDE_FILE(*crtend*.o *crtend.o *crtbegin*.o *crtbegin.o) .ctors)
 .init_array    0x0000000000010ec4        0x4 /workspaces/jenkins/workspace/ReleaseLinuxFullBinaries/sdk/s3e/edk/lib/android/mips/libedk.a(IwDebug.o)
 .init_array    0x0000000000010ec8        0x4 /home/jenkins/.local/share/marmalade/mkb/archives/android-ndk-r10d-linux-x86_64-tar-bz2/platforms/android-14/arch-mips/usr/lib/crtend_so.o

.fini_array     0x0000000000010ecc        0x8
 *crtbegin*.o(.fini_array)
 .fini_array    0x0000000000010ecc        0x4 /home/jenkins/.local/share/marmalade/mkb/archives/android-ndk-r10d-linux-x86_64-tar-bz2/platforms/android-14/arch-mips/usr/lib/crtbegin_so.o
 *(SORT(.fini_array.*) SORT(.dtors.*))
 *(.fini_array EXCLUDE_FILE(*crtend*.o *crtend.o *crtbegin*.o *crtbegin.o) .dtors)
 .fini_array    0x0000000000010ed0        0x4 /home/jenkins/.local/share/marmalade/mkb/archives/android-ndk-r10d-linux-x86_64-tar-bz2/platforms/android-14/arch-mips/usr/lib/crtend_so.o

.ctors
 *crtbegin.o(.ctors)
 *crtbegin*.o(.ctors)
 *(EXCLUDE_FILE(*crtend*.o *crtend.o) .ctors)
 *(SORT(.ctors.*))
 *(.ctors)

.dtors
 *crtbegin.o(.dtors)
 *crtbegin*.o(.dtors)
 *(EXCLUDE_FILE(*crtend*.o *crtend.o) .dtors)
 *(SORT(.dtors.*))
 *(.dtors)

.jcr
 *(.jcr)

.data.rel.ro    0x0000000000010ed4        0xc
 *(.data.rel.ro.local* .gnu.linkonce.d.rel.ro.local.*)
 *(.data.rel.ro .data.rel.ro.* .gnu.linkonce.d.rel.ro.*)
 .data.rel.ro   0x0000000000010ed4        0xc debug/s3eDialog_platform.os

.got.plt        0x0000000000010ee0        0x0
 *(.got.plt)
 .got.plt       0x0000000000000000        0x0 /home/jenkins/.local/share/marmalade/mkb/archives/android-ndk-r10d-linux-x86_64-tar-bz2/platforms/android-14/arch-mips/usr/lib/crtbegin_so.o

.dynamic        0x0000000000010ee0      0x120
 *(.dynamic)
 .dynamic       0x0000000000010ee0      0x120 /home/jenkins/.local/share/marmalade/mkb/archives/android-ndk-r10d-linux-x86_64-tar-bz2/platforms/android-14/arch-mips/usr/lib/crtbegin_so.o
                0x0000000000010ee0                _DYNAMIC
                0x0000000000011000                . = DATA_SEGMENT_RELRO_END (., 0x0)

.data           0x0000000000011000       0x10
                0x0000000000011000                _fdata = .
 *(.data .data.* .gnu.linkonce.d.*)
 .data          0x0000000000011000       0x10 /home/jenkins/.local/share/marmalade/mkb/archives/android-ndk-r10d-linux-x86_64-tar-bz2/platforms/android-14/arch-mips/usr/lib/crtbegin_so.o
                0x0000000000011000                __dso_handle
 .data          0x0000000000011010        0x0 debug/s3eDialog_platform.os
 .data          0x0000000000011010        0x0 debug/s3eDialog.os
 .data          0x0000000000011010        0x0 debug/s3eDialog_register.os
 .data          0x0000000000011010        0x0 /workspaces/jenkins/workspace/ReleaseLinuxFullBinaries/sdk/s3e/edk/lib/android/mips/libedk.a(edk_helpers.o)
 .data          0x0000000000011010        0x0 /workspaces/jenkins/workspace/ReleaseLinuxFullBinaries/sdk/s3e/edk/lib/android/mips/libedk.a(IwDebug.o)
 .data          0x0000000000011010        0x0 /home/jenkins/.local/share/marmalade/mkb/archives/android-ndk-r10d-linux-x86_64-tar-bz2/toolchains/mipsel-linux-android-4.8/prebuilt/linux-x86_64/bin/../lib/gcc/mipsel-linux-android/4.8/libgcc.a(_moddi3.o)
 .data          0x0000000000011010        0x0 /home/jenkins/.local/share/marmalade/mkb/archives/android-ndk-r10d-linux-x86_64-tar-bz2/platforms/android-14/arch-mips/usr/lib/crtend_so.o

.data1
 *(.data1)
                0x0000000000011010                . = .
                0x0000000000011010                . = .
                0x0000000000019000                _gp = (ALIGN (0x10) + 0x7ff0)

.got            0x0000000000011010      0x110
 *(.got)
 .got           0x0000000000011010      0x110 /home/jenkins/.local/share/marmalade/mkb/archives/android-ndk-r10d-linux-x86_64-tar-bz2/platforms/android-14/arch-mips/usr/lib/crtbegin_so.o
                0x0000000000011010                _GLOBAL_OFFSET_TABLE_

.sdata
 *(.sdata2 .sdata2.* .gnu.linkonce.s2.*)
 *(.sdata .sdata.* .gnu.linkonce.s.*)

.lit8
 *(.lit8)

.lit4
 *(.lit4)
                0x0000000000011120                _edata = .
                0x0000000000011120                PROVIDE (edata, .)
                0x0000000000011120                . = .
                0x0000000000011120                __bss_start = .
                0x0000000000011120                _fbss = .

.sbss
 *(.sbss2 .sbss2.* .gnu.linkonce.sb2.*)
 *(.dynsbss)
 *(.sbss .sbss.* .gnu.linkonce.sb.*)
 *(.scommon)

.bss            0x0000000000011120     0x1a40
 *(.dynbss)
 .dynbss        0x0000000000000000        0x0 /home/jenkins/.local/share/marmalade/mkb/archives/android-ndk-r10d-linux-x86_64-tar-bz2/platforms/android-14/arch-mips/usr/lib/crtbegin_so.o
 *(.bss .bss.* .gnu.linkonce.b.*)
 .bss           0x0000000000011120        0x0 /home/jenkins/.local/share/marmalade/mkb/archives/android-ndk-r10d-linux-x86_64-tar-bz2/platforms/android-14/arch-mips/usr/lib/crtbegin_so.o
 .bss           0x0000000000011120       0x10 debug/s3eDialog_platform.os
 .bss           0x0000000000011130        0x0 debug/s3eDialog.os
 .bss           0x0000000000011130        0x0 debug/s3eDialog_register.os
 .bss           0x0000000000011130        0x0 /workspaces/jenkins/workspace/ReleaseLinuxFullBinaries/sdk/s3e/edk/lib/android/mips/libedk.a(edk_helpers.o)
 .bss           0x0000000000011130     0x1a30 /workspaces/jenkins/workspace/ReleaseLinuxFullBinaries/sdk/s3e/edk/lib/android/mips/libedk.a(IwDebug.o)
                0x0000000000011130                g_DebugGlobals
 .bss           0x0000000000012b60        0x0 /home/jenkins/.local/share/marmalade/mkb/archives/android-ndk-r10d-linux-x86_64-tar-bz2/toolchains/mipsel-linux-android-4.8/prebuilt/linux-x86_64/bin/../lib/gcc/mipsel-linux-android/4.8/libgcc.a(_moddi3.o)
 .bss           0x0000000000012b60        0x0 /home/jenkins/.local/share/marmalade/mkb/archives/android-ndk-r10d-linux-x86_64-tar-bz2/platforms/android-14/arch-mips/usr/lib/crtend_so.o
 *(COMMON)
                0x0000000000012b60                . = ALIGN (0x4)
                0x0000000000012b60                . = ALIGN (0x4)
                0x0000000000012b60                . = SEGMENT_START ("ldata-segment", .)
                0x0000000000012b60                . = ALIGN (0x4)
                0x0000000000012b60                _end = .
                0x0000000000012b60                _bss_end__ = .
                0x0000000000012b60                __bss_end__ = .
                0x0000000000012b60                __end__ = .
                0x0000000000012b60                PROVIDE (end, .)
                0x0000000000012b60                . = DATA_SEGMENT_END (.)

.stab
 *(.stab)

.stabstr
 *(.stabstr)

.stab.excl
 *(.stab.excl)

.stab.exclstr
 *(.stab.exclstr)

.stab.index
 *(.stab.index)

.stab.indexstr
 *(.stab.indexstr)

.comment        0x0000000000000000       0x34
 *(.comment)
 .comment       0x0000000000000000       0x25 /home/jenkins/.local/share/marmalade/mkb/archives/android-ndk-r10d-linux-x86_64-tar-bz2/platforms/android-14/arch-mips/usr/lib/crtbegin_so.o
                                         0x26 (size before relaxing)
 .comment       0x0000000000000025        0xf debug/s3eDialog_platform.os
                                         0x10 (size before relaxing)
 .comment       0x0000000000000000       0x10 debug/s3eDialog.os
 .comment       0x0000000000000000       0x10 debug/s3eDialog_register.os
 .comment       0x0000000000000000       0x10 /workspaces/jenkins/workspace/ReleaseLinuxFullBinaries/sdk/s3e/edk/lib/android/mips/libedk.a(edk_helpers.o)
 .comment       0x0000000000000000       0x10 /workspaces/jenkins/workspace/ReleaseLinuxFullBinaries/sdk/s3e/edk/lib/android/mips/libedk.a(IwDebug.o)
 .comment       0x0000000000000000       0x10 /home/jenkins/.local/share/marmalade/mkb/archives/android-ndk-r10d-linux-x86_64-tar-bz2/toolchains/mipsel-linux-android-4.8/prebuilt/linux-x86_64/bin/../lib/gcc/mipsel-linux-android/4.8/libgcc.a(_moddi3.o)

.pdr            0x0000000000000000      0x6c0
 .pdr           0x0000000000000000       0x60 /home/jenkins/.local/share/marmalade/mkb/archives/android-ndk-r10d-linux-x86_64-tar-bz2/platforms/android-14/arch-mips/usr/lib/crtbegin_so.o
 .pdr           0x0000000000000060      0x280 debug/s3eDialog_platform.os
 .pdr           0x00000000000002e0       0xa0 debug/s3eDialog.os
 .pdr           0x0000000000000380       0xa0 debug/s3eDialog_register.os
 .pdr           0x0000000000000420       0x60 /workspaces/jenkins/workspace/ReleaseLinuxFullBinaries/sdk/s3e/edk/lib/android/mips/libedk.a(edk_helpers.o)
 .pdr           0x0000000000000480      0x220 /workspaces/jenkins/workspace/ReleaseLinuxFullBinaries/sdk/s3e/edk/lib/android/mips/libedk.a(IwDebug.o)
 .pdr           0x00000000000006a0       0x20 /home/jenkins/.local/share/marmalade/mkb/archives/android-ndk-r10d-linux-x86_64-tar-bz2/toolchains/mipsel-linux-android-4.8/prebuilt/linux-x86_64/bin/../lib/gcc/mipsel-linux-android/4.8/libgcc.a(_moddi3.o)
 .pdr           0x00000000000006c0        0x0 /home/jenkins/.local/share/marmalade/mkb/archives/android-ndk-r10d-linux-x86_64-tar-bz2/platforms/android-14/arch-mips/usr/lib/crtend_so.o

.debug
 *(.debug)

.line
 *(.line)

.debug_srcinfo
 *(.debug_srcinfo)

.debug_sfnames
 *(.debug_sfnames)

.debug_aranges  0x0000000000000000       0xe8
 *(.debug_aranges)
 .debug_aranges
                0x0000000000000000       0x88 debug/s3eDialog_platform.os
 .debug_aranges
                0x0000000000000088       0x20 debug/s3eDialog.os
 .debug_aranges
                0x00000000000000a8       0x20 debug/s3eDialog_register.os
 .debug_aranges
                0x00000000000000c8       0x20 /home/jenkins/.local/share/marmalade/mkb/archives/android-ndk-r10d-linux-x86_64-tar-bz2/toolchains/mipsel-linux-android-4.8/prebuilt/linux-x86_64/bin/../lib/gcc/mipsel-linux-android/4.8/libgcc.a(_moddi3.o)

.debug_pubnames
 *(.debug_pubnames)

.debug_info     0x0000000000000000     0x65e3
 *(.debug_info .gnu.linkonce.wi.*)
 .debug_info    0x0000000000000000     0x5aad debug/s3eDialog_platform.os
 .debug_info    0x0000000000005aad      0x230 debug/s3eDialog.os
 .debug_info    0x0000000000005cdd      0x2a6 debug/s3eDialog_register.os
 .debug_info    0x0000000000005f83      0x660 /home/jenkins/.local/share/marmalade/mkb/archives/android-ndk-r10d-linux-x86_64-tar-bz2/toolchains/mipsel-linux-android-4.8/prebuilt/linux-x86_64/bin/../lib/gcc/mipsel-linux-android/4.8/libgcc.a(_moddi3.o)

.debug_abbrev   0x0000000000000000      0x763
 *(.debug_abbrev)
 .debug_abbrev  0x0000000000000000      0x2e5 debug/s3eDialog_platform.os
 .debug_abbrev  0x00000000000002e5      0x15e debug/s3eDialog.os
 .debug_abbrev  0x0000000000000443      0x19f debug/s3eDialog_register.os
 .debug_abbrev  0x00000000000005e2      0x181 /home/jenkins/.local/share/marmalade/mkb/archives/android-ndk-r10d-linux-x86_64-tar-bz2/toolchains/mipsel-linux-android-4.8/prebuilt/linux-x86_64/bin/../lib/gcc/mipsel-linux-android/4.8/libgcc.a(_moddi3.o)

.debug_line     0x0000000000000000      0x6af
 *(.debug_line .debug_line.* .debug_line_end)
 .debug_line    0x0000000000000000      0x379 debug/s3eDialog_platform.os
 .debug_line    0x0000000000000379       0xee debug/s3eDialog.os
 .debug_line    0x0000000000000467      0x12b debug/s3eDialog_register.os
 .debug_line    0x0000000000000592      0x11d /home/jenkins/.local/share/marmalade/mkb/archives/android-ndk-r10d-linux-x86_64-tar-bz2/toolchains/mipsel-linux-android-4.8/prebuilt/linux-x86_64/bin/../lib/gcc/mipsel-linux-android/4.8/libgcc.a(_moddi3.o)

.debug_frame    0x0000000000000000      0x468
 *(.debug_frame)
 .debug_frame   0x0000000000000000      0x2e4 debug/s3eDialog_platform.os
 .debug_frame   0x00000000000002e4       0xc4 debug/s3eDialog.os
 .debug_frame   0x00000000000003a8       0xc0 debug/s3eDialog_register.os

.debug_str      0x0000000000000000     0x4cec
 *(.debug_str)
 .debug_str     0x0000000000000000     0x48c3 debug/s3eDialog_platform.os
                                       0x4a54 (size before relaxing)
 .debug_str     0x00000000000048c3       0xff debug/s3eDialog.os
                                        0x369 (size before relaxing)
 .debug_str     0x00000000000049c2      0x162 debug/s3eDialog_register.os
                                        0x3a6 (size before relaxing)
 .debug_str     0x0000000000004b24      0x1c8 /home/jenkins/.local/share/marmalade/mkb/archives/android-ndk-r10d-linux-x86_64-tar-bz2/toolchains/mipsel-linux-android-4.8/prebuilt/linux-x86_64/bin/../lib/gcc/mipsel-linux-android/4.8/libgcc.a(_moddi3.o)
                                        0x275 (size before relaxing)

.debug_loc      0x0000000000000000      0x905
 *(.debug_loc)
 .debug_loc     0x0000000000000000      0x905 /home/jenkins/.local/share/marmalade/mkb/archives/android-ndk-r10d-linux-x86_64-tar-bz2/toolchains/mipsel-linux-android-4.8/prebuilt/linux-x86_64/bin/../lib/gcc/mipsel-linux-android/4.8/libgcc.a(_moddi3.o)

.debug_macinfo
 *(.debug_macinfo)

.debug_weaknames
 *(.debug_weaknames)

.debug_funcnames
 *(.debug_funcnames)

.debug_typenames
 *(.debug_typenames)

.debug_varnames
 *(.debug_varnames)

.debug_pubtypes
 *(.debug_pubtypes)

.debug_ranges   0x0000000000000000      0x110
 *(.debug_ranges)
 .debug_ranges  0x0000000000000000       0x78 debug/s3eDialog_platform.os
 .debug_ranges  0x0000000000000078       0x98 /home/jenkins/.local/share/marmalade/mkb/archives/android-ndk-r10d-linux-x86_64-tar-bz2/toolchains/mipsel-linux-android-4.8/prebuilt/linux-x86_64/bin/../lib/gcc/mipsel-linux-android/4.8/libgcc.a(_moddi3.o)

.debug_macro
 *(.debug_macro)

.gnu.attributes
                0x0000000000000000       0x10
 *(.gnu.attributes)
 .gnu.attributes
                0x0000000000000000       0x10 /home/jenkins/.local/share/marmalade/mkb/archives/android-ndk-r10d-linux-x86_64-tar-bz2/platforms/android-14/arch-mips/usr/lib/crtbegin_so.o
 .gnu.attributes
                0x0000000000000010       0x10 debug/s3eDialog_platform.os
 .gnu.attributes
                0x0000000000000020       0x10 debug/s3eDialog.os
 .gnu.attributes
                0x0000000000000030       0x10 debug/s3eDialog_register.os
 .gnu.attributes
                0x0000000000000040       0x10 /workspaces/jenkins/workspace/ReleaseLinuxFullBinaries/sdk/s3e/edk/lib/android/mips/libedk.a(edk_helpers.o)
 .gnu.attributes
                0x0000000000000050       0x10 /workspaces/jenkins/workspace/ReleaseLinuxFullBinaries/sdk/s3e/edk/lib/android/mips/libedk.a(IwDebug.o)
 .gnu.attributes
                0x0000000000000060       0x10 /home/jenkins/.local/share/marmalade/mkb/archives/android-ndk-r10d-linux-x86_64-tar-bz2/toolchains/mipsel-linux-android-4.8/prebuilt/linux-x86_64/bin/../lib/gcc/mipsel-linux-android/4.8/libgcc.a(_moddi3.o)
 .gnu.attributes
                0x0000000000000070       0x10 /home/jenkins/.local/share/marmalade/mkb/archives/android-ndk-r10d-linux-x86_64-tar-bz2/platforms/android-14/arch-mips/usr/lib/crtend_so.o

.gptab.sdata
 *(.gptab.data)
 *(.gptab.sdata)

.gptab.sbss
 *(.gptab.bss)
 *(.gptab.sbss)

.gcc_compiled_long32
 *(.gcc_compiled_long32)

.gcc_compiled_long64
 *(.gcc_compiled_long64)

/DISCARD/
 *(.note.GNU-stack)
 *(.gnu_debuglink)
 *(.gnu.lto_*)
 *(.mdebug.*)
OUTPUT(/workspaces/jenkins/workspace/ReleaseLinuxFullBinaries/sdk/extensions/s3eDialog/lib/android/mips/libs3eDialog_d.so elf32-tradlittlemips)
