# Path: /Users/jenkins/JenkinsWS/workspace/ReleaseMacFullBinaries/sdk/extensions/s3eDialog/lib/osx/libs3eDialog.dylib
# Arch: i386
# Object files:
[  0] linker synthesized
[  1] release/s3eDialog.os
[  2] release/s3eDialog_register.os
[  3] release/s3eDialog_platform.os
[  4] /Users/jenkins/JenkinsWS/workspace/ReleaseMacFullBinaries/sdk/s3e/edk/lib/osx/libedk.a(iwcrt_api_bind.o)
[  5] /Users/jenkins/JenkinsWS/workspace/ReleaseMacFullBinaries/sdk/s3e/edk/lib/osx/libedk.a(iwcrt_api_define.o)
[  6] /Users/jenkins/JenkinsWS/workspace/ReleaseMacFullBinaries/sdk/s3e/edk/lib/osx/libedk.a(edk_helpers.o)
[  7] /Users/jenkins/JenkinsWS/workspace/ReleaseMacFullBinaries/sdk/s3e/edk/lib/osx/libedk.a(IwMain.o)
[  8] /Applications/Xcode.app/Contents/Developer/Platforms/MacOSX.platform/Developer/SDKs/MacOSX10.9.sdk/usr/lib/libSystem.dylib
[  9] /Applications/Xcode.app/Contents/Developer/Platforms/MacOSX.platform/Developer/SDKs/MacOSX10.9.sdk/usr/lib/libobjc.A.dylib
# Sections:
# Address	Size    	Segment	Section
0x00000EA0	0x0000BC52	__TEXT	__text
0x0000CAF2	0x00000054	__TEXT	__symbol_stub
0x0000CB48	0x00000048	__TEXT	__stub_helper
0x0000CB90	0x000033AB	__TEXT	__cstring
0x0000FF3C	0x00000068	__TEXT	__unwind_info
0x0000FFA8	0x0000A04C	__TEXT	__eh_frame
0x0001A000	0x00000024	__DATA	__nl_symbol_ptr
0x0001A024	0x00000038	__DATA	__la_symbol_ptr
0x0001A05C	0x00002D02	__DATA	__data
0x0001CD5E	0x00000300	__DATA	__bss
0x0001E000	0x00000008	__OBJC	__cls_refs
0x0001E008	0x00000020	__OBJC	__message_refs
0x0001E028	0x00000010	__OBJC	__module_info
0x0001E038	0x00000008	__OBJC	__image_info
# Symbols:
# Address	Size    	File  Name
0x00000EA0	0x00000010	[  1] __Z13s3eDialogInitv
0x00000EB0	0x00000040	[  1] _s3eDialogRegister
0x00000EF0	0x00000040	[  1] _s3eDialogUnRegister
0x00000F30	0x00000010	[  1] __Z18s3eDialogTerminatev
0x00000F40	0x00000009	[  1] _s3eDialogAlertBox
0x00000F50	0x00000010	[  2] _s3eDialogGetErrorString
0x00000F60	0x00000020	[  2] _s3eDialogGetError
0x00000F80	0x000000D0	[  2] __Z20s3eDialogRegisterExtv
0x00001050	0x00000030	[  2] __ZL22s3eDialogAlertBox_wrapP18s3eDialogAlertInfo
0x00001080	0x000000C4	[  2] _RegisterExt
0x00001150	0x00000010	[  3] __Z22s3eDialogInit_platformv
0x00001160	0x00000010	[  3] __Z27s3eDialogTerminate_platformv
0x00001170	0x00000010	[  3] __Z26s3eDialogRegister_platform17s3eDialogCallbackPFiPvS0_ES0_
0x00001180	0x00000010	[  3] __Z28s3eDialogUnRegister_platform17s3eDialogCallbackPFiPvS0_E
0x00001190	0x000002CB	[  3] __Z26s3eDialogAlertBox_platformP18s3eDialogAlertInfo
0x00001460	0x00000210	[  4] __IwBindAPI
0x00001670	0x00000022	[  4] __IwAppEntry
0x000016A0	0x00000020	[  5] ___eglBindAPI
0x000016C0	0x00000020	[  5] ___eglBindTexImage
0x000016E0	0x00000020	[  5] ___eglChooseConfig
0x00001700	0x00000020	[  5] ___eglCopyBuffers
0x00001720	0x00000020	[  5] ___eglCreateContext
0x00001740	0x00000020	[  5] ___eglCreatePbufferFromClientBuffer
0x00001760	0x00000020	[  5] ___eglCreatePbufferSurface
0x00001780	0x00000020	[  5] ___eglCreatePixmapSurface
0x000017A0	0x00000020	[  5] ___eglCreateWindowSurface
0x000017C0	0x00000020	[  5] ___eglDestroyContext
0x000017E0	0x00000020	[  5] ___eglDestroySurface
0x00001800	0x00000020	[  5] ___eglGetConfigAttrib
0x00001820	0x00000020	[  5] ___eglGetConfigs
0x00001840	0x00000020	[  5] ___eglGetCurrentContext
0x00001860	0x00000020	[  5] ___eglGetCurrentDisplay
0x00001880	0x00000020	[  5] ___eglGetCurrentSurface
0x000018A0	0x00000020	[  5] ___eglGetDisplay
0x000018C0	0x00000020	[  5] ___eglGetError
0x000018E0	0x00000020	[  5] ___eglGetProcAddress
0x00001900	0x00000020	[  5] ___eglInitialize
0x00001920	0x00000020	[  5] ___eglMakeCurrent
0x00001940	0x00000020	[  5] ___eglQueryAPI
0x00001960	0x00000020	[  5] ___eglQueryContext
0x00001980	0x00000020	[  5] ___eglQueryString
0x000019A0	0x00000020	[  5] ___eglQuerySurface
0x000019C0	0x00000020	[  5] ___eglReleaseTexImage
0x000019E0	0x00000020	[  5] ___eglReleaseThread
0x00001A00	0x00000020	[  5] ___eglSurfaceAttrib
0x00001A20	0x00000020	[  5] ___eglSwapBuffers
0x00001A40	0x00000020	[  5] ___eglSwapInterval
0x00001A60	0x00000020	[  5] ___eglTerminate
0x00001A80	0x00000020	[  5] ___eglWaitClient
0x00001AA0	0x00000020	[  5] ___eglWaitGL
0x00001AC0	0x00000020	[  5] ___eglWaitNative
0x00001AE0	0x00000020	[  5] ___glActiveShaderProgram
0x00001B00	0x00000020	[  5] ___glActiveTexture
0x00001B20	0x00000020	[  5] ___glAlphaFunc
0x00001B40	0x00000020	[  5] ___glAlphaFuncx
0x00001B60	0x00000020	[  5] ___glAttachShader
0x00001B80	0x00000020	[  5] ___glBeginQuery
0x00001BA0	0x00000020	[  5] ___glBeginTransformFeedback
0x00001BC0	0x00000020	[  5] ___glBindAttribLocation
0x00001BE0	0x00000020	[  5] ___glBindBuffer
0x00001C00	0x00000020	[  5] ___glBindBufferBase
0x00001C20	0x00000020	[  5] ___glBindBufferRange
0x00001C40	0x00000020	[  5] ___glBindFramebuffer
0x00001C60	0x00000020	[  5] ___glBindImageTexture
0x00001C80	0x00000020	[  5] ___glBindProgramPipeline
0x00001CA0	0x00000020	[  5] ___glBindRenderbuffer
0x00001CC0	0x00000020	[  5] ___glBindSampler
0x00001CE0	0x00000020	[  5] ___glBindTexture
0x00001D00	0x00000020	[  5] ___glBindTransformFeedback
0x00001D20	0x00000020	[  5] ___glBindVertexArray
0x00001D40	0x00000020	[  5] ___glBindVertexBuffer
0x00001D60	0x00000020	[  5] ___glBlendColor
0x00001D80	0x00000020	[  5] ___glBlendEquation
0x00001DA0	0x00000020	[  5] ___glBlendEquationSeparate
0x00001DC0	0x00000020	[  5] ___glBlendFunc
0x00001DE0	0x00000020	[  5] ___glBlendFuncSeparate
0x00001E00	0x00000020	[  5] ___glBlitFramebuffer
0x00001E20	0x00000020	[  5] ___glBufferData
0x00001E40	0x00000020	[  5] ___glBufferSubData
0x00001E60	0x00000020	[  5] ___glCheckFramebufferStatus
0x00001E80	0x00000020	[  5] ___glClear
0x00001EA0	0x00000020	[  5] ___glClearBufferfi
0x00001EC0	0x00000020	[  5] ___glClearBufferfv
0x00001EE0	0x00000020	[  5] ___glClearBufferiv
0x00001F00	0x00000020	[  5] ___glClearBufferuiv
0x00001F20	0x00000020	[  5] ___glClearColor
0x00001F40	0x00000020	[  5] ___glClearColorx
0x00001F60	0x00000020	[  5] ___glClearDepthf
0x00001F80	0x00000020	[  5] ___glClearDepthx
0x00001FA0	0x00000020	[  5] ___glClearStencil
0x00001FC0	0x00000020	[  5] ___glClientActiveTexture
0x00001FE0	0x00000020	[  5] ___glClientWaitSync
0x00002000	0x00000020	[  5] ___glClipPlanef
0x00002020	0x00000020	[  5] ___glClipPlanex
0x00002040	0x00000020	[  5] ___glColor4f
0x00002060	0x00000020	[  5] ___glColor4ub
0x00002080	0x00000020	[  5] ___glColor4x
0x000020A0	0x00000020	[  5] ___glColorMask
0x000020C0	0x00000020	[  5] ___glColorPointer
0x000020E0	0x00000020	[  5] ___glCompileShader
0x00002100	0x00000020	[  5] ___glCompressedTexImage2D
0x00002120	0x00000020	[  5] ___glCompressedTexImage3D
0x00002140	0x00000020	[  5] ___glCompressedTexSubImage2D
0x00002160	0x00000020	[  5] ___glCompressedTexSubImage3D
0x00002180	0x00000020	[  5] ___glCopyBufferSubData
0x000021A0	0x00000020	[  5] ___glCopyTexImage2D
0x000021C0	0x00000020	[  5] ___glCopyTexSubImage2D
0x000021E0	0x00000020	[  5] ___glCopyTexSubImage3D
0x00002200	0x00000020	[  5] ___glCreateProgram
0x00002220	0x00000020	[  5] ___glCreateShader
0x00002240	0x00000020	[  5] ___glCreateShaderProgramv
0x00002260	0x00000020	[  5] ___glCullFace
0x00002280	0x00000020	[  5] ___glCurrentPaletteMatrixOES
0x000022A0	0x00000020	[  5] ___glDeleteBuffers
0x000022C0	0x00000020	[  5] ___glDeleteFramebuffers
0x000022E0	0x00000020	[  5] ___glDeleteProgram
0x00002300	0x00000020	[  5] ___glDeleteProgramPipelines
0x00002320	0x00000020	[  5] ___glDeleteQueries
0x00002340	0x00000020	[  5] ___glDeleteRenderbuffers
0x00002360	0x00000020	[  5] ___glDeleteSamplers
0x00002380	0x00000020	[  5] ___glDeleteShader
0x000023A0	0x00000020	[  5] ___glDeleteSync
0x000023C0	0x00000020	[  5] ___glDeleteTextures
0x000023E0	0x00000020	[  5] ___glDeleteTransformFeedbacks
0x00002400	0x00000020	[  5] ___glDeleteVertexArrays
0x00002420	0x00000020	[  5] ___glDepthFunc
0x00002440	0x00000020	[  5] ___glDepthMask
0x00002460	0x00000020	[  5] ___glDepthRangef
0x00002480	0x00000020	[  5] ___glDepthRangex
0x000024A0	0x00000020	[  5] ___glDetachShader
0x000024C0	0x00000020	[  5] ___glDisable
0x000024E0	0x00000020	[  5] ___glDisableClientState
0x00002500	0x00000020	[  5] ___glDisableVertexAttribArray
0x00002520	0x00000020	[  5] ___glDispatchCompute
0x00002540	0x00000020	[  5] ___glDispatchComputeIndirect
0x00002560	0x00000020	[  5] ___glDrawArrays
0x00002580	0x00000020	[  5] ___glDrawArraysIndirect
0x000025A0	0x00000020	[  5] ___glDrawArraysInstanced
0x000025C0	0x00000020	[  5] ___glDrawBuffers
0x000025E0	0x00000020	[  5] ___glDrawElements
0x00002600	0x00000020	[  5] ___glDrawElementsIndirect
0x00002620	0x00000020	[  5] ___glDrawElementsInstanced
0x00002640	0x00000020	[  5] ___glDrawRangeElements
0x00002660	0x00000020	[  5] ___glEnable
0x00002680	0x00000020	[  5] ___glEnableClientState
0x000026A0	0x00000020	[  5] ___glEnableVertexAttribArray
0x000026C0	0x00000020	[  5] ___glEndQuery
0x000026E0	0x00000020	[  5] ___glEndTransformFeedback
0x00002700	0x00000020	[  5] ___glFenceSync
0x00002720	0x00000020	[  5] ___glFinish
0x00002740	0x00000020	[  5] ___glFlush
0x00002760	0x00000020	[  5] ___glFlushMappedBufferRange
0x00002780	0x00000020	[  5] ___glFogf
0x000027A0	0x00000020	[  5] ___glFogfv
0x000027C0	0x00000020	[  5] ___glFogx
0x000027E0	0x00000020	[  5] ___glFogxv
0x00002800	0x00000020	[  5] ___glFramebufferParameteri
0x00002820	0x00000020	[  5] ___glFramebufferRenderbuffer
0x00002840	0x00000020	[  5] ___glFramebufferTexture2D
0x00002860	0x00000020	[  5] ___glFramebufferTextureLayer
0x00002880	0x00000020	[  5] ___glFrontFace
0x000028A0	0x00000020	[  5] ___glFrustumf
0x000028C0	0x00000020	[  5] ___glFrustumx
0x000028E0	0x00000020	[  5] ___glGenBuffers
0x00002900	0x00000020	[  5] ___glGenFramebuffers
0x00002920	0x00000020	[  5] ___glGenProgramPipelines
0x00002940	0x00000020	[  5] ___glGenQueries
0x00002960	0x00000020	[  5] ___glGenRenderbuffers
0x00002980	0x00000020	[  5] ___glGenSamplers
0x000029A0	0x00000020	[  5] ___glGenTextures
0x000029C0	0x00000020	[  5] ___glGenTransformFeedbacks
0x000029E0	0x00000020	[  5] ___glGenVertexArrays
0x00002A00	0x00000020	[  5] ___glGenerateMipmap
0x00002A20	0x00000020	[  5] ___glGetActiveAttrib
0x00002A40	0x00000020	[  5] ___glGetActiveUniform
0x00002A60	0x00000020	[  5] ___glGetActiveUniformBlockName
0x00002A80	0x00000020	[  5] ___glGetActiveUniformBlockiv
0x00002AA0	0x00000020	[  5] ___glGetActiveUniformsiv
0x00002AC0	0x00000020	[  5] ___glGetAttachedShaders
0x00002AE0	0x00000020	[  5] ___glGetAttribLocation
0x00002B00	0x00000020	[  5] ___glGetBooleani_v
0x00002B20	0x00000020	[  5] ___glGetBooleanv
0x00002B40	0x00000020	[  5] ___glGetBufferParameteri64v
0x00002B60	0x00000020	[  5] ___glGetBufferParameteriv
0x00002B80	0x00000020	[  5] ___glGetBufferPointerv
0x00002BA0	0x00000020	[  5] ___glGetClipPlanef
0x00002BC0	0x00000020	[  5] ___glGetClipPlanex
0x00002BE0	0x00000020	[  5] ___glGetError
0x00002C00	0x00000020	[  5] ___glGetFixedv
0x00002C20	0x00000020	[  5] ___glGetFloatv
0x00002C40	0x00000020	[  5] ___glGetFragDataLocation
0x00002C60	0x00000020	[  5] ___glGetFramebufferAttachmentParameteriv
0x00002C80	0x00000020	[  5] ___glGetFramebufferParameteriv
0x00002CA0	0x00000020	[  5] ___glGetInteger64i_v
0x00002CC0	0x00000020	[  5] ___glGetInteger64v
0x00002CE0	0x00000020	[  5] ___glGetIntegeri_v
0x00002D00	0x00000020	[  5] ___glGetIntegerv
0x00002D20	0x00000020	[  5] ___glGetInternalformativ
0x00002D40	0x00000020	[  5] ___glGetLightfv
0x00002D60	0x00000020	[  5] ___glGetLightxv
0x00002D80	0x00000020	[  5] ___glGetMaterialfv
0x00002DA0	0x00000020	[  5] ___glGetMaterialxv
0x00002DC0	0x00000020	[  5] ___glGetMultisamplefv
0x00002DE0	0x00000020	[  5] ___glGetPointerv
0x00002E00	0x00000020	[  5] ___glGetProgramBinary
0x00002E20	0x00000020	[  5] ___glGetProgramInfoLog
0x00002E40	0x00000020	[  5] ___glGetProgramInterfaceiv
0x00002E60	0x00000020	[  5] ___glGetProgramPipelineInfoLog
0x00002E80	0x00000020	[  5] ___glGetProgramPipelineiv
0x00002EA0	0x00000020	[  5] ___glGetProgramResourceIndex
0x00002EC0	0x00000020	[  5] ___glGetProgramResourceLocation
0x00002EE0	0x00000020	[  5] ___glGetProgramResourceName
0x00002F00	0x00000020	[  5] ___glGetProgramResourceiv
0x00002F20	0x00000020	[  5] ___glGetProgramiv
0x00002F40	0x00000020	[  5] ___glGetQueryObjectuiv
0x00002F60	0x00000020	[  5] ___glGetQueryiv
0x00002F80	0x00000020	[  5] ___glGetRenderbufferParameteriv
0x00002FA0	0x00000020	[  5] ___glGetSamplerParameterfv
0x00002FC0	0x00000020	[  5] ___glGetSamplerParameteriv
0x00002FE0	0x00000020	[  5] ___glGetShaderInfoLog
0x00003000	0x00000020	[  5] ___glGetShaderPrecisionFormat
0x00003020	0x00000020	[  5] ___glGetShaderSource
0x00003040	0x00000020	[  5] ___glGetShaderiv
0x00003060	0x00000020	[  5] ___glGetString
0x00003080	0x00000020	[  5] ___glGetStringi
0x000030A0	0x00000020	[  5] ___glGetSynciv
0x000030C0	0x00000020	[  5] ___glGetTexEnvfv
0x000030E0	0x00000020	[  5] ___glGetTexEnviv
0x00003100	0x00000020	[  5] ___glGetTexEnvxv
0x00003120	0x00000020	[  5] ___glGetTexLevelParameterfv
0x00003140	0x00000020	[  5] ___glGetTexLevelParameteriv
0x00003160	0x00000020	[  5] ___glGetTexParameterfv
0x00003180	0x00000020	[  5] ___glGetTexParameteriv
0x000031A0	0x00000020	[  5] ___glGetTexParameterxv
0x000031C0	0x00000020	[  5] ___glGetTransformFeedbackVarying
0x000031E0	0x00000020	[  5] ___glGetUniformBlockIndex
0x00003200	0x00000020	[  5] ___glGetUniformIndices
0x00003220	0x00000020	[  5] ___glGetUniformLocation
0x00003240	0x00000020	[  5] ___glGetUniformfv
0x00003260	0x00000020	[  5] ___glGetUniformiv
0x00003280	0x00000020	[  5] ___glGetUniformuiv
0x000032A0	0x00000020	[  5] ___glGetVertexAttribIiv
0x000032C0	0x00000020	[  5] ___glGetVertexAttribIuiv
0x000032E0	0x00000020	[  5] ___glGetVertexAttribPointerv
0x00003300	0x00000020	[  5] ___glGetVertexAttribfv
0x00003320	0x00000020	[  5] ___glGetVertexAttribiv
0x00003340	0x00000020	[  5] ___glHint
0x00003360	0x00000020	[  5] ___glInvalidateFramebuffer
0x00003380	0x00000020	[  5] ___glInvalidateSubFramebuffer
0x000033A0	0x00000020	[  5] ___glIsBuffer
0x000033C0	0x00000020	[  5] ___glIsEnabled
0x000033E0	0x00000020	[  5] ___glIsFramebuffer
0x00003400	0x00000020	[  5] ___glIsProgram
0x00003420	0x00000020	[  5] ___glIsProgramPipeline
0x00003440	0x00000020	[  5] ___glIsQuery
0x00003460	0x00000020	[  5] ___glIsRenderbuffer
0x00003480	0x00000020	[  5] ___glIsSampler
0x000034A0	0x00000020	[  5] ___glIsShader
0x000034C0	0x00000020	[  5] ___glIsSync
0x000034E0	0x00000020	[  5] ___glIsTexture
0x00003500	0x00000020	[  5] ___glIsTransformFeedback
0x00003520	0x00000020	[  5] ___glIsVertexArray
0x00003540	0x00000020	[  5] ___glLightModelf
0x00003560	0x00000020	[  5] ___glLightModelfv
0x00003580	0x00000020	[  5] ___glLightModelx
0x000035A0	0x00000020	[  5] ___glLightModelxv
0x000035C0	0x00000020	[  5] ___glLightf
0x000035E0	0x00000020	[  5] ___glLightfv
0x00003600	0x00000020	[  5] ___glLightx
0x00003620	0x00000020	[  5] ___glLightxv
0x00003640	0x00000020	[  5] ___glLineWidth
0x00003660	0x00000020	[  5] ___glLineWidthx
0x00003680	0x00000020	[  5] ___glLinkProgram
0x000036A0	0x00000020	[  5] ___glLoadIdentity
0x000036C0	0x00000020	[  5] ___glLoadMatrixf
0x000036E0	0x00000020	[  5] ___glLoadMatrixx
0x00003700	0x00000020	[  5] ___glLogicOp
0x00003720	0x00000020	[  5] ___glMapBufferRange
0x00003740	0x00000020	[  5] ___glMaterialf
0x00003760	0x00000020	[  5] ___glMaterialfv
0x00003780	0x00000020	[  5] ___glMaterialx
0x000037A0	0x00000020	[  5] ___glMaterialxv
0x000037C0	0x00000020	[  5] ___glMatrixIndexPointerOES
0x000037E0	0x00000020	[  5] ___glMatrixMode
0x00003800	0x00000020	[  5] ___glMemoryBarrier
0x00003820	0x00000020	[  5] ___glMemoryBarrierByRegion
0x00003840	0x00000020	[  5] ___glMultMatrixf
0x00003860	0x00000020	[  5] ___glMultMatrixx
0x00003880	0x00000020	[  5] ___glMultiTexCoord4f
0x000038A0	0x00000020	[  5] ___glMultiTexCoord4x
0x000038C0	0x00000020	[  5] ___glNormal3f
0x000038E0	0x00000020	[  5] ___glNormal3x
0x00003900	0x00000020	[  5] ___glNormalPointer
0x00003920	0x00000020	[  5] ___glOrthof
0x00003940	0x00000020	[  5] ___glOrthox
0x00003960	0x00000020	[  5] ___glPauseTransformFeedback
0x00003980	0x00000020	[  5] ___glPixelStorei
0x000039A0	0x00000020	[  5] ___glPointParameterf
0x000039C0	0x00000020	[  5] ___glPointParameterfv
0x000039E0	0x00000020	[  5] ___glPointParameterx
0x00003A00	0x00000020	[  5] ___glPointParameterxv
0x00003A20	0x00000020	[  5] ___glPointSize
0x00003A40	0x00000020	[  5] ___glPointSizePointerOES
0x00003A60	0x00000020	[  5] ___glPointSizex
0x00003A80	0x00000020	[  5] ___glPolygonOffset
0x00003AA0	0x00000020	[  5] ___glPolygonOffsetx
0x00003AC0	0x00000020	[  5] ___glPopMatrix
0x00003AE0	0x00000020	[  5] ___glProgramBinary
0x00003B00	0x00000020	[  5] ___glProgramParameteri
0x00003B20	0x00000020	[  5] ___glProgramUniform1f
0x00003B40	0x00000020	[  5] ___glProgramUniform1fv
0x00003B60	0x00000020	[  5] ___glProgramUniform1i
0x00003B80	0x00000020	[  5] ___glProgramUniform1iv
0x00003BA0	0x00000020	[  5] ___glProgramUniform1ui
0x00003BC0	0x00000020	[  5] ___glProgramUniform1uiv
0x00003BE0	0x00000020	[  5] ___glProgramUniform2f
0x00003C00	0x00000020	[  5] ___glProgramUniform2fv
0x00003C20	0x00000020	[  5] ___glProgramUniform2i
0x00003C40	0x00000020	[  5] ___glProgramUniform2iv
0x00003C60	0x00000020	[  5] ___glProgramUniform2ui
0x00003C80	0x00000020	[  5] ___glProgramUniform2uiv
0x00003CA0	0x00000020	[  5] ___glProgramUniform3f
0x00003CC0	0x00000020	[  5] ___glProgramUniform3fv
0x00003CE0	0x00000020	[  5] ___glProgramUniform3i
0x00003D00	0x00000020	[  5] ___glProgramUniform3iv
0x00003D20	0x00000020	[  5] ___glProgramUniform3ui
0x00003D40	0x00000020	[  5] ___glProgramUniform3uiv
0x00003D60	0x00000020	[  5] ___glProgramUniform4f
0x00003D80	0x00000020	[  5] ___glProgramUniform4fv
0x00003DA0	0x00000020	[  5] ___glProgramUniform4i
0x00003DC0	0x00000020	[  5] ___glProgramUniform4iv
0x00003DE0	0x00000020	[  5] ___glProgramUniform4ui
0x00003E00	0x00000020	[  5] ___glProgramUniform4uiv
0x00003E20	0x00000020	[  5] ___glProgramUniformMatrix2fv
0x00003E40	0x00000020	[  5] ___glProgramUniformMatrix2x3fv
0x00003E60	0x00000020	[  5] ___glProgramUniformMatrix2x4fv
0x00003E80	0x00000020	[  5] ___glProgramUniformMatrix3fv
0x00003EA0	0x00000020	[  5] ___glProgramUniformMatrix3x2fv
0x00003EC0	0x00000020	[  5] ___glProgramUniformMatrix3x4fv
0x00003EE0	0x00000020	[  5] ___glProgramUniformMatrix4fv
0x00003F00	0x00000020	[  5] ___glProgramUniformMatrix4x2fv
0x00003F20	0x00000020	[  5] ___glProgramUniformMatrix4x3fv
0x00003F40	0x00000020	[  5] ___glPushMatrix
0x00003F60	0x00000020	[  5] ___glReadBuffer
0x00003F80	0x00000020	[  5] ___glReadPixels
0x00003FA0	0x00000020	[  5] ___glReleaseShaderCompiler
0x00003FC0	0x00000020	[  5] ___glRenderbufferStorage
0x00003FE0	0x00000020	[  5] ___glRenderbufferStorageMultisample
0x00004000	0x00000020	[  5] ___glResumeTransformFeedback
0x00004020	0x00000020	[  5] ___glRotatef
0x00004040	0x00000020	[  5] ___glRotatex
0x00004060	0x00000020	[  5] ___glSampleCoverage
0x00004080	0x00000020	[  5] ___glSampleCoveragex
0x000040A0	0x00000020	[  5] ___glSampleMaski
0x000040C0	0x00000020	[  5] ___glSamplerParameterf
0x000040E0	0x00000020	[  5] ___glSamplerParameterfv
0x00004100	0x00000020	[  5] ___glSamplerParameteri
0x00004120	0x00000020	[  5] ___glSamplerParameteriv
0x00004140	0x00000020	[  5] ___glScalef
0x00004160	0x00000020	[  5] ___glScalex
0x00004180	0x00000020	[  5] ___glScissor
0x000041A0	0x00000020	[  5] ___glShadeModel
0x000041C0	0x00000020	[  5] ___glShaderBinary
0x000041E0	0x00000020	[  5] ___glShaderSource
0x00004200	0x00000020	[  5] ___glStencilFunc
0x00004220	0x00000020	[  5] ___glStencilFuncSeparate
0x00004240	0x00000020	[  5] ___glStencilMask
0x00004260	0x00000020	[  5] ___glStencilMaskSeparate
0x00004280	0x00000020	[  5] ___glStencilOp
0x000042A0	0x00000020	[  5] ___glStencilOpSeparate
0x000042C0	0x00000020	[  5] ___glTexCoordPointer
0x000042E0	0x00000020	[  5] ___glTexEnvf
0x00004300	0x00000020	[  5] ___glTexEnvfv
0x00004320	0x00000020	[  5] ___glTexEnvi
0x00004340	0x00000020	[  5] ___glTexEnviv
0x00004360	0x00000020	[  5] ___glTexEnvx
0x00004380	0x00000020	[  5] ___glTexEnvxv
0x000043A0	0x00000020	[  5] ___glTexImage2D
0x000043C0	0x00000020	[  5] ___glTexImage3D
0x000043E0	0x00000020	[  5] ___glTexParameterf
0x00004400	0x00000020	[  5] ___glTexParameterfv
0x00004420	0x00000020	[  5] ___glTexParameteri
0x00004440	0x00000020	[  5] ___glTexParameteriv
0x00004460	0x00000020	[  5] ___glTexParameterx
0x00004480	0x00000020	[  5] ___glTexParameterxv
0x000044A0	0x00000020	[  5] ___glTexStorage2D
0x000044C0	0x00000020	[  5] ___glTexStorage2DMultisample
0x000044E0	0x00000020	[  5] ___glTexStorage3D
0x00004500	0x00000020	[  5] ___glTexSubImage2D
0x00004520	0x00000020	[  5] ___glTexSubImage3D
0x00004540	0x00000020	[  5] ___glTransformFeedbackVaryings
0x00004560	0x00000020	[  5] ___glTranslatef
0x00004580	0x00000020	[  5] ___glTranslatex
0x000045A0	0x00000020	[  5] ___glUniform1f
0x000045C0	0x00000020	[  5] ___glUniform1fv
0x000045E0	0x00000020	[  5] ___glUniform1i
0x00004600	0x00000020	[  5] ___glUniform1iv
0x00004620	0x00000020	[  5] ___glUniform1ui
0x00004640	0x00000020	[  5] ___glUniform1uiv
0x00004660	0x00000020	[  5] ___glUniform2f
0x00004680	0x00000020	[  5] ___glUniform2fv
0x000046A0	0x00000020	[  5] ___glUniform2i
0x000046C0	0x00000020	[  5] ___glUniform2iv
0x000046E0	0x00000020	[  5] ___glUniform2ui
0x00004700	0x00000020	[  5] ___glUniform2uiv
0x00004720	0x00000020	[  5] ___glUniform3f
0x00004740	0x00000020	[  5] ___glUniform3fv
0x00004760	0x00000020	[  5] ___glUniform3i
0x00004780	0x00000020	[  5] ___glUniform3iv
0x000047A0	0x00000020	[  5] ___glUniform3ui
0x000047C0	0x00000020	[  5] ___glUniform3uiv
0x000047E0	0x00000020	[  5] ___glUniform4f
0x00004800	0x00000020	[  5] ___glUniform4fv
0x00004820	0x00000020	[  5] ___glUniform4i
0x00004840	0x00000020	[  5] ___glUniform4iv
0x00004860	0x00000020	[  5] ___glUniform4ui
0x00004880	0x00000020	[  5] ___glUniform4uiv
0x000048A0	0x00000020	[  5] ___glUniformBlockBinding
0x000048C0	0x00000020	[  5] ___glUniformMatrix2fv
0x000048E0	0x00000020	[  5] ___glUniformMatrix2x3fv
0x00004900	0x00000020	[  5] ___glUniformMatrix2x4fv
0x00004920	0x00000020	[  5] ___glUniformMatrix3fv
0x00004940	0x00000020	[  5] ___glUniformMatrix3x2fv
0x00004960	0x00000020	[  5] ___glUniformMatrix3x4fv
0x00004980	0x00000020	[  5] ___glUniformMatrix4fv
0x000049A0	0x00000020	[  5] ___glUniformMatrix4x2fv
0x000049C0	0x00000020	[  5] ___glUniformMatrix4x3fv
0x000049E0	0x00000020	[  5] ___glUnmapBuffer
0x00004A00	0x00000020	[  5] ___glUseProgram
0x00004A20	0x00000020	[  5] ___glUseProgramStages
0x00004A40	0x00000020	[  5] ___glValidateProgram
0x00004A60	0x00000020	[  5] ___glValidateProgramPipeline
0x00004A80	0x00000020	[  5] ___glVertexAttrib1f
0x00004AA0	0x00000020	[  5] ___glVertexAttrib1fv
0x00004AC0	0x00000020	[  5] ___glVertexAttrib2f
0x00004AE0	0x00000020	[  5] ___glVertexAttrib2fv
0x00004B00	0x00000020	[  5] ___glVertexAttrib3f
0x00004B20	0x00000020	[  5] ___glVertexAttrib3fv
0x00004B40	0x00000020	[  5] ___glVertexAttrib4f
0x00004B60	0x00000020	[  5] ___glVertexAttrib4fv
0x00004B80	0x00000020	[  5] ___glVertexAttribBinding
0x00004BA0	0x00000020	[  5] ___glVertexAttribDivisor
0x00004BC0	0x00000020	[  5] ___glVertexAttribFormat
0x00004BE0	0x00000020	[  5] ___glVertexAttribI4i
0x00004C00	0x00000020	[  5] ___glVertexAttribI4iv
0x00004C20	0x00000020	[  5] ___glVertexAttribI4ui
0x00004C40	0x00000020	[  5] ___glVertexAttribI4uiv
0x00004C60	0x00000020	[  5] ___glVertexAttribIFormat
0x00004C80	0x00000020	[  5] ___glVertexAttribIPointer
0x00004CA0	0x00000020	[  5] ___glVertexAttribPointer
0x00004CC0	0x00000020	[  5] ___glVertexBindingDivisor
0x00004CE0	0x00000020	[  5] ___glVertexPointer
0x00004D00	0x00000020	[  5] ___glViewport
0x00004D20	0x00000020	[  5] ___glWaitSync
0x00004D40	0x00000020	[  5] ___glWeightPointerOES
0x00004D60	0x00000020	[  5] ___s3eAccelerometerGetError
0x00004D80	0x00000020	[  5] ___s3eAccelerometerGetErrorString
0x00004DA0	0x00000020	[  5] ___s3eAccelerometerGetInt
0x00004DC0	0x00000020	[  5] ___s3eAccelerometerGetX
0x00004DE0	0x00000020	[  5] ___s3eAccelerometerGetY
0x00004E00	0x00000020	[  5] ___s3eAccelerometerGetZ
0x00004E20	0x00000020	[  5] ___s3eAccelerometerStart
0x00004E40	0x00000020	[  5] ___s3eAccelerometerStop
0x00004E60	0x00000020	[  5] ___s3eAudioGetError
0x00004E80	0x00000020	[  5] ___s3eAudioGetErrorString
0x00004EA0	0x00000020	[  5] ___s3eAudioGetInt
0x00004EC0	0x00000020	[  5] ___s3eAudioIsCodecSupported
0x00004EE0	0x00000020	[  5] ___s3eAudioIsPlaying
0x00004F00	0x00000020	[  5] ___s3eAudioPause
0x00004F20	0x00000020	[  5] ___s3eAudioPlay
0x00004F40	0x00000020	[  5] ___s3eAudioPlayFromBuffer
0x00004F60	0x00000020	[  5] ___s3eAudioRegister
0x00004F80	0x00000020	[  5] ___s3eAudioResume
0x00004FA0	0x00000020	[  5] ___s3eAudioSetInt
0x00004FC0	0x00000020	[  5] ___s3eAudioStop
0x00004FE0	0x00000020	[  5] ___s3eAudioUnRegister
0x00005000	0x00000020	[  5] ___s3eCompressionDecomp
0x00005020	0x00000020	[  5] ___s3eCompressionDecompFinal
0x00005040	0x00000020	[  5] ___s3eCompressionDecompInit
0x00005060	0x00000020	[  5] ___s3eCompressionDecompRead
0x00005080	0x00000020	[  5] ___s3eCompressionGetError
0x000050A0	0x00000020	[  5] ___s3eCompressionGetErrorString
0x000050C0	0x00000020	[  5] ___s3eConfigGetError
0x000050E0	0x00000020	[  5] ___s3eConfigGetErrorString
0x00005100	0x00000020	[  5] ___s3eConfigGetInt
0x00005120	0x00000020	[  5] ___s3eConfigGetIntHash
0x00005140	0x00000020	[  5] ___s3eConfigGetString
0x00005160	0x00000020	[  5] ___s3eConfigGetStringHash
0x00005180	0x00000020	[  5] ___s3eCryptoGetError
0x000051A0	0x00000020	[  5] ___s3eCryptoGetErrorString
0x000051C0	0x00000020	[  5] ___s3eCryptoRand
0x000051E0	0x00000020	[  5] ___s3eCryptoSha1
0x00005200	0x00000020	[  5] ___s3eCryptoSha1Final
0x00005220	0x00000020	[  5] ___s3eCryptoSha1Init
0x00005240	0x00000020	[  5] ___s3eCryptoSha1Update
0x00005260	0x00000020	[  5] ___s3eCryptoVerifyRsa
0x00005280	0x00000020	[  5] ___s3eDebugAssertShow
0x000052A0	0x00000020	[  5] ___s3eDebugErrorShow
0x000052C0	0x00000020	[  5] ___s3eDebugGetError
0x000052E0	0x00000020	[  5] ___s3eDebugGetErrorString
0x00005300	0x00000020	[  5] ___s3eDebugGetInt
0x00005320	0x00000020	[  5] ___s3eDebugIsDebuggerPresent
0x00005340	0x00000020	[  5] ___s3eDebugOutputString
0x00005360	0x00000020	[  5] ___s3eDebugPrint
0x00005380	0x00000020	[  5] ___s3eDebugRegister
0x000053A0	0x00000020	[  5] ___s3eDebugSetInt
0x000053C0	0x00000020	[  5] ___s3eDebugTraceChannelSwitch
0x000053E0	0x00000020	[  5] ___s3eDebugTraceClearFile
0x00005400	0x00000020	[  5] ___s3eDebugTraceFlush
0x00005420	0x00000020	[  5] ___s3eDebugTraceLine
0x00005440	0x00000020	[  5] ___s3eDebugUnRegister
0x00005460	0x00000020	[  5] ___s3eDeviceAbort
0x00005480	0x00000020	[  5] ___s3eDeviceBacklightOn
0x000054A0	0x00000020	[  5] ___s3eDeviceCheckPauseRequest
0x000054C0	0x00000020	[  5] ___s3eDeviceCheckQuitRequest
0x000054E0	0x00000020	[  5] ___s3eDeviceExecPushNext
0x00005500	0x00000020	[  5] ___s3eDeviceExit
0x00005520	0x00000020	[  5] ___s3eDeviceGetError
0x00005540	0x00000020	[  5] ___s3eDeviceGetErrorString
0x00005560	0x00000020	[  5] ___s3eDeviceGetInt
0x00005580	0x00000020	[  5] ___s3eDeviceGetString
0x000055A0	0x00000020	[  5] ___s3eDeviceLoaderCallDone
0x000055C0	0x00000020	[  5] ___s3eDeviceLoaderCallStart
0x000055E0	0x00000020	[  5] ___s3eDeviceNetworkCheckStart
0x00005600	0x00000020	[  5] ___s3eDeviceNetworkCheckStop
0x00005620	0x00000020	[  5] ___s3eDeviceRegister
0x00005640	0x00000020	[  5] ___s3eDeviceRequestQuit
0x00005660	0x00000020	[  5] ___s3eDeviceSetInt
0x00005680	0x00000020	[  5] ___s3eDeviceUnRegister
0x000056A0	0x00000020	[  5] ___s3eDeviceUnYield
0x000056C0	0x00000020	[  5] ___s3eDeviceYield
0x000056E0	0x00000020	[  5] ___s3eDeviceYieldUntilEvent
0x00005700	0x00000020	[  5] ___s3eExtGet
0x00005720	0x00000020	[  5] ___s3eExtGetError
0x00005740	0x00000020	[  5] ___s3eExtGetErrorString
0x00005760	0x00000020	[  5] ___s3eExtGetHash
0x00005780	0x00000020	[  5] ___s3eFileAddUserFileSys
0x000057A0	0x00000020	[  5] ___s3eFileCheckExists
0x000057C0	0x00000020	[  5] ___s3eFileClose
0x000057E0	0x00000020	[  5] ___s3eFileDelete
0x00005800	0x00000020	[  5] ___s3eFileDeleteDirectory
0x00005820	0x00000020	[  5] ___s3eFileEOF
0x00005840	0x00000020	[  5] ___s3eFileFlush
0x00005860	0x00000020	[  5] ___s3eFileGetChar
0x00005880	0x00000020	[  5] ___s3eFileGetError
0x000058A0	0x00000020	[  5] ___s3eFileGetErrorString
0x000058C0	0x00000020	[  5] ___s3eFileGetFileInt
0x000058E0	0x00000020	[  5] ___s3eFileGetFileString
0x00005900	0x00000020	[  5] ___s3eFileGetFree
0x00005920	0x00000020	[  5] ___s3eFileGetInt
0x00005940	0x00000020	[  5] ___s3eFileGetLastWriteTime
0x00005960	0x00000020	[  5] ___s3eFileGetSize
0x00005980	0x00000020	[  5] ___s3eFileListClose
0x000059A0	0x00000020	[  5] ___s3eFileListDirectory
0x000059C0	0x00000020	[  5] ___s3eFileListNext
0x000059E0	0x00000020	[  5] ___s3eFileMakeDirectory
0x00005A00	0x00000020	[  5] ___s3eFileOpen
0x00005A20	0x00000020	[  5] ___s3eFileOpenFromMemory
0x00005A40	0x00000020	[  5] ___s3eFilePutChar
0x00005A60	0x00000020	[  5] ___s3eFileRead
0x00005A80	0x00000020	[  5] ___s3eFileReadString
0x00005AA0	0x00000020	[  5] ___s3eFileRemoveUserFileSys
0x00005AC0	0x00000020	[  5] ___s3eFileRename
0x00005AE0	0x00000020	[  5] ___s3eFileSeek
0x00005B00	0x00000020	[  5] ___s3eFileSetInt
0x00005B20	0x00000020	[  5] ___s3eFileTell
0x00005B40	0x00000020	[  5] ___s3eFileTruncate
0x00005B60	0x00000020	[  5] ___s3eFileWrite
0x00005B80	0x00000020	[  5] ___s3eFree
0x00005BA0	0x00000020	[  5] ___s3eFreeBase
0x00005BC0	0x00000020	[  5] ___s3eGLGetError
0x00005BE0	0x00000020	[  5] ___s3eGLGetErrorString
0x00005C00	0x00000020	[  5] ___s3eGLGetInt
0x00005C20	0x00000020	[  5] ___s3eGLGetNativeWindow
0x00005C40	0x00000020	[  5] ___s3eGLRegister
0x00005C60	0x00000020	[  5] ___s3eGLUnRegister
0x00005C80	0x00000020	[  5] ___s3eGLUnavailable
0x00005CA0	0x00000020	[  5] ___s3eInetAton
0x00005CC0	0x00000020	[  5] ___s3eInetHtonl
0x00005CE0	0x00000020	[  5] ___s3eInetHtons
0x00005D00	0x00000020	[  5] ___s3eInetLookup
0x00005D20	0x00000020	[  5] ___s3eInetLookupCancel
0x00005D40	0x00000020	[  5] ___s3eInetNtoa
0x00005D60	0x00000020	[  5] ___s3eInetNtohl
0x00005D80	0x00000020	[  5] ___s3eInetNtohs
0x00005DA0	0x00000020	[  5] ___s3eInetToString
0x00005DC0	0x00000020	[  5] ___s3eKeyboardAnyKey
0x00005DE0	0x00000020	[  5] ___s3eKeyboardClearState
0x00005E00	0x00000020	[  5] ___s3eKeyboardGetChar
0x00005E20	0x00000020	[  5] ___s3eKeyboardGetDisplayName
0x00005E40	0x00000020	[  5] ___s3eKeyboardGetError
0x00005E60	0x00000020	[  5] ___s3eKeyboardGetErrorString
0x00005E80	0x00000020	[  5] ___s3eKeyboardGetInt
0x00005EA0	0x00000020	[  5] ___s3eKeyboardGetState
0x00005EC0	0x00000020	[  5] ___s3eKeyboardRegister
0x00005EE0	0x00000020	[  5] ___s3eKeyboardSetInt
0x00005F00	0x00000020	[  5] ___s3eKeyboardUnRegister
0x00005F20	0x00000020	[  5] ___s3eKeyboardUpdate
0x00005F40	0x00000020	[  5] ___s3eLicenseBuy
0x00005F60	0x00000020	[  5] ___s3eLicenseGetError
0x00005F80	0x00000020	[  5] ___s3eLicenseGetErrorString
0x00005FA0	0x00000020	[  5] ___s3eLicenseGetInt
0x00005FC0	0x00000020	[  5] ___s3eMalloc
0x00005FE0	0x00000020	[  5] ___s3eMallocBase
0x00006000	0x00000020	[  5] ___s3eMemoryGetError
0x00006020	0x00000020	[  5] ___s3eMemoryGetErrorString
0x00006040	0x00000020	[  5] ___s3eMemoryGetInt
0x00006060	0x00000020	[  5] ___s3eMemoryGetUserMemMgr
0x00006080	0x00000020	[  5] ___s3eMemoryHeapAddress
0x000060A0	0x00000020	[  5] ___s3eMemoryHeapCreate
0x000060C0	0x00000020	[  5] ___s3eMemoryHeapDestroy
0x000060E0	0x00000020	[  5] ___s3eMemorySetInt
0x00006100	0x00000020	[  5] ___s3eMemorySetUserMemMgr
0x00006120	0x00000020	[  5] ___s3ePointerGetError
0x00006140	0x00000020	[  5] ___s3ePointerGetErrorString
0x00006160	0x00000020	[  5] ___s3ePointerGetInt
0x00006180	0x00000020	[  5] ___s3ePointerGetState
0x000061A0	0x00000020	[  5] ___s3ePointerGetTouchState
0x000061C0	0x00000020	[  5] ___s3ePointerGetTouchX
0x000061E0	0x00000020	[  5] ___s3ePointerGetTouchY
0x00006200	0x00000020	[  5] ___s3ePointerGetX
0x00006220	0x00000020	[  5] ___s3ePointerGetY
0x00006240	0x00000020	[  5] ___s3ePointerRegister
0x00006260	0x00000020	[  5] ___s3ePointerSetInt
0x00006280	0x00000020	[  5] ___s3ePointerUnRegister
0x000062A0	0x00000020	[  5] ___s3ePointerUpdate
0x000062C0	0x00000020	[  5] ___s3eRealloc
0x000062E0	0x00000020	[  5] ___s3eReallocBase
0x00006300	0x00000020	[  5] ___s3eSecureStorageGet
0x00006320	0x00000020	[  5] ___s3eSecureStorageGetError
0x00006340	0x00000020	[  5] ___s3eSecureStorageGetErrorString
0x00006360	0x00000020	[  5] ___s3eSecureStoragePut
0x00006380	0x00000020	[  5] ___s3eSocketAccept
0x000063A0	0x00000020	[  5] ___s3eSocketBind
0x000063C0	0x00000020	[  5] ___s3eSocketClose
0x000063E0	0x00000020	[  5] ___s3eSocketConnect
0x00006400	0x00000020	[  5] ___s3eSocketCreate
0x00006420	0x00000020	[  5] ___s3eSocketGetError
0x00006440	0x00000020	[  5] ___s3eSocketGetErrorString
0x00006460	0x00000020	[  5] ___s3eSocketGetInt
0x00006480	0x00000020	[  5] ___s3eSocketGetLocalName
0x000064A0	0x00000020	[  5] ___s3eSocketGetPeerName
0x000064C0	0x00000020	[  5] ___s3eSocketGetString
0x000064E0	0x00000020	[  5] ___s3eSocketListen
0x00006500	0x00000020	[  5] ___s3eSocketReadable
0x00006520	0x00000020	[  5] ___s3eSocketRecv
0x00006540	0x00000020	[  5] ___s3eSocketRecvFrom
0x00006560	0x00000020	[  5] ___s3eSocketSend
0x00006580	0x00000020	[  5] ___s3eSocketSendTo
0x000065A0	0x00000020	[  5] ___s3eSocketWritable
0x000065C0	0x00000020	[  5] ___s3eSoundChannelGetInt
0x000065E0	0x00000020	[  5] ___s3eSoundChannelGetInt64
0x00006600	0x00000020	[  5] ___s3eSoundChannelPause
0x00006620	0x00000020	[  5] ___s3eSoundChannelPlay
0x00006640	0x00000020	[  5] ___s3eSoundChannelRegister
0x00006660	0x00000020	[  5] ___s3eSoundChannelResume
0x00006680	0x00000020	[  5] ___s3eSoundChannelSetInt
0x000066A0	0x00000020	[  5] ___s3eSoundChannelSetInt64
0x000066C0	0x00000020	[  5] ___s3eSoundChannelStop
0x000066E0	0x00000020	[  5] ___s3eSoundChannelUnRegister
0x00006700	0x00000020	[  5] ___s3eSoundGetError
0x00006720	0x00000020	[  5] ___s3eSoundGetErrorString
0x00006740	0x00000020	[  5] ___s3eSoundGetFreeChannel
0x00006760	0x00000020	[  5] ___s3eSoundGetInt
0x00006780	0x00000020	[  5] ___s3eSoundPauseAllChannels
0x000067A0	0x00000020	[  5] ___s3eSoundResumeAllChannels
0x000067C0	0x00000020	[  5] ___s3eSoundSetInt
0x000067E0	0x00000020	[  5] ___s3eSoundStopAllChannels
0x00006800	0x00000020	[  5] ___s3eSurfaceConvertRGB
0x00006820	0x00000020	[  5] ___s3eSurfaceGetError
0x00006840	0x00000020	[  5] ___s3eSurfaceGetErrorString
0x00006860	0x00000020	[  5] ___s3eSurfaceGetInt
0x00006880	0x00000020	[  5] ___s3eSurfaceInvalidate
0x000068A0	0x00000020	[  5] ___s3eSurfacePtr
0x000068C0	0x00000020	[  5] ___s3eSurfaceRegister
0x000068E0	0x00000020	[  5] ___s3eSurfaceSetDisplayID
0x00006900	0x00000020	[  5] ___s3eSurfaceSetInt
0x00006920	0x00000020	[  5] ___s3eSurfaceSetup
0x00006940	0x00000020	[  5] ___s3eSurfaceShow
0x00006960	0x00000020	[  5] ___s3eSurfaceUnRegister
0x00006980	0x00000020	[  5] ___s3eTimerCancelTimer
0x000069A0	0x00000020	[  5] ___s3eTimerGetError
0x000069C0	0x00000020	[  5] ___s3eTimerGetErrorString
0x000069E0	0x00000020	[  5] ___s3eTimerGetInt
0x00006A00	0x00000020	[  5] ___s3eTimerGetLocaltimeOffset
0x00006A20	0x00000020	[  5] ___s3eTimerGetMs
0x00006A40	0x00000020	[  5] ___s3eTimerGetUST
0x00006A60	0x00000020	[  5] ___s3eTimerGetUTC
0x00006A80	0x00000020	[  5] ___s3eTimerSetTimer
0x00006AA0	0x00000020	[  5] ___s3eVibraGetError
0x00006AC0	0x00000020	[  5] ___s3eVibraGetErrorString
0x00006AE0	0x00000020	[  5] ___s3eVibraGetInt
0x00006B00	0x00000020	[  5] ___s3eVibraSetInt
0x00006B20	0x00000020	[  5] ___s3eVibraStop
0x00006B40	0x00000020	[  5] ___s3eVibraVibrate
0x00006B60	0x00000020	[  5] ___s3eVideoGetError
0x00006B80	0x00000020	[  5] ___s3eVideoGetErrorString
0x00006BA0	0x00000020	[  5] ___s3eVideoGetInt
0x00006BC0	0x00000020	[  5] ___s3eVideoIsCodecSupported
0x00006BE0	0x00000020	[  5] ___s3eVideoIsPlaying
0x00006C00	0x00000020	[  5] ___s3eVideoPause
0x00006C20	0x00000020	[  5] ___s3eVideoPlay
0x00006C40	0x00000020	[  5] ___s3eVideoPlayFromBuffer
0x00006C60	0x00000020	[  5] ___s3eVideoRegister
0x00006C80	0x00000020	[  5] ___s3eVideoResume
0x00006CA0	0x00000020	[  5] ___s3eVideoSetInt
0x00006CC0	0x00000020	[  5] ___s3eVideoStop
0x00006CE0	0x00000020	[  5] ___s3eVideoUnRegister
0x00006D00	0x00000020	[  5] ___s3eEdkCallbacksEnqueue
0x00006D20	0x00000020	[  5] ___s3eEdkCallbacksIsRegistered
0x00006D40	0x00000020	[  5] ___s3eEdkCallbacksRegister
0x00006D60	0x00000020	[  5] ___s3eEdkCallbacksRegisterInternal
0x00006D80	0x00000020	[  5] ___s3eEdkCallbacksRegisterSpecific
0x00006DA0	0x00000020	[  5] ___s3eEdkCallbacksUnRegister
0x00006DC0	0x00000020	[  5] ___s3eEdkCallbacksUnRegisterDevice
0x00006DE0	0x00000020	[  5] ___s3eEdkErrorGet
0x00006E00	0x00000020	[  5] ___s3eEdkErrorGetString
0x00006E20	0x00000020	[  5] ___s3eEdkErrorSet
0x00006E40	0x00000020	[  5] ___s3eEdkErrorSetStringV
0x00006E60	0x00000020	[  5] ___s3eEdkFreeOS
0x00006E80	0x00000020	[  5] ___s3eEdkGetAppVersionMajor
0x00006EA0	0x00000020	[  5] ___s3eEdkGetAppVersionMinor
0x00006EC0	0x00000020	[  5] ___s3eEdkGlobalsGet
0x00006EE0	0x00000020	[  5] ___s3eEdkIsInitialised
0x00006F00	0x00000020	[  5] ___s3eEdkLibraryClose
0x00006F20	0x00000020	[  5] ___s3eEdkLibraryError
0x00006F40	0x00000020	[  5] ___s3eEdkLibraryGetSymbol
0x00006F60	0x00000020	[  5] ___s3eEdkLibraryOpen
0x00006F80	0x00000020	[  5] ___s3eEdkMallocOS
0x00006FA0	0x00000020	[  5] ___s3eEdkReallocOS
0x00006FC0	0x00000020	[  5] ___s3eEdkRegister
0x00006FE0	0x00000020	[  5] ___s3eEdkThreadRunOnOSAsyncV
0x00007000	0x00000020	[  5] ___s3eEdkThreadRunOnOSV
0x00007020	0x00000020	[  5] ___s3eEdkThreadSetResumed
0x00007040	0x00000020	[  5] ___s3eEdkThreadSetSuspended
0x00007060	0x00000018	[  5] ___s3eEdkThreadSleep
0x00007080	0x00000020	[  5] _eglBindAPI
0x000070A0	0x00000020	[  5] _eglBindTexImage
0x000070C0	0x00000020	[  5] _eglChooseConfig
0x000070E0	0x00000020	[  5] _eglCopyBuffers
0x00007100	0x00000020	[  5] _eglCreateContext
0x00007120	0x00000020	[  5] _eglCreatePbufferFromClientBuffer
0x00007140	0x00000020	[  5] _eglCreatePbufferSurface
0x00007160	0x00000020	[  5] _eglCreatePixmapSurface
0x00007180	0x00000020	[  5] _eglCreateWindowSurface
0x000071A0	0x00000020	[  5] _eglDestroyContext
0x000071C0	0x00000020	[  5] _eglDestroySurface
0x000071E0	0x00000020	[  5] _eglGetConfigAttrib
0x00007200	0x00000020	[  5] _eglGetConfigs
0x00007220	0x00000020	[  5] _eglGetCurrentContext
0x00007240	0x00000020	[  5] _eglGetCurrentDisplay
0x00007260	0x00000020	[  5] _eglGetCurrentSurface
0x00007280	0x00000020	[  5] _eglGetDisplay
0x000072A0	0x00000020	[  5] _eglGetError
0x000072C0	0x00000020	[  5] _eglGetProcAddress
0x000072E0	0x00000020	[  5] _eglInitialize
0x00007300	0x00000020	[  5] _eglMakeCurrent
0x00007320	0x00000020	[  5] _eglQueryAPI
0x00007340	0x00000020	[  5] _eglQueryContext
0x00007360	0x00000020	[  5] _eglQueryString
0x00007380	0x00000020	[  5] _eglQuerySurface
0x000073A0	0x00000020	[  5] _eglReleaseTexImage
0x000073C0	0x00000020	[  5] _eglReleaseThread
0x000073E0	0x00000020	[  5] _eglSurfaceAttrib
0x00007400	0x00000020	[  5] _eglSwapBuffers
0x00007420	0x00000020	[  5] _eglSwapInterval
0x00007440	0x00000020	[  5] _eglTerminate
0x00007460	0x00000020	[  5] _eglWaitClient
0x00007480	0x00000020	[  5] _eglWaitGL
0x000074A0	0x00000020	[  5] _eglWaitNative
0x000074C0	0x00000020	[  5] _glActiveShaderProgram
0x000074E0	0x00000020	[  5] _glActiveTexture
0x00007500	0x00000020	[  5] _glAlphaFunc
0x00007520	0x00000020	[  5] _glAlphaFuncx
0x00007540	0x00000020	[  5] _glAttachShader
0x00007560	0x00000020	[  5] _glBeginQuery
0x00007580	0x00000020	[  5] _glBeginTransformFeedback
0x000075A0	0x00000020	[  5] _glBindAttribLocation
0x000075C0	0x00000020	[  5] _glBindBuffer
0x000075E0	0x00000020	[  5] _glBindBufferBase
0x00007600	0x00000020	[  5] _glBindBufferRange
0x00007620	0x00000020	[  5] _glBindFramebuffer
0x00007640	0x00000020	[  5] _glBindImageTexture
0x00007660	0x00000020	[  5] _glBindProgramPipeline
0x00007680	0x00000020	[  5] _glBindRenderbuffer
0x000076A0	0x00000020	[  5] _glBindSampler
0x000076C0	0x00000020	[  5] _glBindTexture
0x000076E0	0x00000020	[  5] _glBindTransformFeedback
0x00007700	0x00000020	[  5] _glBindVertexArray
0x00007720	0x00000020	[  5] _glBindVertexBuffer
0x00007740	0x00000020	[  5] _glBlendColor
0x00007760	0x00000020	[  5] _glBlendEquation
0x00007780	0x00000020	[  5] _glBlendEquationSeparate
0x000077A0	0x00000020	[  5] _glBlendFunc
0x000077C0	0x00000020	[  5] _glBlendFuncSeparate
0x000077E0	0x00000020	[  5] _glBlitFramebuffer
0x00007800	0x00000020	[  5] _glBufferData
0x00007820	0x00000020	[  5] _glBufferSubData
0x00007840	0x00000020	[  5] _glCheckFramebufferStatus
0x00007860	0x00000020	[  5] _glClear
0x00007880	0x00000020	[  5] _glClearBufferfi
0x000078A0	0x00000020	[  5] _glClearBufferfv
0x000078C0	0x00000020	[  5] _glClearBufferiv
0x000078E0	0x00000020	[  5] _glClearBufferuiv
0x00007900	0x00000020	[  5] _glClearColor
0x00007920	0x00000020	[  5] _glClearColorx
0x00007940	0x00000020	[  5] _glClearDepthf
0x00007960	0x00000020	[  5] _glClearDepthx
0x00007980	0x00000020	[  5] _glClearStencil
0x000079A0	0x00000020	[  5] _glClientActiveTexture
0x000079C0	0x00000020	[  5] _glClientWaitSync
0x000079E0	0x00000020	[  5] _glClipPlanef
0x00007A00	0x00000020	[  5] _glClipPlanex
0x00007A20	0x00000020	[  5] _glColor4f
0x00007A40	0x00000020	[  5] _glColor4ub
0x00007A60	0x00000020	[  5] _glColor4x
0x00007A80	0x00000020	[  5] _glColorMask
0x00007AA0	0x00000020	[  5] _glColorPointer
0x00007AC0	0x00000020	[  5] _glCompileShader
0x00007AE0	0x00000020	[  5] _glCompressedTexImage2D
0x00007B00	0x00000020	[  5] _glCompressedTexImage3D
0x00007B20	0x00000020	[  5] _glCompressedTexSubImage2D
0x00007B40	0x00000020	[  5] _glCompressedTexSubImage3D
0x00007B60	0x00000020	[  5] _glCopyBufferSubData
0x00007B80	0x00000020	[  5] _glCopyTexImage2D
0x00007BA0	0x00000020	[  5] _glCopyTexSubImage2D
0x00007BC0	0x00000020	[  5] _glCopyTexSubImage3D
0x00007BE0	0x00000020	[  5] _glCreateProgram
0x00007C00	0x00000020	[  5] _glCreateShader
0x00007C20	0x00000020	[  5] _glCreateShaderProgramv
0x00007C40	0x00000020	[  5] _glCullFace
0x00007C60	0x00000020	[  5] _glCurrentPaletteMatrixOES
0x00007C80	0x00000020	[  5] _glDeleteBuffers
0x00007CA0	0x00000020	[  5] _glDeleteFramebuffers
0x00007CC0	0x00000020	[  5] _glDeleteProgram
0x00007CE0	0x00000020	[  5] _glDeleteProgramPipelines
0x00007D00	0x00000020	[  5] _glDeleteQueries
0x00007D20	0x00000020	[  5] _glDeleteRenderbuffers
0x00007D40	0x00000020	[  5] _glDeleteSamplers
0x00007D60	0x00000020	[  5] _glDeleteShader
0x00007D80	0x00000020	[  5] _glDeleteSync
0x00007DA0	0x00000020	[  5] _glDeleteTextures
0x00007DC0	0x00000020	[  5] _glDeleteTransformFeedbacks
0x00007DE0	0x00000020	[  5] _glDeleteVertexArrays
0x00007E00	0x00000020	[  5] _glDepthFunc
0x00007E20	0x00000020	[  5] _glDepthMask
0x00007E40	0x00000020	[  5] _glDepthRangef
0x00007E60	0x00000020	[  5] _glDepthRangex
0x00007E80	0x00000020	[  5] _glDetachShader
0x00007EA0	0x00000020	[  5] _glDisable
0x00007EC0	0x00000020	[  5] _glDisableClientState
0x00007EE0	0x00000020	[  5] _glDisableVertexAttribArray
0x00007F00	0x00000020	[  5] _glDispatchCompute
0x00007F20	0x00000020	[  5] _glDispatchComputeIndirect
0x00007F40	0x00000020	[  5] _glDrawArrays
0x00007F60	0x00000020	[  5] _glDrawArraysIndirect
0x00007F80	0x00000020	[  5] _glDrawArraysInstanced
0x00007FA0	0x00000020	[  5] _glDrawBuffers
0x00007FC0	0x00000020	[  5] _glDrawElements
0x00007FE0	0x00000020	[  5] _glDrawElementsIndirect
0x00008000	0x00000020	[  5] _glDrawElementsInstanced
0x00008020	0x00000020	[  5] _glDrawRangeElements
0x00008040	0x00000020	[  5] _glEnable
0x00008060	0x00000020	[  5] _glEnableClientState
0x00008080	0x00000020	[  5] _glEnableVertexAttribArray
0x000080A0	0x00000020	[  5] _glEndQuery
0x000080C0	0x00000020	[  5] _glEndTransformFeedback
0x000080E0	0x00000020	[  5] _glFenceSync
0x00008100	0x00000020	[  5] _glFinish
0x00008120	0x00000020	[  5] _glFlush
0x00008140	0x00000020	[  5] _glFlushMappedBufferRange
0x00008160	0x00000020	[  5] _glFogf
0x00008180	0x00000020	[  5] _glFogfv
0x000081A0	0x00000020	[  5] _glFogx
0x000081C0	0x00000020	[  5] _glFogxv
0x000081E0	0x00000020	[  5] _glFramebufferParameteri
0x00008200	0x00000020	[  5] _glFramebufferRenderbuffer
0x00008220	0x00000020	[  5] _glFramebufferTexture2D
0x00008240	0x00000020	[  5] _glFramebufferTextureLayer
0x00008260	0x00000020	[  5] _glFrontFace
0x00008280	0x00000020	[  5] _glFrustumf
0x000082A0	0x00000020	[  5] _glFrustumx
0x000082C0	0x00000020	[  5] _glGenBuffers
0x000082E0	0x00000020	[  5] _glGenFramebuffers
0x00008300	0x00000020	[  5] _glGenProgramPipelines
0x00008320	0x00000020	[  5] _glGenQueries
0x00008340	0x00000020	[  5] _glGenRenderbuffers
0x00008360	0x00000020	[  5] _glGenSamplers
0x00008380	0x00000020	[  5] _glGenTextures
0x000083A0	0x00000020	[  5] _glGenTransformFeedbacks
0x000083C0	0x00000020	[  5] _glGenVertexArrays
0x000083E0	0x00000020	[  5] _glGenerateMipmap
0x00008400	0x00000020	[  5] _glGetActiveAttrib
0x00008420	0x00000020	[  5] _glGetActiveUniform
0x00008440	0x00000020	[  5] _glGetActiveUniformBlockName
0x00008460	0x00000020	[  5] _glGetActiveUniformBlockiv
0x00008480	0x00000020	[  5] _glGetActiveUniformsiv
0x000084A0	0x00000020	[  5] _glGetAttachedShaders
0x000084C0	0x00000020	[  5] _glGetAttribLocation
0x000084E0	0x00000020	[  5] _glGetBooleani_v
0x00008500	0x00000020	[  5] _glGetBooleanv
0x00008520	0x00000020	[  5] _glGetBufferParameteri64v
0x00008540	0x00000020	[  5] _glGetBufferParameteriv
0x00008560	0x00000020	[  5] _glGetBufferPointerv
0x00008580	0x00000020	[  5] _glGetClipPlanef
0x000085A0	0x00000020	[  5] _glGetClipPlanex
0x000085C0	0x00000020	[  5] _glGetError
0x000085E0	0x00000020	[  5] _glGetFixedv
0x00008600	0x00000020	[  5] _glGetFloatv
0x00008620	0x00000020	[  5] _glGetFragDataLocation
0x00008640	0x00000020	[  5] _glGetFramebufferAttachmentParameteriv
0x00008660	0x00000020	[  5] _glGetFramebufferParameteriv
0x00008680	0x00000020	[  5] _glGetInteger64i_v
0x000086A0	0x00000020	[  5] _glGetInteger64v
0x000086C0	0x00000020	[  5] _glGetIntegeri_v
0x000086E0	0x00000020	[  5] _glGetIntegerv
0x00008700	0x00000020	[  5] _glGetInternalformativ
0x00008720	0x00000020	[  5] _glGetLightfv
0x00008740	0x00000020	[  5] _glGetLightxv
0x00008760	0x00000020	[  5] _glGetMaterialfv
0x00008780	0x00000020	[  5] _glGetMaterialxv
0x000087A0	0x00000020	[  5] _glGetMultisamplefv
0x000087C0	0x00000020	[  5] _glGetPointerv
0x000087E0	0x00000020	[  5] _glGetProgramBinary
0x00008800	0x00000020	[  5] _glGetProgramInfoLog
0x00008820	0x00000020	[  5] _glGetProgramInterfaceiv
0x00008840	0x00000020	[  5] _glGetProgramPipelineInfoLog
0x00008860	0x00000020	[  5] _glGetProgramPipelineiv
0x00008880	0x00000020	[  5] _glGetProgramResourceIndex
0x000088A0	0x00000020	[  5] _glGetProgramResourceLocation
0x000088C0	0x00000020	[  5] _glGetProgramResourceName
0x000088E0	0x00000020	[  5] _glGetProgramResourceiv
0x00008900	0x00000020	[  5] _glGetProgramiv
0x00008920	0x00000020	[  5] _glGetQueryObjectuiv
0x00008940	0x00000020	[  5] _glGetQueryiv
0x00008960	0x00000020	[  5] _glGetRenderbufferParameteriv
0x00008980	0x00000020	[  5] _glGetSamplerParameterfv
0x000089A0	0x00000020	[  5] _glGetSamplerParameteriv
0x000089C0	0x00000020	[  5] _glGetShaderInfoLog
0x000089E0	0x00000020	[  5] _glGetShaderPrecisionFormat
0x00008A00	0x00000020	[  5] _glGetShaderSource
0x00008A20	0x00000020	[  5] _glGetShaderiv
0x00008A40	0x00000020	[  5] _glGetString
0x00008A60	0x00000020	[  5] _glGetStringi
0x00008A80	0x00000020	[  5] _glGetSynciv
0x00008AA0	0x00000020	[  5] _glGetTexEnvfv
0x00008AC0	0x00000020	[  5] _glGetTexEnviv
0x00008AE0	0x00000020	[  5] _glGetTexEnvxv
0x00008B00	0x00000020	[  5] _glGetTexLevelParameterfv
0x00008B20	0x00000020	[  5] _glGetTexLevelParameteriv
0x00008B40	0x00000020	[  5] _glGetTexParameterfv
0x00008B60	0x00000020	[  5] _glGetTexParameteriv
0x00008B80	0x00000020	[  5] _glGetTexParameterxv
0x00008BA0	0x00000020	[  5] _glGetTransformFeedbackVarying
0x00008BC0	0x00000020	[  5] _glGetUniformBlockIndex
0x00008BE0	0x00000020	[  5] _glGetUniformIndices
0x00008C00	0x00000020	[  5] _glGetUniformLocation
0x00008C20	0x00000020	[  5] _glGetUniformfv
0x00008C40	0x00000020	[  5] _glGetUniformiv
0x00008C60	0x00000020	[  5] _glGetUniformuiv
0x00008C80	0x00000020	[  5] _glGetVertexAttribIiv
0x00008CA0	0x00000020	[  5] _glGetVertexAttribIuiv
0x00008CC0	0x00000020	[  5] _glGetVertexAttribPointerv
0x00008CE0	0x00000020	[  5] _glGetVertexAttribfv
0x00008D00	0x00000020	[  5] _glGetVertexAttribiv
0x00008D20	0x00000020	[  5] _glHint
0x00008D40	0x00000020	[  5] _glInvalidateFramebuffer
0x00008D60	0x00000020	[  5] _glInvalidateSubFramebuffer
0x00008D80	0x00000020	[  5] _glIsBuffer
0x00008DA0	0x00000020	[  5] _glIsEnabled
0x00008DC0	0x00000020	[  5] _glIsFramebuffer
0x00008DE0	0x00000020	[  5] _glIsProgram
0x00008E00	0x00000020	[  5] _glIsProgramPipeline
0x00008E20	0x00000020	[  5] _glIsQuery
0x00008E40	0x00000020	[  5] _glIsRenderbuffer
0x00008E60	0x00000020	[  5] _glIsSampler
0x00008E80	0x00000020	[  5] _glIsShader
0x00008EA0	0x00000020	[  5] _glIsSync
0x00008EC0	0x00000020	[  5] _glIsTexture
0x00008EE0	0x00000020	[  5] _glIsTransformFeedback
0x00008F00	0x00000020	[  5] _glIsVertexArray
0x00008F20	0x00000020	[  5] _glLightModelf
0x00008F40	0x00000020	[  5] _glLightModelfv
0x00008F60	0x00000020	[  5] _glLightModelx
0x00008F80	0x00000020	[  5] _glLightModelxv
0x00008FA0	0x00000020	[  5] _glLightf
0x00008FC0	0x00000020	[  5] _glLightfv
0x00008FE0	0x00000020	[  5] _glLightx
0x00009000	0x00000020	[  5] _glLightxv
0x00009020	0x00000020	[  5] _glLineWidth
0x00009040	0x00000020	[  5] _glLineWidthx
0x00009060	0x00000020	[  5] _glLinkProgram
0x00009080	0x00000020	[  5] _glLoadIdentity
0x000090A0	0x00000020	[  5] _glLoadMatrixf
0x000090C0	0x00000020	[  5] _glLoadMatrixx
0x000090E0	0x00000020	[  5] _glLogicOp
0x00009100	0x00000020	[  5] _glMapBufferRange
0x00009120	0x00000020	[  5] _glMaterialf
0x00009140	0x00000020	[  5] _glMaterialfv
0x00009160	0x00000020	[  5] _glMaterialx
0x00009180	0x00000020	[  5] _glMaterialxv
0x000091A0	0x00000020	[  5] _glMatrixIndexPointerOES
0x000091C0	0x00000020	[  5] _glMatrixMode
0x000091E0	0x00000020	[  5] _glMemoryBarrier
0x00009200	0x00000020	[  5] _glMemoryBarrierByRegion
0x00009220	0x00000020	[  5] _glMultMatrixf
0x00009240	0x00000020	[  5] _glMultMatrixx
0x00009260	0x00000020	[  5] _glMultiTexCoord4f
0x00009280	0x00000020	[  5] _glMultiTexCoord4x
0x000092A0	0x00000020	[  5] _glNormal3f
0x000092C0	0x00000020	[  5] _glNormal3x
0x000092E0	0x00000020	[  5] _glNormalPointer
0x00009300	0x00000020	[  5] _glOrthof
0x00009320	0x00000020	[  5] _glOrthox
0x00009340	0x00000020	[  5] _glPauseTransformFeedback
0x00009360	0x00000020	[  5] _glPixelStorei
0x00009380	0x00000020	[  5] _glPointParameterf
0x000093A0	0x00000020	[  5] _glPointParameterfv
0x000093C0	0x00000020	[  5] _glPointParameterx
0x000093E0	0x00000020	[  5] _glPointParameterxv
0x00009400	0x00000020	[  5] _glPointSize
0x00009420	0x00000020	[  5] _glPointSizePointerOES
0x00009440	0x00000020	[  5] _glPointSizex
0x00009460	0x00000020	[  5] _glPolygonOffset
0x00009480	0x00000020	[  5] _glPolygonOffsetx
0x000094A0	0x00000020	[  5] _glPopMatrix
0x000094C0	0x00000020	[  5] _glProgramBinary
0x000094E0	0x00000020	[  5] _glProgramParameteri
0x00009500	0x00000020	[  5] _glProgramUniform1f
0x00009520	0x00000020	[  5] _glProgramUniform1fv
0x00009540	0x00000020	[  5] _glProgramUniform1i
0x00009560	0x00000020	[  5] _glProgramUniform1iv
0x00009580	0x00000020	[  5] _glProgramUniform1ui
0x000095A0	0x00000020	[  5] _glProgramUniform1uiv
0x000095C0	0x00000020	[  5] _glProgramUniform2f
0x000095E0	0x00000020	[  5] _glProgramUniform2fv
0x00009600	0x00000020	[  5] _glProgramUniform2i
0x00009620	0x00000020	[  5] _glProgramUniform2iv
0x00009640	0x00000020	[  5] _glProgramUniform2ui
0x00009660	0x00000020	[  5] _glProgramUniform2uiv
0x00009680	0x00000020	[  5] _glProgramUniform3f
0x000096A0	0x00000020	[  5] _glProgramUniform3fv
0x000096C0	0x00000020	[  5] _glProgramUniform3i
0x000096E0	0x00000020	[  5] _glProgramUniform3iv
0x00009700	0x00000020	[  5] _glProgramUniform3ui
0x00009720	0x00000020	[  5] _glProgramUniform3uiv
0x00009740	0x00000020	[  5] _glProgramUniform4f
0x00009760	0x00000020	[  5] _glProgramUniform4fv
0x00009780	0x00000020	[  5] _glProgramUniform4i
0x000097A0	0x00000020	[  5] _glProgramUniform4iv
0x000097C0	0x00000020	[  5] _glProgramUniform4ui
0x000097E0	0x00000020	[  5] _glProgramUniform4uiv
0x00009800	0x00000020	[  5] _glProgramUniformMatrix2fv
0x00009820	0x00000020	[  5] _glProgramUniformMatrix2x3fv
0x00009840	0x00000020	[  5] _glProgramUniformMatrix2x4fv
0x00009860	0x00000020	[  5] _glProgramUniformMatrix3fv
0x00009880	0x00000020	[  5] _glProgramUniformMatrix3x2fv
0x000098A0	0x00000020	[  5] _glProgramUniformMatrix3x4fv
0x000098C0	0x00000020	[  5] _glProgramUniformMatrix4fv
0x000098E0	0x00000020	[  5] _glProgramUniformMatrix4x2fv
0x00009900	0x00000020	[  5] _glProgramUniformMatrix4x3fv
0x00009920	0x00000020	[  5] _glPushMatrix
0x00009940	0x00000020	[  5] _glReadBuffer
0x00009960	0x00000020	[  5] _glReadPixels
0x00009980	0x00000020	[  5] _glReleaseShaderCompiler
0x000099A0	0x00000020	[  5] _glRenderbufferStorage
0x000099C0	0x00000020	[  5] _glRenderbufferStorageMultisample
0x000099E0	0x00000020	[  5] _glResumeTransformFeedback
0x00009A00	0x00000020	[  5] _glRotatef
0x00009A20	0x00000020	[  5] _glRotatex
0x00009A40	0x00000020	[  5] _glSampleCoverage
0x00009A60	0x00000020	[  5] _glSampleCoveragex
0x00009A80	0x00000020	[  5] _glSampleMaski
0x00009AA0	0x00000020	[  5] _glSamplerParameterf
0x00009AC0	0x00000020	[  5] _glSamplerParameterfv
0x00009AE0	0x00000020	[  5] _glSamplerParameteri
0x00009B00	0x00000020	[  5] _glSamplerParameteriv
0x00009B20	0x00000020	[  5] _glScalef
0x00009B40	0x00000020	[  5] _glScalex
0x00009B60	0x00000020	[  5] _glScissor
0x00009B80	0x00000020	[  5] _glShadeModel
0x00009BA0	0x00000020	[  5] _glShaderBinary
0x00009BC0	0x00000020	[  5] _glShaderSource
0x00009BE0	0x00000020	[  5] _glStencilFunc
0x00009C00	0x00000020	[  5] _glStencilFuncSeparate
0x00009C20	0x00000020	[  5] _glStencilMask
0x00009C40	0x00000020	[  5] _glStencilMaskSeparate
0x00009C60	0x00000020	[  5] _glStencilOp
0x00009C80	0x00000020	[  5] _glStencilOpSeparate
0x00009CA0	0x00000020	[  5] _glTexCoordPointer
0x00009CC0	0x00000020	[  5] _glTexEnvf
0x00009CE0	0x00000020	[  5] _glTexEnvfv
0x00009D00	0x00000020	[  5] _glTexEnvi
0x00009D20	0x00000020	[  5] _glTexEnviv
0x00009D40	0x00000020	[  5] _glTexEnvx
0x00009D60	0x00000020	[  5] _glTexEnvxv
0x00009D80	0x00000020	[  5] _glTexImage2D
0x00009DA0	0x00000020	[  5] _glTexImage3D
0x00009DC0	0x00000020	[  5] _glTexParameterf
0x00009DE0	0x00000020	[  5] _glTexParameterfv
0x00009E00	0x00000020	[  5] _glTexParameteri
0x00009E20	0x00000020	[  5] _glTexParameteriv
0x00009E40	0x00000020	[  5] _glTexParameterx
0x00009E60	0x00000020	[  5] _glTexParameterxv
0x00009E80	0x00000020	[  5] _glTexStorage2D
0x00009EA0	0x00000020	[  5] _glTexStorage2DMultisample
0x00009EC0	0x00000020	[  5] _glTexStorage3D
0x00009EE0	0x00000020	[  5] _glTexSubImage2D
0x00009F00	0x00000020	[  5] _glTexSubImage3D
0x00009F20	0x00000020	[  5] _glTransformFeedbackVaryings
0x00009F40	0x00000020	[  5] _glTranslatef
0x00009F60	0x00000020	[  5] _glTranslatex
0x00009F80	0x00000020	[  5] _glUniform1f
0x00009FA0	0x00000020	[  5] _glUniform1fv
0x00009FC0	0x00000020	[  5] _glUniform1i
0x00009FE0	0x00000020	[  5] _glUniform1iv
0x0000A000	0x00000020	[  5] _glUniform1ui
0x0000A020	0x00000020	[  5] _glUniform1uiv
0x0000A040	0x00000020	[  5] _glUniform2f
0x0000A060	0x00000020	[  5] _glUniform2fv
0x0000A080	0x00000020	[  5] _glUniform2i
0x0000A0A0	0x00000020	[  5] _glUniform2iv
0x0000A0C0	0x00000020	[  5] _glUniform2ui
0x0000A0E0	0x00000020	[  5] _glUniform2uiv
0x0000A100	0x00000020	[  5] _glUniform3f
0x0000A120	0x00000020	[  5] _glUniform3fv
0x0000A140	0x00000020	[  5] _glUniform3i
0x0000A160	0x00000020	[  5] _glUniform3iv
0x0000A180	0x00000020	[  5] _glUniform3ui
0x0000A1A0	0x00000020	[  5] _glUniform3uiv
0x0000A1C0	0x00000020	[  5] _glUniform4f
0x0000A1E0	0x00000020	[  5] _glUniform4fv
0x0000A200	0x00000020	[  5] _glUniform4i
0x0000A220	0x00000020	[  5] _glUniform4iv
0x0000A240	0x00000020	[  5] _glUniform4ui
0x0000A260	0x00000020	[  5] _glUniform4uiv
0x0000A280	0x00000020	[  5] _glUniformBlockBinding
0x0000A2A0	0x00000020	[  5] _glUniformMatrix2fv
0x0000A2C0	0x00000020	[  5] _glUniformMatrix2x3fv
0x0000A2E0	0x00000020	[  5] _glUniformMatrix2x4fv
0x0000A300	0x00000020	[  5] _glUniformMatrix3fv
0x0000A320	0x00000020	[  5] _glUniformMatrix3x2fv
0x0000A340	0x00000020	[  5] _glUniformMatrix3x4fv
0x0000A360	0x00000020	[  5] _glUniformMatrix4fv
0x0000A380	0x00000020	[  5] _glUniformMatrix4x2fv
0x0000A3A0	0x00000020	[  5] _glUniformMatrix4x3fv
0x0000A3C0	0x00000020	[  5] _glUnmapBuffer
0x0000A3E0	0x00000020	[  5] _glUseProgram
0x0000A400	0x00000020	[  5] _glUseProgramStages
0x0000A420	0x00000020	[  5] _glValidateProgram
0x0000A440	0x00000020	[  5] _glValidateProgramPipeline
0x0000A460	0x00000020	[  5] _glVertexAttrib1f
0x0000A480	0x00000020	[  5] _glVertexAttrib1fv
0x0000A4A0	0x00000020	[  5] _glVertexAttrib2f
0x0000A4C0	0x00000020	[  5] _glVertexAttrib2fv
0x0000A4E0	0x00000020	[  5] _glVertexAttrib3f
0x0000A500	0x00000020	[  5] _glVertexAttrib3fv
0x0000A520	0x00000020	[  5] _glVertexAttrib4f
0x0000A540	0x00000020	[  5] _glVertexAttrib4fv
0x0000A560	0x00000020	[  5] _glVertexAttribBinding
0x0000A580	0x00000020	[  5] _glVertexAttribDivisor
0x0000A5A0	0x00000020	[  5] _glVertexAttribFormat
0x0000A5C0	0x00000020	[  5] _glVertexAttribI4i
0x0000A5E0	0x00000020	[  5] _glVertexAttribI4iv
0x0000A600	0x00000020	[  5] _glVertexAttribI4ui
0x0000A620	0x00000020	[  5] _glVertexAttribI4uiv
0x0000A640	0x00000020	[  5] _glVertexAttribIFormat
0x0000A660	0x00000020	[  5] _glVertexAttribIPointer
0x0000A680	0x00000020	[  5] _glVertexAttribPointer
0x0000A6A0	0x00000020	[  5] _glVertexBindingDivisor
0x0000A6C0	0x00000020	[  5] _glVertexPointer
0x0000A6E0	0x00000020	[  5] _glViewport
0x0000A700	0x00000020	[  5] _glWaitSync
0x0000A720	0x00000020	[  5] _glWeightPointerOES
0x0000A740	0x00000020	[  5] _s3eAccelerometerGetError
0x0000A760	0x00000020	[  5] _s3eAccelerometerGetErrorString
0x0000A780	0x00000020	[  5] _s3eAccelerometerGetInt
0x0000A7A0	0x00000020	[  5] _s3eAccelerometerGetX
0x0000A7C0	0x00000020	[  5] _s3eAccelerometerGetY
0x0000A7E0	0x00000020	[  5] _s3eAccelerometerGetZ
0x0000A800	0x00000020	[  5] _s3eAccelerometerStart
0x0000A820	0x00000020	[  5] _s3eAccelerometerStop
0x0000A840	0x00000020	[  5] _s3eAudioGetError
0x0000A860	0x00000020	[  5] _s3eAudioGetErrorString
0x0000A880	0x00000020	[  5] _s3eAudioGetInt
0x0000A8A0	0x00000020	[  5] _s3eAudioIsCodecSupported
0x0000A8C0	0x00000020	[  5] _s3eAudioIsPlaying
0x0000A8E0	0x00000020	[  5] _s3eAudioPause
0x0000A900	0x00000020	[  5] _s3eAudioPlay
0x0000A920	0x00000020	[  5] _s3eAudioPlayFromBuffer
0x0000A940	0x00000020	[  5] _s3eAudioRegister
0x0000A960	0x00000020	[  5] _s3eAudioResume
0x0000A980	0x00000020	[  5] _s3eAudioSetInt
0x0000A9A0	0x00000020	[  5] _s3eAudioStop
0x0000A9C0	0x00000020	[  5] _s3eAudioUnRegister
0x0000A9E0	0x00000020	[  5] _s3eCompressionDecomp
0x0000AA00	0x00000020	[  5] _s3eCompressionDecompFinal
0x0000AA20	0x00000020	[  5] _s3eCompressionDecompInit
0x0000AA40	0x00000020	[  5] _s3eCompressionDecompRead
0x0000AA60	0x00000020	[  5] _s3eCompressionGetError
0x0000AA80	0x00000020	[  5] _s3eCompressionGetErrorString
0x0000AAA0	0x00000020	[  5] _s3eConfigGetError
0x0000AAC0	0x00000020	[  5] _s3eConfigGetErrorString
0x0000AAE0	0x00000020	[  5] _s3eConfigGetInt
0x0000AB00	0x00000020	[  5] _s3eConfigGetIntHash
0x0000AB20	0x00000020	[  5] _s3eConfigGetString
0x0000AB40	0x00000020	[  5] _s3eConfigGetStringHash
0x0000AB60	0x00000020	[  5] _s3eCryptoGetError
0x0000AB80	0x00000020	[  5] _s3eCryptoGetErrorString
0x0000ABA0	0x00000020	[  5] _s3eCryptoRand
0x0000ABC0	0x00000020	[  5] _s3eCryptoSha1
0x0000ABE0	0x00000020	[  5] _s3eCryptoSha1Final
0x0000AC00	0x00000020	[  5] _s3eCryptoSha1Init
0x0000AC20	0x00000020	[  5] _s3eCryptoSha1Update
0x0000AC40	0x00000020	[  5] _s3eCryptoVerifyRsa
0x0000AC60	0x00000020	[  5] _s3eDebugAssertShow
0x0000AC80	0x00000020	[  5] _s3eDebugErrorShow
0x0000ACA0	0x00000020	[  5] _s3eDebugGetError
0x0000ACC0	0x00000020	[  5] _s3eDebugGetErrorString
0x0000ACE0	0x00000020	[  5] _s3eDebugGetInt
0x0000AD00	0x00000020	[  5] _s3eDebugIsDebuggerPresent
0x0000AD20	0x00000020	[  5] _s3eDebugOutputString
0x0000AD40	0x00000020	[  5] _s3eDebugPrint
0x0000AD60	0x00000020	[  5] _s3eDebugRegister
0x0000AD80	0x00000020	[  5] _s3eDebugSetInt
0x0000ADA0	0x00000020	[  5] _s3eDebugTraceChannelSwitch
0x0000ADC0	0x00000020	[  5] _s3eDebugTraceClearFile
0x0000ADE0	0x00000020	[  5] _s3eDebugTraceFlush
0x0000AE00	0x00000020	[  5] _s3eDebugTraceLine
0x0000AE20	0x00000020	[  5] _s3eDebugUnRegister
0x0000AE40	0x00000020	[  5] _s3eDeviceAbort
0x0000AE60	0x00000020	[  5] _s3eDeviceBacklightOn
0x0000AE80	0x00000020	[  5] _s3eDeviceCheckPauseRequest
0x0000AEA0	0x00000020	[  5] _s3eDeviceCheckQuitRequest
0x0000AEC0	0x00000020	[  5] _s3eDeviceExecPushNext
0x0000AEE0	0x00000020	[  5] _s3eDeviceExit
0x0000AF00	0x00000020	[  5] _s3eDeviceGetError
0x0000AF20	0x00000020	[  5] _s3eDeviceGetErrorString
0x0000AF40	0x00000020	[  5] _s3eDeviceGetInt
0x0000AF60	0x00000020	[  5] _s3eDeviceGetString
0x0000AF80	0x00000020	[  5] _s3eDeviceLoaderCallDone
0x0000AFA0	0x00000020	[  5] _s3eDeviceLoaderCallStart
0x0000AFC0	0x00000020	[  5] _s3eDeviceNetworkCheckStart
0x0000AFE0	0x00000020	[  5] _s3eDeviceNetworkCheckStop
0x0000B000	0x00000020	[  5] _s3eDeviceRegister
0x0000B020	0x00000020	[  5] _s3eDeviceRequestQuit
0x0000B040	0x00000020	[  5] _s3eDeviceSetInt
0x0000B060	0x00000020	[  5] _s3eDeviceUnRegister
0x0000B080	0x00000020	[  5] _s3eDeviceUnYield
0x0000B0A0	0x00000020	[  5] _s3eDeviceYield
0x0000B0C0	0x00000020	[  5] _s3eDeviceYieldUntilEvent
0x0000B0E0	0x00000020	[  5] _s3eExtGet
0x0000B100	0x00000020	[  5] _s3eExtGetError
0x0000B120	0x00000020	[  5] _s3eExtGetErrorString
0x0000B140	0x00000020	[  5] _s3eExtGetHash
0x0000B160	0x00000020	[  5] _s3eFileAddUserFileSys
0x0000B180	0x00000020	[  5] _s3eFileCheckExists
0x0000B1A0	0x00000020	[  5] _s3eFileClose
0x0000B1C0	0x00000020	[  5] _s3eFileDelete
0x0000B1E0	0x00000020	[  5] _s3eFileDeleteDirectory
0x0000B200	0x00000020	[  5] _s3eFileEOF
0x0000B220	0x00000020	[  5] _s3eFileFlush
0x0000B240	0x00000020	[  5] _s3eFileGetChar
0x0000B260	0x00000020	[  5] _s3eFileGetError
0x0000B280	0x00000020	[  5] _s3eFileGetErrorString
0x0000B2A0	0x00000020	[  5] _s3eFileGetFileInt
0x0000B2C0	0x00000020	[  5] _s3eFileGetFileString
0x0000B2E0	0x00000020	[  5] _s3eFileGetFree
0x0000B300	0x00000020	[  5] _s3eFileGetInt
0x0000B320	0x00000020	[  5] _s3eFileGetLastWriteTime
0x0000B340	0x00000020	[  5] _s3eFileGetSize
0x0000B360	0x00000020	[  5] _s3eFileListClose
0x0000B380	0x00000020	[  5] _s3eFileListDirectory
0x0000B3A0	0x00000020	[  5] _s3eFileListNext
0x0000B3C0	0x00000020	[  5] _s3eFileMakeDirectory
0x0000B3E0	0x00000020	[  5] _s3eFileOpen
0x0000B400	0x00000020	[  5] _s3eFileOpenFromMemory
0x0000B420	0x00000020	[  5] _s3eFilePutChar
0x0000B440	0x00000020	[  5] _s3eFileRead
0x0000B460	0x00000020	[  5] _s3eFileReadString
0x0000B480	0x00000020	[  5] _s3eFileRemoveUserFileSys
0x0000B4A0	0x00000020	[  5] _s3eFileRename
0x0000B4C0	0x00000020	[  5] _s3eFileSeek
0x0000B4E0	0x00000020	[  5] _s3eFileSetInt
0x0000B500	0x00000020	[  5] _s3eFileTell
0x0000B520	0x00000020	[  5] _s3eFileTruncate
0x0000B540	0x00000020	[  5] _s3eFileWrite
0x0000B560	0x00000020	[  5] _s3eFree
0x0000B580	0x00000020	[  5] _s3eFreeBase
0x0000B5A0	0x00000020	[  5] _s3eGLGetError
0x0000B5C0	0x00000020	[  5] _s3eGLGetErrorString
0x0000B5E0	0x00000020	[  5] _s3eGLGetInt
0x0000B600	0x00000020	[  5] _s3eGLGetNativeWindow
0x0000B620	0x00000020	[  5] _s3eGLRegister
0x0000B640	0x00000020	[  5] _s3eGLUnRegister
0x0000B660	0x00000020	[  5] _s3eGLUnavailable
0x0000B680	0x00000020	[  5] _s3eInetAton
0x0000B6A0	0x00000020	[  5] _s3eInetHtonl
0x0000B6C0	0x00000020	[  5] _s3eInetHtons
0x0000B6E0	0x00000020	[  5] _s3eInetLookup
0x0000B700	0x00000020	[  5] _s3eInetLookupCancel
0x0000B720	0x00000020	[  5] _s3eInetNtoa
0x0000B740	0x00000020	[  5] _s3eInetNtohl
0x0000B760	0x00000020	[  5] _s3eInetNtohs
0x0000B780	0x00000020	[  5] _s3eInetToString
0x0000B7A0	0x00000020	[  5] _s3eKeyboardAnyKey
0x0000B7C0	0x00000020	[  5] _s3eKeyboardClearState
0x0000B7E0	0x00000020	[  5] _s3eKeyboardGetChar
0x0000B800	0x00000020	[  5] _s3eKeyboardGetDisplayName
0x0000B820	0x00000020	[  5] _s3eKeyboardGetError
0x0000B840	0x00000020	[  5] _s3eKeyboardGetErrorString
0x0000B860	0x00000020	[  5] _s3eKeyboardGetInt
0x0000B880	0x00000020	[  5] _s3eKeyboardGetState
0x0000B8A0	0x00000020	[  5] _s3eKeyboardRegister
0x0000B8C0	0x00000020	[  5] _s3eKeyboardSetInt
0x0000B8E0	0x00000020	[  5] _s3eKeyboardUnRegister
0x0000B900	0x00000020	[  5] _s3eKeyboardUpdate
0x0000B920	0x00000020	[  5] _s3eLicenseBuy
0x0000B940	0x00000020	[  5] _s3eLicenseGetError
0x0000B960	0x00000020	[  5] _s3eLicenseGetErrorString
0x0000B980	0x00000020	[  5] _s3eLicenseGetInt
0x0000B9A0	0x00000020	[  5] _s3eMalloc
0x0000B9C0	0x00000020	[  5] _s3eMallocBase
0x0000B9E0	0x00000020	[  5] _s3eMemoryGetError
0x0000BA00	0x00000020	[  5] _s3eMemoryGetErrorString
0x0000BA20	0x00000020	[  5] _s3eMemoryGetInt
0x0000BA40	0x00000020	[  5] _s3eMemoryGetUserMemMgr
0x0000BA60	0x00000020	[  5] _s3eMemoryHeapAddress
0x0000BA80	0x00000020	[  5] _s3eMemoryHeapCreate
0x0000BAA0	0x00000020	[  5] _s3eMemoryHeapDestroy
0x0000BAC0	0x00000020	[  5] _s3eMemorySetInt
0x0000BAE0	0x00000020	[  5] _s3eMemorySetUserMemMgr
0x0000BB00	0x00000020	[  5] _s3ePointerGetError
0x0000BB20	0x00000020	[  5] _s3ePointerGetErrorString
0x0000BB40	0x00000020	[  5] _s3ePointerGetInt
0x0000BB60	0x00000020	[  5] _s3ePointerGetState
0x0000BB80	0x00000020	[  5] _s3ePointerGetTouchState
0x0000BBA0	0x00000020	[  5] _s3ePointerGetTouchX
0x0000BBC0	0x00000020	[  5] _s3ePointerGetTouchY
0x0000BBE0	0x00000020	[  5] _s3ePointerGetX
0x0000BC00	0x00000020	[  5] _s3ePointerGetY
0x0000BC20	0x00000020	[  5] _s3ePointerRegister
0x0000BC40	0x00000020	[  5] _s3ePointerSetInt
0x0000BC60	0x00000020	[  5] _s3ePointerUnRegister
0x0000BC80	0x00000020	[  5] _s3ePointerUpdate
0x0000BCA0	0x00000020	[  5] _s3eRealloc
0x0000BCC0	0x00000020	[  5] _s3eReallocBase
0x0000BCE0	0x00000020	[  5] _s3eSecureStorageGet
0x0000BD00	0x00000020	[  5] _s3eSecureStorageGetError
0x0000BD20	0x00000020	[  5] _s3eSecureStorageGetErrorString
0x0000BD40	0x00000020	[  5] _s3eSecureStoragePut
0x0000BD60	0x00000020	[  5] _s3eSocketAccept
0x0000BD80	0x00000020	[  5] _s3eSocketBind
0x0000BDA0	0x00000020	[  5] _s3eSocketClose
0x0000BDC0	0x00000020	[  5] _s3eSocketConnect
0x0000BDE0	0x00000020	[  5] _s3eSocketCreate
0x0000BE00	0x00000020	[  5] _s3eSocketGetError
0x0000BE20	0x00000020	[  5] _s3eSocketGetErrorString
0x0000BE40	0x00000020	[  5] _s3eSocketGetInt
0x0000BE60	0x00000020	[  5] _s3eSocketGetLocalName
0x0000BE80	0x00000020	[  5] _s3eSocketGetPeerName
0x0000BEA0	0x00000020	[  5] _s3eSocketGetString
0x0000BEC0	0x00000020	[  5] _s3eSocketListen
0x0000BEE0	0x00000020	[  5] _s3eSocketReadable
0x0000BF00	0x00000020	[  5] _s3eSocketRecv
0x0000BF20	0x00000020	[  5] _s3eSocketRecvFrom
0x0000BF40	0x00000020	[  5] _s3eSocketSend
0x0000BF60	0x00000020	[  5] _s3eSocketSendTo
0x0000BF80	0x00000020	[  5] _s3eSocketWritable
0x0000BFA0	0x00000020	[  5] _s3eSoundChannelGetInt
0x0000BFC0	0x00000020	[  5] _s3eSoundChannelGetInt64
0x0000BFE0	0x00000020	[  5] _s3eSoundChannelPause
0x0000C000	0x00000020	[  5] _s3eSoundChannelPlay
0x0000C020	0x00000020	[  5] _s3eSoundChannelRegister
0x0000C040	0x00000020	[  5] _s3eSoundChannelResume
0x0000C060	0x00000020	[  5] _s3eSoundChannelSetInt
0x0000C080	0x00000020	[  5] _s3eSoundChannelSetInt64
0x0000C0A0	0x00000020	[  5] _s3eSoundChannelStop
0x0000C0C0	0x00000020	[  5] _s3eSoundChannelUnRegister
0x0000C0E0	0x00000020	[  5] _s3eSoundGetError
0x0000C100	0x00000020	[  5] _s3eSoundGetErrorString
0x0000C120	0x00000020	[  5] _s3eSoundGetFreeChannel
0x0000C140	0x00000020	[  5] _s3eSoundGetInt
0x0000C160	0x00000020	[  5] _s3eSoundPauseAllChannels
0x0000C180	0x00000020	[  5] _s3eSoundResumeAllChannels
0x0000C1A0	0x00000020	[  5] _s3eSoundSetInt
0x0000C1C0	0x00000020	[  5] _s3eSoundStopAllChannels
0x0000C1E0	0x00000020	[  5] _s3eSurfaceConvertRGB
0x0000C200	0x00000020	[  5] _s3eSurfaceGetError
0x0000C220	0x00000020	[  5] _s3eSurfaceGetErrorString
0x0000C240	0x00000020	[  5] _s3eSurfaceGetInt
0x0000C260	0x00000020	[  5] _s3eSurfaceInvalidate
0x0000C280	0x00000020	[  5] _s3eSurfacePtr
0x0000C2A0	0x00000020	[  5] _s3eSurfaceRegister
0x0000C2C0	0x00000020	[  5] _s3eSurfaceSetDisplayID
0x0000C2E0	0x00000020	[  5] _s3eSurfaceSetInt
0x0000C300	0x00000020	[  5] _s3eSurfaceSetup
0x0000C320	0x00000020	[  5] _s3eSurfaceShow
0x0000C340	0x00000020	[  5] _s3eSurfaceUnRegister
0x0000C360	0x00000020	[  5] _s3eTimerCancelTimer
0x0000C380	0x00000020	[  5] _s3eTimerGetError
0x0000C3A0	0x00000020	[  5] _s3eTimerGetErrorString
0x0000C3C0	0x00000020	[  5] _s3eTimerGetInt
0x0000C3E0	0x00000020	[  5] _s3eTimerGetLocaltimeOffset
0x0000C400	0x00000020	[  5] _s3eTimerGetMs
0x0000C420	0x00000020	[  5] _s3eTimerGetUST
0x0000C440	0x00000020	[  5] _s3eTimerGetUTC
0x0000C460	0x00000020	[  5] _s3eTimerSetTimer
0x0000C480	0x00000020	[  5] _s3eVibraGetError
0x0000C4A0	0x00000020	[  5] _s3eVibraGetErrorString
0x0000C4C0	0x00000020	[  5] _s3eVibraGetInt
0x0000C4E0	0x00000020	[  5] _s3eVibraSetInt
0x0000C500	0x00000020	[  5] _s3eVibraStop
0x0000C520	0x00000020	[  5] _s3eVibraVibrate
0x0000C540	0x00000020	[  5] _s3eVideoGetError
0x0000C560	0x00000020	[  5] _s3eVideoGetErrorString
0x0000C580	0x00000020	[  5] _s3eVideoGetInt
0x0000C5A0	0x00000020	[  5] _s3eVideoIsCodecSupported
0x0000C5C0	0x00000020	[  5] _s3eVideoIsPlaying
0x0000C5E0	0x00000020	[  5] _s3eVideoPause
0x0000C600	0x00000020	[  5] _s3eVideoPlay
0x0000C620	0x00000020	[  5] _s3eVideoPlayFromBuffer
0x0000C640	0x00000020	[  5] _s3eVideoRegister
0x0000C660	0x00000020	[  5] _s3eVideoResume
0x0000C680	0x00000020	[  5] _s3eVideoSetInt
0x0000C6A0	0x00000020	[  5] _s3eVideoStop
0x0000C6C0	0x00000020	[  5] _s3eVideoUnRegister
0x0000C6E0	0x00000020	[  5] _s3eEdkCallbacksEnqueue
0x0000C700	0x00000020	[  5] _s3eEdkCallbacksIsRegistered
0x0000C720	0x00000020	[  5] _s3eEdkCallbacksRegister
0x0000C740	0x00000020	[  5] _s3eEdkCallbacksRegisterInternal
0x0000C760	0x00000020	[  5] _s3eEdkCallbacksRegisterSpecific
0x0000C780	0x00000020	[  5] _s3eEdkCallbacksUnRegister
0x0000C7A0	0x00000020	[  5] _s3eEdkCallbacksUnRegisterDevice
0x0000C7C0	0x00000020	[  5] _s3eEdkErrorGet
0x0000C7E0	0x00000020	[  5] _s3eEdkErrorGetString
0x0000C800	0x00000020	[  5] _s3eEdkErrorSet
0x0000C820	0x00000020	[  5] _s3eEdkErrorSetStringV
0x0000C840	0x00000020	[  5] _s3eEdkFreeOS
0x0000C860	0x00000020	[  5] _s3eEdkGetAppVersionMajor
0x0000C880	0x00000020	[  5] _s3eEdkGetAppVersionMinor
0x0000C8A0	0x00000020	[  5] _s3eEdkGlobalsGet
0x0000C8C0	0x00000020	[  5] _s3eEdkIsInitialised
0x0000C8E0	0x00000020	[  5] _s3eEdkLibraryClose
0x0000C900	0x00000020	[  5] _s3eEdkLibraryError
0x0000C920	0x00000020	[  5] _s3eEdkLibraryGetSymbol
0x0000C940	0x00000020	[  5] _s3eEdkLibraryOpen
0x0000C960	0x00000020	[  5] _s3eEdkMallocOS
0x0000C980	0x00000020	[  5] _s3eEdkReallocOS
0x0000C9A0	0x00000020	[  5] _s3eEdkRegister
0x0000C9C0	0x00000020	[  5] _s3eEdkThreadRunOnOSAsyncV
0x0000C9E0	0x00000020	[  5] _s3eEdkThreadRunOnOSV
0x0000CA00	0x00000020	[  5] _s3eEdkThreadSetResumed
0x0000CA20	0x00000020	[  5] _s3eEdkThreadSetSuspended
0x0000CA40	0x00000018	[  5] _s3eEdkThreadSleep
0x0000CA60	0x00000020	[  6] _s3eEdkErrorSetString
0x0000CA80	0x00000030	[  6] _s3eEdkThreadRunOnOS
0x0000CAB0	0x00000027	[  6] _s3eEdkThreadRunOnOSAsync
0x0000CAE0	0x00000012	[  7] __IwMain
0x0000CAF2	0x00000006	[  5] _s3eEdkCallbacksEnqueue
0x0000CAF8	0x00000006	[  5] _s3eEdkCallbacksRegister
0x0000CAFE	0x00000006	[  5] _s3eEdkCallbacksUnRegister
0x0000CB04	0x00000006	[  5] _s3eEdkErrorGet
0x0000CB0A	0x00000006	[  5] _s3eEdkErrorSetStringV
0x0000CB10	0x00000006	[  5] _s3eEdkLibraryGetSymbol
0x0000CB16	0x00000006	[  5] _s3eEdkThreadRunOnOSAsyncV
0x0000CB1C	0x00000006	[  5] _s3eEdkThreadRunOnOSV
0x0000CB22	0x00000006	[  8] ___stack_chk_fail
0x0000CB28	0x00000006	[  8] _bzero
0x0000CB2E	0x00000006	[  8] _strcpy
0x0000CB34	0x00000006	[  8] _strlen
0x0000CB3A	0x00000006	[  8] _strncat
0x0000CB40	0x00000006	[  9] _objc_msgSend
0x0000CB48	0x0000000C	[  0] helper helper
0x0000CB54	0x0000000A	[  8] ___stack_chk_fail
0x0000CB5E	0x0000000A	[  8] _bzero
0x0000CB68	0x0000000A	[  8] _strcpy
0x0000CB72	0x0000000A	[  8] _strlen
0x0000CB7C	0x0000000A	[  8] _strncat
0x0000CB86	0x0000000A	[  9] _objc_msgSend
0x0000CB90	0x00000008	[  2] literal string: calling
0x0000CB98	0x0000000A	[  2] literal string: s3eDialog
0x0000CBA2	0x00000017	[  2] literal string: RFLISeK9KP3HkCcnYcuGPA
0x0000CBB9	0x00000008	[  3] literal string: NSAlert
0x0000CBC1	0x00000006	[  3] literal string: alloc
0x0000CBC7	0x00000005	[  3] literal string: init
0x0000CBCC	0x0000000C	[  3] literal string: autorelease
0x0000CBD8	0x00000009	[  3] literal string: NSString
0x0000CBE1	0x00000016	[  3] literal string: stringWithUTF8String:
0x0000CBF7	0x00000010	[  3] literal string: setMessageText:
0x0000CC07	0x00000014	[  3] literal string: setInformativeText:
0x0000CC1B	0x00000014	[  3] literal string: addButtonWithTitle:
0x0000CC2F	0x00000009	[  3] literal string: runModal
0x0000CC38	0x00000001	[  3] literal string: 
0x0000CC39	0x0000000B	[  4] literal string: eglBindAPI
0x0000CC44	0x00000010	[  4] literal string: eglBindTexImage
0x0000CC54	0x00000010	[  4] literal string: eglChooseConfig
0x0000CC64	0x0000000F	[  4] literal string: eglCopyBuffers
0x0000CC73	0x00000011	[  4] literal string: eglCreateContext
0x0000CC84	0x00000021	[  4] literal string: eglCreatePbufferFromClientBuffer
0x0000CCA5	0x00000018	[  4] literal string: eglCreatePbufferSurface
0x0000CCBD	0x00000017	[  4] literal string: eglCreatePixmapSurface
0x0000CCD4	0x00000017	[  4] literal string: eglCreateWindowSurface
0x0000CCEB	0x00000012	[  4] literal string: eglDestroyContext
0x0000CCFD	0x00000012	[  4] literal string: eglDestroySurface
0x0000CD0F	0x00000013	[  4] literal string: eglGetConfigAttrib
0x0000CD22	0x0000000E	[  4] literal string: eglGetConfigs
0x0000CD30	0x00000015	[  4] literal string: eglGetCurrentContext
0x0000CD45	0x00000015	[  4] literal string: eglGetCurrentDisplay
0x0000CD5A	0x00000015	[  4] literal string: eglGetCurrentSurface
0x0000CD6F	0x0000000E	[  4] literal string: eglGetDisplay
0x0000CD7D	0x0000000C	[  4] literal string: eglGetError
0x0000CD89	0x00000012	[  4] literal string: eglGetProcAddress
0x0000CD9B	0x0000000E	[  4] literal string: eglInitialize
0x0000CDA9	0x0000000F	[  4] literal string: eglMakeCurrent
0x0000CDB8	0x0000000C	[  4] literal string: eglQueryAPI
0x0000CDC4	0x00000010	[  4] literal string: eglQueryContext
0x0000CDD4	0x0000000F	[  4] literal string: eglQueryString
0x0000CDE3	0x00000010	[  4] literal string: eglQuerySurface
0x0000CDF3	0x00000013	[  4] literal string: eglReleaseTexImage
0x0000CE06	0x00000011	[  4] literal string: eglReleaseThread
0x0000CE17	0x00000011	[  4] literal string: eglSurfaceAttrib
0x0000CE28	0x0000000F	[  4] literal string: eglSwapBuffers
0x0000CE37	0x00000010	[  4] literal string: eglSwapInterval
0x0000CE47	0x0000000D	[  4] literal string: eglTerminate
0x0000CE54	0x0000000E	[  4] literal string: eglWaitClient
0x0000CE62	0x0000000A	[  4] literal string: eglWaitGL
0x0000CE6C	0x0000000E	[  4] literal string: eglWaitNative
0x0000CE7A	0x00000016	[  4] literal string: glActiveShaderProgram
0x0000CE90	0x00000010	[  4] literal string: glActiveTexture
0x0000CEA0	0x0000000C	[  4] literal string: glAlphaFunc
0x0000CEAC	0x0000000D	[  4] literal string: glAlphaFuncx
0x0000CEB9	0x0000000F	[  4] literal string: glAttachShader
0x0000CEC8	0x0000000D	[  4] literal string: glBeginQuery
0x0000CED5	0x00000019	[  4] literal string: glBeginTransformFeedback
0x0000CEEE	0x00000015	[  4] literal string: glBindAttribLocation
0x0000CF03	0x0000000D	[  4] literal string: glBindBuffer
0x0000CF10	0x00000011	[  4] literal string: glBindBufferBase
0x0000CF21	0x00000012	[  4] literal string: glBindBufferRange
0x0000CF33	0x00000012	[  4] literal string: glBindFramebuffer
0x0000CF45	0x00000013	[  4] literal string: glBindImageTexture
0x0000CF58	0x00000016	[  4] literal string: glBindProgramPipeline
0x0000CF6E	0x00000013	[  4] literal string: glBindRenderbuffer
0x0000CF81	0x0000000E	[  4] literal string: glBindSampler
0x0000CF8F	0x0000000E	[  4] literal string: glBindTexture
0x0000CF9D	0x00000018	[  4] literal string: glBindTransformFeedback
0x0000CFB5	0x00000012	[  4] literal string: glBindVertexArray
0x0000CFC7	0x00000013	[  4] literal string: glBindVertexBuffer
0x0000CFDA	0x0000000D	[  4] literal string: glBlendColor
0x0000CFE7	0x00000010	[  4] literal string: glBlendEquation
0x0000CFF7	0x00000018	[  4] literal string: glBlendEquationSeparate
0x0000D00F	0x0000000C	[  4] literal string: glBlendFunc
0x0000D01B	0x00000014	[  4] literal string: glBlendFuncSeparate
0x0000D02F	0x00000012	[  4] literal string: glBlitFramebuffer
0x0000D041	0x0000000D	[  4] literal string: glBufferData
0x0000D04E	0x00000010	[  4] literal string: glBufferSubData
0x0000D05E	0x00000019	[  4] literal string: glCheckFramebufferStatus
0x0000D077	0x00000008	[  4] literal string: glClear
0x0000D07F	0x00000010	[  4] literal string: glClearBufferfi
0x0000D08F	0x00000010	[  4] literal string: glClearBufferfv
0x0000D09F	0x00000010	[  4] literal string: glClearBufferiv
0x0000D0AF	0x00000011	[  4] literal string: glClearBufferuiv
0x0000D0C0	0x0000000D	[  4] literal string: glClearColor
0x0000D0CD	0x0000000E	[  4] literal string: glClearColorx
0x0000D0DB	0x0000000E	[  4] literal string: glClearDepthf
0x0000D0E9	0x0000000E	[  4] literal string: glClearDepthx
0x0000D0F7	0x0000000F	[  4] literal string: glClearStencil
0x0000D106	0x00000016	[  4] literal string: glClientActiveTexture
0x0000D11C	0x00000011	[  4] literal string: glClientWaitSync
0x0000D12D	0x0000000D	[  4] literal string: glClipPlanef
0x0000D13A	0x0000000D	[  4] literal string: glClipPlanex
0x0000D147	0x0000000A	[  4] literal string: glColor4f
0x0000D151	0x0000000B	[  4] literal string: glColor4ub
0x0000D15C	0x0000000A	[  4] literal string: glColor4x
0x0000D166	0x0000000C	[  4] literal string: glColorMask
0x0000D172	0x0000000F	[  4] literal string: glColorPointer
0x0000D181	0x00000010	[  4] literal string: glCompileShader
0x0000D191	0x00000017	[  4] literal string: glCompressedTexImage2D
0x0000D1A8	0x00000017	[  4] literal string: glCompressedTexImage3D
0x0000D1BF	0x0000001A	[  4] literal string: glCompressedTexSubImage2D
0x0000D1D9	0x0000001A	[  4] literal string: glCompressedTexSubImage3D
0x0000D1F3	0x00000014	[  4] literal string: glCopyBufferSubData
0x0000D207	0x00000011	[  4] literal string: glCopyTexImage2D
0x0000D218	0x00000014	[  4] literal string: glCopyTexSubImage2D
0x0000D22C	0x00000014	[  4] literal string: glCopyTexSubImage3D
0x0000D240	0x00000010	[  4] literal string: glCreateProgram
0x0000D250	0x0000000F	[  4] literal string: glCreateShader
0x0000D25F	0x00000017	[  4] literal string: glCreateShaderProgramv
0x0000D276	0x0000000B	[  4] literal string: glCullFace
0x0000D281	0x0000001A	[  4] literal string: glCurrentPaletteMatrixOES
0x0000D29B	0x00000010	[  4] literal string: glDeleteBuffers
0x0000D2AB	0x00000015	[  4] literal string: glDeleteFramebuffers
0x0000D2C0	0x00000010	[  4] literal string: glDeleteProgram
0x0000D2D0	0x00000019	[  4] literal string: glDeleteProgramPipelines
0x0000D2E9	0x00000010	[  4] literal string: glDeleteQueries
0x0000D2F9	0x00000016	[  4] literal string: glDeleteRenderbuffers
0x0000D30F	0x00000011	[  4] literal string: glDeleteSamplers
0x0000D320	0x0000000F	[  4] literal string: glDeleteShader
0x0000D32F	0x0000000D	[  4] literal string: glDeleteSync
0x0000D33C	0x00000011	[  4] literal string: glDeleteTextures
[...]
0x00017E68	0x0000001C	[  5] FDE for: ___s3eInetToString
0x00017E84	0x0000001C	[  5] FDE for: _s3eKeyboardAnyKey
0x00017EA0	0x0000001C	[  5] FDE for: ___s3eKeyboardAnyKey
0x00017EBC	0x0000001C	[  5] FDE for: _s3eKeyboardClearState
0x00017ED8	0x0000001C	[  5] FDE for: ___s3eKeyboardClearState
0x00017EF4	0x0000001C	[  5] FDE for: _s3eKeyboardGetChar
0x00017F10	0x0000001C	[  5] FDE for: ___s3eKeyboardGetChar
0x00017F2C	0x0000001C	[  5] FDE for: _s3eKeyboardGetDisplayName
0x00017F48	0x0000001C	[  5] FDE for: ___s3eKeyboardGetDisplayName
0x00017F64	0x0000001C	[  5] FDE for: _s3eKeyboardGetError
0x00017F80	0x0000001C	[  5] FDE for: ___s3eKeyboardGetError
0x00017F9C	0x0000001C	[  5] FDE for: _s3eKeyboardGetErrorString
0x00017FB8	0x0000001C	[  5] FDE for: ___s3eKeyboardGetErrorString
0x00017FD4	0x0000001C	[  5] FDE for: _s3eKeyboardGetInt
0x00017FF0	0x0000001C	[  5] FDE for: ___s3eKeyboardGetInt
0x0001800C	0x0000001C	[  5] FDE for: _s3eKeyboardGetState
0x00018028	0x0000001C	[  5] FDE for: ___s3eKeyboardGetState
0x00018044	0x0000001C	[  5] FDE for: _s3eKeyboardRegister
0x00018060	0x0000001C	[  5] FDE for: ___s3eKeyboardRegister
0x0001807C	0x0000001C	[  5] FDE for: _s3eKeyboardSetInt
0x00018098	0x0000001C	[  5] FDE for: ___s3eKeyboardSetInt
0x000180B4	0x0000001C	[  5] FDE for: _s3eKeyboardUnRegister
0x000180D0	0x0000001C	[  5] FDE for: ___s3eKeyboardUnRegister
0x000180EC	0x0000001C	[  5] FDE for: _s3eKeyboardUpdate
0x00018108	0x0000001C	[  5] FDE for: ___s3eKeyboardUpdate
0x00018124	0x0000001C	[  5] FDE for: _s3eLicenseBuy
0x00018140	0x0000001C	[  5] FDE for: ___s3eLicenseBuy
0x0001815C	0x0000001C	[  5] FDE for: _s3eLicenseGetError
0x00018178	0x0000001C	[  5] FDE for: ___s3eLicenseGetError
0x00018194	0x0000001C	[  5] FDE for: _s3eLicenseGetErrorString
0x000181B0	0x0000001C	[  5] FDE for: ___s3eLicenseGetErrorString
0x000181CC	0x0000001C	[  5] FDE for: _s3eLicenseGetInt
0x000181E8	0x0000001C	[  5] FDE for: ___s3eLicenseGetInt
0x00018204	0x0000001C	[  5] FDE for: _s3eMalloc
0x00018220	0x0000001C	[  5] FDE for: ___s3eMalloc
0x0001823C	0x0000001C	[  5] FDE for: _s3eMallocBase
0x00018258	0x0000001C	[  5] FDE for: ___s3eMallocBase
0x00018274	0x0000001C	[  5] FDE for: _s3eMemoryGetError
0x00018290	0x0000001C	[  5] FDE for: ___s3eMemoryGetError
0x000182AC	0x0000001C	[  5] FDE for: _s3eMemoryGetErrorString
0x000182C8	0x0000001C	[  5] FDE for: ___s3eMemoryGetErrorString
0x000182E4	0x0000001C	[  5] FDE for: _s3eMemoryGetInt
0x00018300	0x0000001C	[  5] FDE for: ___s3eMemoryGetInt
0x0001831C	0x0000001C	[  5] FDE for: _s3eMemoryGetUserMemMgr
0x00018338	0x0000001C	[  5] FDE for: ___s3eMemoryGetUserMemMgr
0x00018354	0x0000001C	[  5] FDE for: _s3eMemoryHeapAddress
0x00018370	0x0000001C	[  5] FDE for: ___s3eMemoryHeapAddress
0x0001838C	0x0000001C	[  5] FDE for: _s3eMemoryHeapCreate
0x000183A8	0x0000001C	[  5] FDE for: ___s3eMemoryHeapCreate
0x000183C4	0x0000001C	[  5] FDE for: _s3eMemoryHeapDestroy
0x000183E0	0x0000001C	[  5] FDE for: ___s3eMemoryHeapDestroy
0x000183FC	0x0000001C	[  5] FDE for: _s3eMemorySetInt
0x00018418	0x0000001C	[  5] FDE for: ___s3eMemorySetInt
0x00018434	0x0000001C	[  5] FDE for: _s3eMemorySetUserMemMgr
0x00018450	0x0000001C	[  5] FDE for: ___s3eMemorySetUserMemMgr
0x0001846C	0x0000001C	[  5] FDE for: _s3ePointerGetError
0x00018488	0x0000001C	[  5] FDE for: ___s3ePointerGetError
0x000184A4	0x0000001C	[  5] FDE for: _s3ePointerGetErrorString
0x000184C0	0x0000001C	[  5] FDE for: ___s3ePointerGetErrorString
0x000184DC	0x0000001C	[  5] FDE for: _s3ePointerGetInt
0x000184F8	0x0000001C	[  5] FDE for: ___s3ePointerGetInt
0x00018514	0x0000001C	[  5] FDE for: _s3ePointerGetState
0x00018530	0x0000001C	[  5] FDE for: ___s3ePointerGetState
0x0001854C	0x0000001C	[  5] FDE for: _s3ePointerGetTouchState
0x00018568	0x0000001C	[  5] FDE for: ___s3ePointerGetTouchState
0x00018584	0x0000001C	[  5] FDE for: _s3ePointerGetTouchX
0x000185A0	0x0000001C	[  5] FDE for: ___s3ePointerGetTouchX
0x000185BC	0x0000001C	[  5] FDE for: _s3ePointerGetTouchY
0x000185D8	0x0000001C	[  5] FDE for: ___s3ePointerGetTouchY
0x000185F4	0x0000001C	[  5] FDE for: _s3ePointerGetX
0x00018610	0x0000001C	[  5] FDE for: ___s3ePointerGetX
0x0001862C	0x0000001C	[  5] FDE for: _s3ePointerGetY
0x00018648	0x0000001C	[  5] FDE for: ___s3ePointerGetY
0x00018664	0x0000001C	[  5] FDE for: _s3ePointerRegister
0x00018680	0x0000001C	[  5] FDE for: ___s3ePointerRegister
0x0001869C	0x0000001C	[  5] FDE for: _s3ePointerSetInt
0x000186B8	0x0000001C	[  5] FDE for: ___s3ePointerSetInt
0x000186D4	0x0000001C	[  5] FDE for: _s3ePointerUnRegister
0x000186F0	0x0000001C	[  5] FDE for: ___s3ePointerUnRegister
0x0001870C	0x0000001C	[  5] FDE for: _s3ePointerUpdate
0x00018728	0x0000001C	[  5] FDE for: ___s3ePointerUpdate
0x00018744	0x0000001C	[  5] FDE for: _s3eRealloc
0x00018760	0x0000001C	[  5] FDE for: ___s3eRealloc
0x0001877C	0x0000001C	[  5] FDE for: _s3eReallocBase
0x00018798	0x0000001C	[  5] FDE for: ___s3eReallocBase
0x000187B4	0x0000001C	[  5] FDE for: _s3eSecureStorageGet
0x000187D0	0x0000001C	[  5] FDE for: ___s3eSecureStorageGet
0x000187EC	0x0000001C	[  5] FDE for: _s3eSecureStorageGetError
0x00018808	0x0000001C	[  5] FDE for: ___s3eSecureStorageGetError
0x00018824	0x0000001C	[  5] FDE for: _s3eSecureStorageGetErrorString
0x00018840	0x0000001C	[  5] FDE for: ___s3eSecureStorageGetErrorString
0x0001885C	0x0000001C	[  5] FDE for: _s3eSecureStoragePut
0x00018878	0x0000001C	[  5] FDE for: ___s3eSecureStoragePut
0x00018894	0x0000001C	[  5] FDE for: _s3eSocketAccept
0x000188B0	0x0000001C	[  5] FDE for: ___s3eSocketAccept
0x000188CC	0x0000001C	[  5] FDE for: _s3eSocketBind
0x000188E8	0x0000001C	[  5] FDE for: ___s3eSocketBind
0x00018904	0x0000001C	[  5] FDE for: _s3eSocketClose
0x00018920	0x0000001C	[  5] FDE for: ___s3eSocketClose
0x0001893C	0x0000001C	[  5] FDE for: _s3eSocketConnect
0x00018958	0x0000001C	[  5] FDE for: ___s3eSocketConnect
0x00018974	0x0000001C	[  5] FDE for: _s3eSocketCreate
0x00018990	0x0000001C	[  5] FDE for: ___s3eSocketCreate
0x000189AC	0x0000001C	[  5] FDE for: _s3eSocketGetError
0x000189C8	0x0000001C	[  5] FDE for: ___s3eSocketGetError
0x000189E4	0x0000001C	[  5] FDE for: _s3eSocketGetErrorString
0x00018A00	0x0000001C	[  5] FDE for: ___s3eSocketGetErrorString
0x00018A1C	0x0000001C	[  5] FDE for: _s3eSocketGetInt
0x00018A38	0x0000001C	[  5] FDE for: ___s3eSocketGetInt
0x00018A54	0x0000001C	[  5] FDE for: _s3eSocketGetLocalName
0x00018A70	0x0000001C	[  5] FDE for: ___s3eSocketGetLocalName
0x00018A8C	0x0000001C	[  5] FDE for: _s3eSocketGetPeerName
0x00018AA8	0x0000001C	[  5] FDE for: ___s3eSocketGetPeerName
0x00018AC4	0x0000001C	[  5] FDE for: _s3eSocketGetString
0x00018AE0	0x0000001C	[  5] FDE for: ___s3eSocketGetString
0x00018AFC	0x0000001C	[  5] FDE for: _s3eSocketListen
0x00018B18	0x0000001C	[  5] FDE for: ___s3eSocketListen
0x00018B34	0x0000001C	[  5] FDE for: _s3eSocketReadable
0x00018B50	0x0000001C	[  5] FDE for: ___s3eSocketReadable
0x00018B6C	0x0000001C	[  5] FDE for: _s3eSocketRecv
0x00018B88	0x0000001C	[  5] FDE for: ___s3eSocketRecv
0x00018BA4	0x0000001C	[  5] FDE for: _s3eSocketRecvFrom
0x00018BC0	0x0000001C	[  5] FDE for: ___s3eSocketRecvFrom
0x00018BDC	0x0000001C	[  5] FDE for: _s3eSocketSend
0x00018BF8	0x0000001C	[  5] FDE for: ___s3eSocketSend
0x00018C14	0x0000001C	[  5] FDE for: _s3eSocketSendTo
0x00018C30	0x0000001C	[  5] FDE for: ___s3eSocketSendTo
0x00018C4C	0x0000001C	[  5] FDE for: _s3eSocketWritable
0x00018C68	0x0000001C	[  5] FDE for: ___s3eSocketWritable
0x00018C84	0x0000001C	[  5] FDE for: _s3eSoundChannelGetInt
0x00018CA0	0x0000001C	[  5] FDE for: ___s3eSoundChannelGetInt
0x00018CBC	0x0000001C	[  5] FDE for: _s3eSoundChannelGetInt64
0x00018CD8	0x0000001C	[  5] FDE for: ___s3eSoundChannelGetInt64
0x00018CF4	0x0000001C	[  5] FDE for: _s3eSoundChannelPause
0x00018D10	0x0000001C	[  5] FDE for: ___s3eSoundChannelPause
0x00018D2C	0x0000001C	[  5] FDE for: _s3eSoundChannelPlay
0x00018D48	0x0000001C	[  5] FDE for: ___s3eSoundChannelPlay
0x00018D64	0x0000001C	[  5] FDE for: _s3eSoundChannelRegister
0x00018D80	0x0000001C	[  5] FDE for: ___s3eSoundChannelRegister
0x00018D9C	0x0000001C	[  5] FDE for: _s3eSoundChannelResume
0x00018DB8	0x0000001C	[  5] FDE for: ___s3eSoundChannelResume
0x00018DD4	0x0000001C	[  5] FDE for: _s3eSoundChannelSetInt
0x00018DF0	0x0000001C	[  5] FDE for: ___s3eSoundChannelSetInt
0x00018E0C	0x0000001C	[  5] FDE for: _s3eSoundChannelSetInt64
0x00018E28	0x0000001C	[  5] FDE for: ___s3eSoundChannelSetInt64
0x00018E44	0x0000001C	[  5] FDE for: _s3eSoundChannelStop
0x00018E60	0x0000001C	[  5] FDE for: ___s3eSoundChannelStop
0x00018E7C	0x0000001C	[  5] FDE for: _s3eSoundChannelUnRegister
0x00018E98	0x0000001C	[  5] FDE for: ___s3eSoundChannelUnRegister
0x00018EB4	0x0000001C	[  5] FDE for: _s3eSoundGetError
0x00018ED0	0x0000001C	[  5] FDE for: ___s3eSoundGetError
0x00018EEC	0x0000001C	[  5] FDE for: _s3eSoundGetErrorString
0x00018F08	0x0000001C	[  5] FDE for: ___s3eSoundGetErrorString
0x00018F24	0x0000001C	[  5] FDE for: _s3eSoundGetFreeChannel
0x00018F40	0x0000001C	[  5] FDE for: ___s3eSoundGetFreeChannel
0x00018F5C	0x0000001C	[  5] FDE for: _s3eSoundGetInt
0x00018F78	0x0000001C	[  5] FDE for: ___s3eSoundGetInt
0x00018F94	0x0000001C	[  5] FDE for: _s3eSoundPauseAllChannels
0x00018FB0	0x0000001C	[  5] FDE for: ___s3eSoundPauseAllChannels
0x00018FCC	0x0000001C	[  5] FDE for: _s3eSoundResumeAllChannels
0x00018FE8	0x0000001C	[  5] FDE for: ___s3eSoundResumeAllChannels
0x00019004	0x0000001C	[  5] FDE for: _s3eSoundSetInt
0x00019020	0x0000001C	[  5] FDE for: ___s3eSoundSetInt
0x0001903C	0x0000001C	[  5] FDE for: _s3eSoundStopAllChannels
0x00019058	0x0000001C	[  5] FDE for: ___s3eSoundStopAllChannels
0x00019074	0x0000001C	[  5] FDE for: _s3eSurfaceConvertRGB
0x00019090	0x0000001C	[  5] FDE for: ___s3eSurfaceConvertRGB
0x000190AC	0x0000001C	[  5] FDE for: _s3eSurfaceGetError
0x000190C8	0x0000001C	[  5] FDE for: ___s3eSurfaceGetError
0x000190E4	0x0000001C	[  5] FDE for: _s3eSurfaceGetErrorString
0x00019100	0x0000001C	[  5] FDE for: ___s3eSurfaceGetErrorString
0x0001911C	0x0000001C	[  5] FDE for: _s3eSurfaceGetInt
0x00019138	0x0000001C	[  5] FDE for: ___s3eSurfaceGetInt
0x00019154	0x0000001C	[  5] FDE for: _s3eSurfaceInvalidate
0x00019170	0x0000001C	[  5] FDE for: ___s3eSurfaceInvalidate
0x0001918C	0x0000001C	[  5] FDE for: _s3eSurfacePtr
0x000191A8	0x0000001C	[  5] FDE for: ___s3eSurfacePtr
0x000191C4	0x0000001C	[  5] FDE for: _s3eSurfaceRegister
0x000191E0	0x0000001C	[  5] FDE for: ___s3eSurfaceRegister
0x000191FC	0x0000001C	[  5] FDE for: _s3eSurfaceSetDisplayID
0x00019218	0x0000001C	[  5] FDE for: ___s3eSurfaceSetDisplayID
0x00019234	0x0000001C	[  5] FDE for: _s3eSurfaceSetInt
0x00019250	0x0000001C	[  5] FDE for: ___s3eSurfaceSetInt
0x0001926C	0x0000001C	[  5] FDE for: _s3eSurfaceSetup
0x00019288	0x0000001C	[  5] FDE for: ___s3eSurfaceSetup
0x000192A4	0x0000001C	[  5] FDE for: _s3eSurfaceShow
0x000192C0	0x0000001C	[  5] FDE for: ___s3eSurfaceShow
0x000192DC	0x0000001C	[  5] FDE for: _s3eSurfaceUnRegister
0x000192F8	0x0000001C	[  5] FDE for: ___s3eSurfaceUnRegister
0x00019314	0x0000001C	[  5] FDE for: _s3eTimerCancelTimer
0x00019330	0x0000001C	[  5] FDE for: ___s3eTimerCancelTimer
0x0001934C	0x0000001C	[  5] FDE for: _s3eTimerGetError
0x00019368	0x0000001C	[  5] FDE for: ___s3eTimerGetError
0x00019384	0x0000001C	[  5] FDE for: _s3eTimerGetErrorString
0x000193A0	0x0000001C	[  5] FDE for: ___s3eTimerGetErrorString
0x000193BC	0x0000001C	[  5] FDE for: _s3eTimerGetInt
0x000193D8	0x0000001C	[  5] FDE for: ___s3eTimerGetInt
0x000193F4	0x0000001C	[  5] FDE for: _s3eTimerGetLocaltimeOffset
0x00019410	0x0000001C	[  5] FDE for: ___s3eTimerGetLocaltimeOffset
0x0001942C	0x0000001C	[  5] FDE for: _s3eTimerGetMs
0x00019448	0x0000001C	[  5] FDE for: ___s3eTimerGetMs
0x00019464	0x0000001C	[  5] FDE for: _s3eTimerGetUST
0x00019480	0x0000001C	[  5] FDE for: ___s3eTimerGetUST
0x0001949C	0x0000001C	[  5] FDE for: _s3eTimerGetUTC
0x000194B8	0x0000001C	[  5] FDE for: ___s3eTimerGetUTC
0x000194D4	0x0000001C	[  5] FDE for: _s3eTimerSetTimer
0x000194F0	0x0000001C	[  5] FDE for: ___s3eTimerSetTimer
0x0001950C	0x0000001C	[  5] FDE for: _s3eVibraGetError
0x00019528	0x0000001C	[  5] FDE for: ___s3eVibraGetError
0x00019544	0x0000001C	[  5] FDE for: _s3eVibraGetErrorString
0x00019560	0x0000001C	[  5] FDE for: ___s3eVibraGetErrorString
0x0001957C	0x0000001C	[  5] FDE for: _s3eVibraGetInt
0x00019598	0x0000001C	[  5] FDE for: ___s3eVibraGetInt
0x000195B4	0x0000001C	[  5] FDE for: _s3eVibraSetInt
0x000195D0	0x0000001C	[  5] FDE for: ___s3eVibraSetInt
0x000195EC	0x0000001C	[  5] FDE for: _s3eVibraStop
0x00019608	0x0000001C	[  5] FDE for: ___s3eVibraStop
0x00019624	0x0000001C	[  5] FDE for: _s3eVibraVibrate
0x00019640	0x0000001C	[  5] FDE for: ___s3eVibraVibrate
0x0001965C	0x0000001C	[  5] FDE for: _s3eVideoGetError
0x00019678	0x0000001C	[  5] FDE for: ___s3eVideoGetError
0x00019694	0x0000001C	[  5] FDE for: _s3eVideoGetErrorString
0x000196B0	0x0000001C	[  5] FDE for: ___s3eVideoGetErrorString
0x000196CC	0x0000001C	[  5] FDE for: _s3eVideoGetInt
0x000196E8	0x0000001C	[  5] FDE for: ___s3eVideoGetInt
0x00019704	0x0000001C	[  5] FDE for: _s3eVideoIsCodecSupported
0x00019720	0x0000001C	[  5] FDE for: ___s3eVideoIsCodecSupported
0x0001973C	0x0000001C	[  5] FDE for: _s3eVideoIsPlaying
0x00019758	0x0000001C	[  5] FDE for: ___s3eVideoIsPlaying
0x00019774	0x0000001C	[  5] FDE for: _s3eVideoPause
0x00019790	0x0000001C	[  5] FDE for: ___s3eVideoPause
0x000197AC	0x0000001C	[  5] FDE for: _s3eVideoPlay
0x000197C8	0x0000001C	[  5] FDE for: ___s3eVideoPlay
0x000197E4	0x0000001C	[  5] FDE for: _s3eVideoPlayFromBuffer
0x00019800	0x0000001C	[  5] FDE for: ___s3eVideoPlayFromBuffer
0x0001981C	0x0000001C	[  5] FDE for: _s3eVideoRegister
0x00019838	0x0000001C	[  5] FDE for: ___s3eVideoRegister
0x00019854	0x0000001C	[  5] FDE for: _s3eVideoResume
0x00019870	0x0000001C	[  5] FDE for: ___s3eVideoResume
0x0001988C	0x0000001C	[  5] FDE for: _s3eVideoSetInt
0x000198A8	0x0000001C	[  5] FDE for: ___s3eVideoSetInt
0x000198C4	0x0000001C	[  5] FDE for: _s3eVideoStop
0x000198E0	0x0000001C	[  5] FDE for: ___s3eVideoStop
0x000198FC	0x0000001C	[  5] FDE for: _s3eVideoUnRegister
0x00019918	0x0000001C	[  5] FDE for: ___s3eVideoUnRegister
0x00019934	0x0000001C	[  5] FDE for: _s3eEdkCallbacksEnqueue
0x00019950	0x0000001C	[  5] FDE for: ___s3eEdkCallbacksEnqueue
0x0001996C	0x0000001C	[  5] FDE for: _s3eEdkCallbacksIsRegistered
0x00019988	0x0000001C	[  5] FDE for: ___s3eEdkCallbacksIsRegistered
0x000199A4	0x0000001C	[  5] FDE for: _s3eEdkCallbacksRegister
0x000199C0	0x0000001C	[  5] FDE for: ___s3eEdkCallbacksRegister
0x000199DC	0x0000001C	[  5] FDE for: _s3eEdkCallbacksRegisterInternal
0x000199F8	0x0000001C	[  5] FDE for: ___s3eEdkCallbacksRegisterInternal
0x00019A14	0x0000001C	[  5] FDE for: _s3eEdkCallbacksRegisterSpecific
0x00019A30	0x0000001C	[  5] FDE for: ___s3eEdkCallbacksRegisterSpecific
0x00019A4C	0x0000001C	[  5] FDE for: _s3eEdkCallbacksUnRegister
0x00019A68	0x0000001C	[  5] FDE for: ___s3eEdkCallbacksUnRegister
0x00019A84	0x0000001C	[  5] FDE for: _s3eEdkCallbacksUnRegisterDevice
0x00019AA0	0x0000001C	[  5] FDE for: ___s3eEdkCallbacksUnRegisterDevice
0x00019ABC	0x0000001C	[  5] FDE for: _s3eEdkErrorGet
0x00019AD8	0x0000001C	[  5] FDE for: ___s3eEdkErrorGet
0x00019AF4	0x0000001C	[  5] FDE for: _s3eEdkErrorGetString
0x00019B10	0x0000001C	[  5] FDE for: ___s3eEdkErrorGetString
0x00019B2C	0x0000001C	[  5] FDE for: _s3eEdkErrorSet
0x00019B48	0x0000001C	[  5] FDE for: ___s3eEdkErrorSet
0x00019B64	0x0000001C	[  5] FDE for: _s3eEdkErrorSetStringV
0x00019B80	0x0000001C	[  5] FDE for: ___s3eEdkErrorSetStringV
0x00019B9C	0x0000001C	[  5] FDE for: _s3eEdkFreeOS
0x00019BB8	0x0000001C	[  5] FDE for: ___s3eEdkFreeOS
0x00019BD4	0x0000001C	[  5] FDE for: _s3eEdkGetAppVersionMajor
0x00019BF0	0x0000001C	[  5] FDE for: ___s3eEdkGetAppVersionMajor
0x00019C0C	0x0000001C	[  5] FDE for: _s3eEdkGetAppVersionMinor
0x00019C28	0x0000001C	[  5] FDE for: ___s3eEdkGetAppVersionMinor
0x00019C44	0x0000001C	[  5] FDE for: _s3eEdkGlobalsGet
0x00019C60	0x0000001C	[  5] FDE for: ___s3eEdkGlobalsGet
0x00019C7C	0x0000001C	[  5] FDE for: _s3eEdkIsInitialised
0x00019C98	0x0000001C	[  5] FDE for: ___s3eEdkIsInitialised
0x00019CB4	0x0000001C	[  5] FDE for: _s3eEdkLibraryClose
0x00019CD0	0x0000001C	[  5] FDE for: ___s3eEdkLibraryClose
0x00019CEC	0x0000001C	[  5] FDE for: _s3eEdkLibraryError
0x00019D08	0x0000001C	[  5] FDE for: ___s3eEdkLibraryError
0x00019D24	0x0000001C	[  5] FDE for: _s3eEdkLibraryGetSymbol
0x00019D40	0x0000001C	[  5] FDE for: ___s3eEdkLibraryGetSymbol
0x00019D5C	0x0000001C	[  5] FDE for: _s3eEdkLibraryOpen
0x00019D78	0x0000001C	[  5] FDE for: ___s3eEdkLibraryOpen
0x00019D94	0x0000001C	[  5] FDE for: _s3eEdkMallocOS
0x00019DB0	0x0000001C	[  5] FDE for: ___s3eEdkMallocOS
0x00019DCC	0x0000001C	[  5] FDE for: _s3eEdkReallocOS
0x00019DE8	0x0000001C	[  5] FDE for: ___s3eEdkReallocOS
0x00019E04	0x0000001C	[  5] FDE for: _s3eEdkRegister
0x00019E20	0x0000001C	[  5] FDE for: ___s3eEdkRegister
0x00019E3C	0x0000001C	[  5] FDE for: _s3eEdkThreadRunOnOSAsyncV
0x00019E58	0x0000001C	[  5] FDE for: ___s3eEdkThreadRunOnOSAsyncV
0x00019E74	0x0000001C	[  5] FDE for: _s3eEdkThreadRunOnOSV
0x00019E90	0x0000001C	[  5] FDE for: ___s3eEdkThreadRunOnOSV
0x00019EAC	0x0000001C	[  5] FDE for: _s3eEdkThreadSetResumed
0x00019EC8	0x0000001C	[  5] FDE for: ___s3eEdkThreadSetResumed
0x00019EE4	0x0000001C	[  5] FDE for: _s3eEdkThreadSetSuspended
0x00019F00	0x0000001C	[  5] FDE for: ___s3eEdkThreadSetSuspended
0x00019F1C	0x0000001C	[  5] FDE for: _s3eEdkThreadSleep
0x00019F38	0x0000001C	[  5] FDE for: ___s3eEdkThreadSleep
0x00019F54	0x00000018	[  6] CIE
0x00019F6C	0x0000001C	[  6] FDE for: _s3eEdkErrorSetString
0x00019F88	0x0000001C	[  6] FDE for: _s3eEdkThreadRunOnOS
0x00019FA4	0x0000001C	[  6] FDE for: _s3eEdkThreadRunOnOSAsync
0x00019FC0	0x00000018	[  7] CIE
0x00019FD8	0x0000001C	[  7] FDE for: __IwMain
0x0001A000	0x00000004	[  0] non-lazy-pointer-to-local: dyld_stub_binder
0x0001A004	0x00000004	[  0] non-lazy-pointer
0x0001A008	0x00000004	[  2] non-lazy-pointer-to: __Z13s3eDialogInitv
0x0001A00C	0x00000004	[  2] non-lazy-pointer-to: __Z18s3eDialogTerminatev
0x0001A010	0x00000004	[  2] non-lazy-pointer-to: ___stack_chk_guard
0x0001A014	0x00000004	[  2] non-lazy-pointer-to: _s3eDialogAlertBox
0x0001A018	0x00000004	[  2] non-lazy-pointer-to: _s3eDialogRegister
0x0001A01C	0x00000004	[  2] non-lazy-pointer-to: _s3eDialogUnRegister
0x0001A020	0x00000004	[  5] non-lazy-pointer-to: _g_S3E_API
0x0001A024	0x00000004	[  5] _s3eEdkCallbacksEnqueue
0x0001A028	0x00000004	[  5] _s3eEdkCallbacksRegister
0x0001A02C	0x00000004	[  5] _s3eEdkCallbacksUnRegister
0x0001A030	0x00000004	[  5] _s3eEdkErrorGet
0x0001A034	0x00000004	[  5] _s3eEdkErrorSetStringV
0x0001A038	0x00000004	[  5] _s3eEdkLibraryGetSymbol
0x0001A03C	0x00000004	[  5] _s3eEdkThreadRunOnOSAsyncV
0x0001A040	0x00000004	[  5] _s3eEdkThreadRunOnOSV
0x0001A044	0x00000004	[  8] ___stack_chk_fail
0x0001A048	0x00000004	[  8] _bzero
0x0001A04C	0x00000004	[  8] _strcpy
0x0001A050	0x00000004	[  8] _strlen
0x0001A054	0x00000004	[  8] _strncat
0x0001A058	0x00000004	[  9] _objc_msgSend
0x0001A05C	0x00002D00	[  4] _g_S3E_API
0x0001CD5C	0x00000001	[  4] __IwAppVersionMajor
0x0001CD5D	0x00000001	[  4] __IwAppVersionMinor
0x0001CD5E	0x00000300	[  4] __Z9g_Message
0x0001E000	0x00000004	[  3] pointer-to-literal-objc-class-name
0x0001E004	0x00000004	[  3] pointer-to-literal-objc-class-name
0x0001E008	0x00000004	[  3] pointer-to-literal-cstring
0x0001E00C	0x00000004	[  3] pointer-to-literal-cstring
0x0001E010	0x00000004	[  3] pointer-to-literal-cstring
0x0001E014	0x00000004	[  3] pointer-to-literal-cstring
0x0001E018	0x00000004	[  3] pointer-to-literal-cstring
0x0001E01C	0x00000004	[  3] pointer-to-literal-cstring
0x0001E020	0x00000004	[  3] pointer-to-literal-cstring
0x0001E024	0x00000004	[  3] pointer-to-literal-cstring
0x0001E028	0x00000010	[  3] anon
0x0001E038	0x00000008	[  0] objc image info
