# Path: /Users/jenkins/JenkinsWS/workspace/ReleaseMacFullBinaries/sdk/extensions/s3eDialog/lib/osx/libs3eDialog_d.dylib
# Arch: i386
# Object files:
[  0] linker synthesized
[  1] debug/s3eDialog.os
[  2] debug/s3eDialog_register.os
[  3] debug/s3eDialog_platform.os
[  4] /Users/jenkins/JenkinsWS/workspace/ReleaseMacFullBinaries/sdk/s3e/edk/lib/osx/libedk.a(iwcrt_api_bind.o)
[  5] /Users/jenkins/JenkinsWS/workspace/ReleaseMacFullBinaries/sdk/s3e/edk/lib/osx/libedk.a(iwcrt_api_define.o)
[  6] /Users/jenkins/JenkinsWS/workspace/ReleaseMacFullBinaries/sdk/s3e/edk/lib/osx/libedk.a(edk_helpers.o)
[  7] /Users/jenkins/JenkinsWS/workspace/ReleaseMacFullBinaries/sdk/s3e/edk/lib/osx/libedk.a(IwDebug.o)
[  8] /Users/jenkins/JenkinsWS/workspace/ReleaseMacFullBinaries/sdk/s3e/edk/lib/osx/libedk.a(IwMain.o)
[  9] /Applications/Xcode.app/Contents/Developer/Platforms/MacOSX.platform/Developer/SDKs/MacOSX10.9.sdk/usr/lib/libSystem.dylib
[ 10] /Applications/Xcode.app/Contents/Developer/Platforms/MacOSX.platform/Developer/SDKs/MacOSX10.9.sdk/usr/lib/libobjc.A.dylib
# Sections:
# Address	Size    	Segment	Section
0x00000BC0	0x0000CAF2	__TEXT	__text
0x0000D6B2	0x000000B4	__TEXT	__symbol_stub
0x0000D768	0x000000A2	__TEXT	__stub_helper
0x0000D80A	0x000034F9	__TEXT	__cstring
0x00010D04	0x000000B4	__TEXT	__unwind_info
0x00010DB8	0x0000A248	__TEXT	__eh_frame
0x0001B000	0x00000024	__DATA	__nl_symbol_ptr
0x0001B024	0x00000078	__DATA	__la_symbol_ptr
0x0001B09C	0x00000004	__DATA	__mod_init_func
0x0001B0A0	0x00002D02	__DATA	__data
0x0001DDA4	0x00002928	__DATA	__common
0x000206CC	0x00000300	__DATA	__bss
0x00021000	0x00000008	__OBJC	__cls_refs
0x00021008	0x00000020	__OBJC	__message_refs
0x00021028	0x00000010	__OBJC	__module_info
0x00021038	0x00000008	__OBJC	__image_info
# Symbols:
# Address	Size    	File  Name
0x00000BC0	0x00000010	[  1] __Z13s3eDialogInitv
0x00000BD0	0x00000070	[  1] _s3eDialogRegister
0x00000C40	0x00000060	[  1] _s3eDialogUnRegister
0x00000CA0	0x00000010	[  1] __Z18s3eDialogTerminatev
0x00000CB0	0x0000001C	[  1] _s3eDialogAlertBox
0x00000CD0	0x00000010	[  2] _s3eDialogGetErrorString
0x00000CE0	0x00000020	[  2] _s3eDialogGetError
0x00000D00	0x00000180	[  2] __Z20s3eDialogRegisterExtv
0x00000E80	0x000000A0	[  2] __ZL22s3eDialogAlertBox_wrapP18s3eDialogAlertInfo
0x00000F20	0x00000010	[  2] _RegisterExt
0x00000F30	0x00000010	[  3] __Z22s3eDialogInit_platformv
0x00000F40	0x00000010	[  3] __Z27s3eDialogTerminate_platformv
0x00000F50	0x00000030	[  3] __Z26s3eDialogRegister_platform17s3eDialogCallbackPFiPvS0_ES0_
0x00000F80	0x00000020	[  3] __Z28s3eDialogUnRegister_platform17s3eDialogCallbackPFiPvS0_E
0x00000FA0	0x00000441	[  3] __Z26s3eDialogAlertBox_platformP18s3eDialogAlertInfo
0x000013F0	0x00000210	[  4] __IwBindAPI
0x00001600	0x00000022	[  4] __IwAppEntry
0x00001630	0x00000020	[  5] ___eglBindAPI
0x00001650	0x00000020	[  5] ___eglBindTexImage
0x00001670	0x00000020	[  5] ___eglChooseConfig
0x00001690	0x00000020	[  5] ___eglCopyBuffers
0x000016B0	0x00000020	[  5] ___eglCreateContext
0x000016D0	0x00000020	[  5] ___eglCreatePbufferFromClientBuffer
0x000016F0	0x00000020	[  5] ___eglCreatePbufferSurface
0x00001710	0x00000020	[  5] ___eglCreatePixmapSurface
0x00001730	0x00000020	[  5] ___eglCreateWindowSurface
0x00001750	0x00000020	[  5] ___eglDestroyContext
0x00001770	0x00000020	[  5] ___eglDestroySurface
0x00001790	0x00000020	[  5] ___eglGetConfigAttrib
0x000017B0	0x00000020	[  5] ___eglGetConfigs
0x000017D0	0x00000020	[  5] ___eglGetCurrentContext
0x000017F0	0x00000020	[  5] ___eglGetCurrentDisplay
0x00001810	0x00000020	[  5] ___eglGetCurrentSurface
0x00001830	0x00000020	[  5] ___eglGetDisplay
0x00001850	0x00000020	[  5] ___eglGetError
0x00001870	0x00000020	[  5] ___eglGetProcAddress
0x00001890	0x00000020	[  5] ___eglInitialize
0x000018B0	0x00000020	[  5] ___eglMakeCurrent
0x000018D0	0x00000020	[  5] ___eglQueryAPI
0x000018F0	0x00000020	[  5] ___eglQueryContext
0x00001910	0x00000020	[  5] ___eglQueryString
0x00001930	0x00000020	[  5] ___eglQuerySurface
0x00001950	0x00000020	[  5] ___eglReleaseTexImage
0x00001970	0x00000020	[  5] ___eglReleaseThread
0x00001990	0x00000020	[  5] ___eglSurfaceAttrib
0x000019B0	0x00000020	[  5] ___eglSwapBuffers
0x000019D0	0x00000020	[  5] ___eglSwapInterval
0x000019F0	0x00000020	[  5] ___eglTerminate
0x00001A10	0x00000020	[  5] ___eglWaitClient
0x00001A30	0x00000020	[  5] ___eglWaitGL
0x00001A50	0x00000020	[  5] ___eglWaitNative
0x00001A70	0x00000020	[  5] ___glActiveShaderProgram
0x00001A90	0x00000020	[  5] ___glActiveTexture
0x00001AB0	0x00000020	[  5] ___glAlphaFunc
0x00001AD0	0x00000020	[  5] ___glAlphaFuncx
0x00001AF0	0x00000020	[  5] ___glAttachShader
0x00001B10	0x00000020	[  5] ___glBeginQuery
0x00001B30	0x00000020	[  5] ___glBeginTransformFeedback
0x00001B50	0x00000020	[  5] ___glBindAttribLocation
0x00001B70	0x00000020	[  5] ___glBindBuffer
0x00001B90	0x00000020	[  5] ___glBindBufferBase
0x00001BB0	0x00000020	[  5] ___glBindBufferRange
0x00001BD0	0x00000020	[  5] ___glBindFramebuffer
0x00001BF0	0x00000020	[  5] ___glBindImageTexture
0x00001C10	0x00000020	[  5] ___glBindProgramPipeline
0x00001C30	0x00000020	[  5] ___glBindRenderbuffer
0x00001C50	0x00000020	[  5] ___glBindSampler
0x00001C70	0x00000020	[  5] ___glBindTexture
0x00001C90	0x00000020	[  5] ___glBindTransformFeedback
0x00001CB0	0x00000020	[  5] ___glBindVertexArray
0x00001CD0	0x00000020	[  5] ___glBindVertexBuffer
0x00001CF0	0x00000020	[  5] ___glBlendColor
0x00001D10	0x00000020	[  5] ___glBlendEquation
0x00001D30	0x00000020	[  5] ___glBlendEquationSeparate
0x00001D50	0x00000020	[  5] ___glBlendFunc
0x00001D70	0x00000020	[  5] ___glBlendFuncSeparate
0x00001D90	0x00000020	[  5] ___glBlitFramebuffer
0x00001DB0	0x00000020	[  5] ___glBufferData
0x00001DD0	0x00000020	[  5] ___glBufferSubData
0x00001DF0	0x00000020	[  5] ___glCheckFramebufferStatus
0x00001E10	0x00000020	[  5] ___glClear
0x00001E30	0x00000020	[  5] ___glClearBufferfi
0x00001E50	0x00000020	[  5] ___glClearBufferfv
0x00001E70	0x00000020	[  5] ___glClearBufferiv
0x00001E90	0x00000020	[  5] ___glClearBufferuiv
0x00001EB0	0x00000020	[  5] ___glClearColor
0x00001ED0	0x00000020	[  5] ___glClearColorx
0x00001EF0	0x00000020	[  5] ___glClearDepthf
0x00001F10	0x00000020	[  5] ___glClearDepthx
0x00001F30	0x00000020	[  5] ___glClearStencil
0x00001F50	0x00000020	[  5] ___glClientActiveTexture
0x00001F70	0x00000020	[  5] ___glClientWaitSync
0x00001F90	0x00000020	[  5] ___glClipPlanef
0x00001FB0	0x00000020	[  5] ___glClipPlanex
0x00001FD0	0x00000020	[  5] ___glColor4f
0x00001FF0	0x00000020	[  5] ___glColor4ub
0x00002010	0x00000020	[  5] ___glColor4x
0x00002030	0x00000020	[  5] ___glColorMask
0x00002050	0x00000020	[  5] ___glColorPointer
0x00002070	0x00000020	[  5] ___glCompileShader
0x00002090	0x00000020	[  5] ___glCompressedTexImage2D
0x000020B0	0x00000020	[  5] ___glCompressedTexImage3D
0x000020D0	0x00000020	[  5] ___glCompressedTexSubImage2D
0x000020F0	0x00000020	[  5] ___glCompressedTexSubImage3D
0x00002110	0x00000020	[  5] ___glCopyBufferSubData
0x00002130	0x00000020	[  5] ___glCopyTexImage2D
0x00002150	0x00000020	[  5] ___glCopyTexSubImage2D
0x00002170	0x00000020	[  5] ___glCopyTexSubImage3D
0x00002190	0x00000020	[  5] ___glCreateProgram
0x000021B0	0x00000020	[  5] ___glCreateShader
0x000021D0	0x00000020	[  5] ___glCreateShaderProgramv
0x000021F0	0x00000020	[  5] ___glCullFace
0x00002210	0x00000020	[  5] ___glCurrentPaletteMatrixOES
0x00002230	0x00000020	[  5] ___glDeleteBuffers
0x00002250	0x00000020	[  5] ___glDeleteFramebuffers
0x00002270	0x00000020	[  5] ___glDeleteProgram
0x00002290	0x00000020	[  5] ___glDeleteProgramPipelines
0x000022B0	0x00000020	[  5] ___glDeleteQueries
0x000022D0	0x00000020	[  5] ___glDeleteRenderbuffers
0x000022F0	0x00000020	[  5] ___glDeleteSamplers
0x00002310	0x00000020	[  5] ___glDeleteShader
0x00002330	0x00000020	[  5] ___glDeleteSync
0x00002350	0x00000020	[  5] ___glDeleteTextures
0x00002370	0x00000020	[  5] ___glDeleteTransformFeedbacks
0x00002390	0x00000020	[  5] ___glDeleteVertexArrays
0x000023B0	0x00000020	[  5] ___glDepthFunc
0x000023D0	0x00000020	[  5] ___glDepthMask
0x000023F0	0x00000020	[  5] ___glDepthRangef
0x00002410	0x00000020	[  5] ___glDepthRangex
0x00002430	0x00000020	[  5] ___glDetachShader
0x00002450	0x00000020	[  5] ___glDisable
0x00002470	0x00000020	[  5] ___glDisableClientState
0x00002490	0x00000020	[  5] ___glDisableVertexAttribArray
0x000024B0	0x00000020	[  5] ___glDispatchCompute
0x000024D0	0x00000020	[  5] ___glDispatchComputeIndirect
0x000024F0	0x00000020	[  5] ___glDrawArrays
0x00002510	0x00000020	[  5] ___glDrawArraysIndirect
0x00002530	0x00000020	[  5] ___glDrawArraysInstanced
0x00002550	0x00000020	[  5] ___glDrawBuffers
0x00002570	0x00000020	[  5] ___glDrawElements
0x00002590	0x00000020	[  5] ___glDrawElementsIndirect
0x000025B0	0x00000020	[  5] ___glDrawElementsInstanced
0x000025D0	0x00000020	[  5] ___glDrawRangeElements
0x000025F0	0x00000020	[  5] ___glEnable
0x00002610	0x00000020	[  5] ___glEnableClientState
0x00002630	0x00000020	[  5] ___glEnableVertexAttribArray
0x00002650	0x00000020	[  5] ___glEndQuery
0x00002670	0x00000020	[  5] ___glEndTransformFeedback
0x00002690	0x00000020	[  5] ___glFenceSync
0x000026B0	0x00000020	[  5] ___glFinish
0x000026D0	0x00000020	[  5] ___glFlush
0x000026F0	0x00000020	[  5] ___glFlushMappedBufferRange
0x00002710	0x00000020	[  5] ___glFogf
0x00002730	0x00000020	[  5] ___glFogfv
0x00002750	0x00000020	[  5] ___glFogx
0x00002770	0x00000020	[  5] ___glFogxv
0x00002790	0x00000020	[  5] ___glFramebufferParameteri
0x000027B0	0x00000020	[  5] ___glFramebufferRenderbuffer
0x000027D0	0x00000020	[  5] ___glFramebufferTexture2D
0x000027F0	0x00000020	[  5] ___glFramebufferTextureLayer
0x00002810	0x00000020	[  5] ___glFrontFace
0x00002830	0x00000020	[  5] ___glFrustumf
0x00002850	0x00000020	[  5] ___glFrustumx
0x00002870	0x00000020	[  5] ___glGenBuffers
0x00002890	0x00000020	[  5] ___glGenFramebuffers
0x000028B0	0x00000020	[  5] ___glGenProgramPipelines
0x000028D0	0x00000020	[  5] ___glGenQueries
0x000028F0	0x00000020	[  5] ___glGenRenderbuffers
0x00002910	0x00000020	[  5] ___glGenSamplers
0x00002930	0x00000020	[  5] ___glGenTextures
0x00002950	0x00000020	[  5] ___glGenTransformFeedbacks
0x00002970	0x00000020	[  5] ___glGenVertexArrays
0x00002990	0x00000020	[  5] ___glGenerateMipmap
0x000029B0	0x00000020	[  5] ___glGetActiveAttrib
0x000029D0	0x00000020	[  5] ___glGetActiveUniform
0x000029F0	0x00000020	[  5] ___glGetActiveUniformBlockName
0x00002A10	0x00000020	[  5] ___glGetActiveUniformBlockiv
0x00002A30	0x00000020	[  5] ___glGetActiveUniformsiv
0x00002A50	0x00000020	[  5] ___glGetAttachedShaders
0x00002A70	0x00000020	[  5] ___glGetAttribLocation
0x00002A90	0x00000020	[  5] ___glGetBooleani_v
0x00002AB0	0x00000020	[  5] ___glGetBooleanv
0x00002AD0	0x00000020	[  5] ___glGetBufferParameteri64v
0x00002AF0	0x00000020	[  5] ___glGetBufferParameteriv
0x00002B10	0x00000020	[  5] ___glGetBufferPointerv
0x00002B30	0x00000020	[  5] ___glGetClipPlanef
0x00002B50	0x00000020	[  5] ___glGetClipPlanex
0x00002B70	0x00000020	[  5] ___glGetError
0x00002B90	0x00000020	[  5] ___glGetFixedv
0x00002BB0	0x00000020	[  5] ___glGetFloatv
0x00002BD0	0x00000020	[  5] ___glGetFragDataLocation
0x00002BF0	0x00000020	[  5] ___glGetFramebufferAttachmentParameteriv
0x00002C10	0x00000020	[  5] ___glGetFramebufferParameteriv
0x00002C30	0x00000020	[  5] ___glGetInteger64i_v
0x00002C50	0x00000020	[  5] ___glGetInteger64v
0x00002C70	0x00000020	[  5] ___glGetIntegeri_v
0x00002C90	0x00000020	[  5] ___glGetIntegerv
0x00002CB0	0x00000020	[  5] ___glGetInternalformativ
0x00002CD0	0x00000020	[  5] ___glGetLightfv
0x00002CF0	0x00000020	[  5] ___glGetLightxv
0x00002D10	0x00000020	[  5] ___glGetMaterialfv
0x00002D30	0x00000020	[  5] ___glGetMaterialxv
0x00002D50	0x00000020	[  5] ___glGetMultisamplefv
0x00002D70	0x00000020	[  5] ___glGetPointerv
0x00002D90	0x00000020	[  5] ___glGetProgramBinary
0x00002DB0	0x00000020	[  5] ___glGetProgramInfoLog
0x00002DD0	0x00000020	[  5] ___glGetProgramInterfaceiv
0x00002DF0	0x00000020	[  5] ___glGetProgramPipelineInfoLog
0x00002E10	0x00000020	[  5] ___glGetProgramPipelineiv
0x00002E30	0x00000020	[  5] ___glGetProgramResourceIndex
0x00002E50	0x00000020	[  5] ___glGetProgramResourceLocation
0x00002E70	0x00000020	[  5] ___glGetProgramResourceName
0x00002E90	0x00000020	[  5] ___glGetProgramResourceiv
0x00002EB0	0x00000020	[  5] ___glGetProgramiv
0x00002ED0	0x00000020	[  5] ___glGetQueryObjectuiv
0x00002EF0	0x00000020	[  5] ___glGetQueryiv
0x00002F10	0x00000020	[  5] ___glGetRenderbufferParameteriv
0x00002F30	0x00000020	[  5] ___glGetSamplerParameterfv
0x00002F50	0x00000020	[  5] ___glGetSamplerParameteriv
0x00002F70	0x00000020	[  5] ___glGetShaderInfoLog
0x00002F90	0x00000020	[  5] ___glGetShaderPrecisionFormat
0x00002FB0	0x00000020	[  5] ___glGetShaderSource
0x00002FD0	0x00000020	[  5] ___glGetShaderiv
0x00002FF0	0x00000020	[  5] ___glGetString
0x00003010	0x00000020	[  5] ___glGetStringi
0x00003030	0x00000020	[  5] ___glGetSynciv
0x00003050	0x00000020	[  5] ___glGetTexEnvfv
0x00003070	0x00000020	[  5] ___glGetTexEnviv
0x00003090	0x00000020	[  5] ___glGetTexEnvxv
0x000030B0	0x00000020	[  5] ___glGetTexLevelParameterfv
0x000030D0	0x00000020	[  5] ___glGetTexLevelParameteriv
0x000030F0	0x00000020	[  5] ___glGetTexParameterfv
0x00003110	0x00000020	[  5] ___glGetTexParameteriv
0x00003130	0x00000020	[  5] ___glGetTexParameterxv
0x00003150	0x00000020	[  5] ___glGetTransformFeedbackVarying
0x00003170	0x00000020	[  5] ___glGetUniformBlockIndex
0x00003190	0x00000020	[  5] ___glGetUniformIndices
0x000031B0	0x00000020	[  5] ___glGetUniformLocation
0x000031D0	0x00000020	[  5] ___glGetUniformfv
0x000031F0	0x00000020	[  5] ___glGetUniformiv
0x00003210	0x00000020	[  5] ___glGetUniformuiv
0x00003230	0x00000020	[  5] ___glGetVertexAttribIiv
0x00003250	0x00000020	[  5] ___glGetVertexAttribIuiv
0x00003270	0x00000020	[  5] ___glGetVertexAttribPointerv
0x00003290	0x00000020	[  5] ___glGetVertexAttribfv
0x000032B0	0x00000020	[  5] ___glGetVertexAttribiv
0x000032D0	0x00000020	[  5] ___glHint
0x000032F0	0x00000020	[  5] ___glInvalidateFramebuffer
0x00003310	0x00000020	[  5] ___glInvalidateSubFramebuffer
0x00003330	0x00000020	[  5] ___glIsBuffer
0x00003350	0x00000020	[  5] ___glIsEnabled
0x00003370	0x00000020	[  5] ___glIsFramebuffer
0x00003390	0x00000020	[  5] ___glIsProgram
0x000033B0	0x00000020	[  5] ___glIsProgramPipeline
0x000033D0	0x00000020	[  5] ___glIsQuery
0x000033F0	0x00000020	[  5] ___glIsRenderbuffer
0x00003410	0x00000020	[  5] ___glIsSampler
0x00003430	0x00000020	[  5] ___glIsShader
0x00003450	0x00000020	[  5] ___glIsSync
0x00003470	0x00000020	[  5] ___glIsTexture
0x00003490	0x00000020	[  5] ___glIsTransformFeedback
0x000034B0	0x00000020	[  5] ___glIsVertexArray
0x000034D0	0x00000020	[  5] ___glLightModelf
0x000034F0	0x00000020	[  5] ___glLightModelfv
0x00003510	0x00000020	[  5] ___glLightModelx
0x00003530	0x00000020	[  5] ___glLightModelxv
0x00003550	0x00000020	[  5] ___glLightf
0x00003570	0x00000020	[  5] ___glLightfv
0x00003590	0x00000020	[  5] ___glLightx
0x000035B0	0x00000020	[  5] ___glLightxv
0x000035D0	0x00000020	[  5] ___glLineWidth
0x000035F0	0x00000020	[  5] ___glLineWidthx
0x00003610	0x00000020	[  5] ___glLinkProgram
0x00003630	0x00000020	[  5] ___glLoadIdentity
0x00003650	0x00000020	[  5] ___glLoadMatrixf
0x00003670	0x00000020	[  5] ___glLoadMatrixx
0x00003690	0x00000020	[  5] ___glLogicOp
0x000036B0	0x00000020	[  5] ___glMapBufferRange
0x000036D0	0x00000020	[  5] ___glMaterialf
0x000036F0	0x00000020	[  5] ___glMaterialfv
0x00003710	0x00000020	[  5] ___glMaterialx
0x00003730	0x00000020	[  5] ___glMaterialxv
0x00003750	0x00000020	[  5] ___glMatrixIndexPointerOES
0x00003770	0x00000020	[  5] ___glMatrixMode
0x00003790	0x00000020	[  5] ___glMemoryBarrier
0x000037B0	0x00000020	[  5] ___glMemoryBarrierByRegion
0x000037D0	0x00000020	[  5] ___glMultMatrixf
0x000037F0	0x00000020	[  5] ___glMultMatrixx
0x00003810	0x00000020	[  5] ___glMultiTexCoord4f
0x00003830	0x00000020	[  5] ___glMultiTexCoord4x
0x00003850	0x00000020	[  5] ___glNormal3f
0x00003870	0x00000020	[  5] ___glNormal3x
0x00003890	0x00000020	[  5] ___glNormalPointer
0x000038B0	0x00000020	[  5] ___glOrthof
0x000038D0	0x00000020	[  5] ___glOrthox
0x000038F0	0x00000020	[  5] ___glPauseTransformFeedback
0x00003910	0x00000020	[  5] ___glPixelStorei
0x00003930	0x00000020	[  5] ___glPointParameterf
0x00003950	0x00000020	[  5] ___glPointParameterfv
0x00003970	0x00000020	[  5] ___glPointParameterx
0x00003990	0x00000020	[  5] ___glPointParameterxv
0x000039B0	0x00000020	[  5] ___glPointSize
0x000039D0	0x00000020	[  5] ___glPointSizePointerOES
0x000039F0	0x00000020	[  5] ___glPointSizex
0x00003A10	0x00000020	[  5] ___glPolygonOffset
0x00003A30	0x00000020	[  5] ___glPolygonOffsetx
0x00003A50	0x00000020	[  5] ___glPopMatrix
0x00003A70	0x00000020	[  5] ___glProgramBinary
0x00003A90	0x00000020	[  5] ___glProgramParameteri
0x00003AB0	0x00000020	[  5] ___glProgramUniform1f
0x00003AD0	0x00000020	[  5] ___glProgramUniform1fv
0x00003AF0	0x00000020	[  5] ___glProgramUniform1i
0x00003B10	0x00000020	[  5] ___glProgramUniform1iv
0x00003B30	0x00000020	[  5] ___glProgramUniform1ui
0x00003B50	0x00000020	[  5] ___glProgramUniform1uiv
0x00003B70	0x00000020	[  5] ___glProgramUniform2f
0x00003B90	0x00000020	[  5] ___glProgramUniform2fv
0x00003BB0	0x00000020	[  5] ___glProgramUniform2i
0x00003BD0	0x00000020	[  5] ___glProgramUniform2iv
0x00003BF0	0x00000020	[  5] ___glProgramUniform2ui
0x00003C10	0x00000020	[  5] ___glProgramUniform2uiv
0x00003C30	0x00000020	[  5] ___glProgramUniform3f
0x00003C50	0x00000020	[  5] ___glProgramUniform3fv
0x00003C70	0x00000020	[  5] ___glProgramUniform3i
0x00003C90	0x00000020	[  5] ___glProgramUniform3iv
0x00003CB0	0x00000020	[  5] ___glProgramUniform3ui
0x00003CD0	0x00000020	[  5] ___glProgramUniform3uiv
0x00003CF0	0x00000020	[  5] ___glProgramUniform4f
0x00003D10	0x00000020	[  5] ___glProgramUniform4fv
0x00003D30	0x00000020	[  5] ___glProgramUniform4i
0x00003D50	0x00000020	[  5] ___glProgramUniform4iv
0x00003D70	0x00000020	[  5] ___glProgramUniform4ui
0x00003D90	0x00000020	[  5] ___glProgramUniform4uiv
0x00003DB0	0x00000020	[  5] ___glProgramUniformMatrix2fv
0x00003DD0	0x00000020	[  5] ___glProgramUniformMatrix2x3fv
0x00003DF0	0x00000020	[  5] ___glProgramUniformMatrix2x4fv
0x00003E10	0x00000020	[  5] ___glProgramUniformMatrix3fv
0x00003E30	0x00000020	[  5] ___glProgramUniformMatrix3x2fv
0x00003E50	0x00000020	[  5] ___glProgramUniformMatrix3x4fv
0x00003E70	0x00000020	[  5] ___glProgramUniformMatrix4fv
0x00003E90	0x00000020	[  5] ___glProgramUniformMatrix4x2fv
0x00003EB0	0x00000020	[  5] ___glProgramUniformMatrix4x3fv
0x00003ED0	0x00000020	[  5] ___glPushMatrix
0x00003EF0	0x00000020	[  5] ___glReadBuffer
0x00003F10	0x00000020	[  5] ___glReadPixels
0x00003F30	0x00000020	[  5] ___glReleaseShaderCompiler
0x00003F50	0x00000020	[  5] ___glRenderbufferStorage
0x00003F70	0x00000020	[  5] ___glRenderbufferStorageMultisample
0x00003F90	0x00000020	[  5] ___glResumeTransformFeedback
0x00003FB0	0x00000020	[  5] ___glRotatef
0x00003FD0	0x00000020	[  5] ___glRotatex
0x00003FF0	0x00000020	[  5] ___glSampleCoverage
0x00004010	0x00000020	[  5] ___glSampleCoveragex
0x00004030	0x00000020	[  5] ___glSampleMaski
0x00004050	0x00000020	[  5] ___glSamplerParameterf
0x00004070	0x00000020	[  5] ___glSamplerParameterfv
0x00004090	0x00000020	[  5] ___glSamplerParameteri
0x000040B0	0x00000020	[  5] ___glSamplerParameteriv
0x000040D0	0x00000020	[  5] ___glScalef
0x000040F0	0x00000020	[  5] ___glScalex
0x00004110	0x00000020	[  5] ___glScissor
0x00004130	0x00000020	[  5] ___glShadeModel
0x00004150	0x00000020	[  5] ___glShaderBinary
0x00004170	0x00000020	[  5] ___glShaderSource
0x00004190	0x00000020	[  5] ___glStencilFunc
0x000041B0	0x00000020	[  5] ___glStencilFuncSeparate
0x000041D0	0x00000020	[  5] ___glStencilMask
0x000041F0	0x00000020	[  5] ___glStencilMaskSeparate
0x00004210	0x00000020	[  5] ___glStencilOp
0x00004230	0x00000020	[  5] ___glStencilOpSeparate
0x00004250	0x00000020	[  5] ___glTexCoordPointer
0x00004270	0x00000020	[  5] ___glTexEnvf
0x00004290	0x00000020	[  5] ___glTexEnvfv
0x000042B0	0x00000020	[  5] ___glTexEnvi
0x000042D0	0x00000020	[  5] ___glTexEnviv
0x000042F0	0x00000020	[  5] ___glTexEnvx
0x00004310	0x00000020	[  5] ___glTexEnvxv
0x00004330	0x00000020	[  5] ___glTexImage2D
0x00004350	0x00000020	[  5] ___glTexImage3D
0x00004370	0x00000020	[  5] ___glTexParameterf
0x00004390	0x00000020	[  5] ___glTexParameterfv
0x000043B0	0x00000020	[  5] ___glTexParameteri
0x000043D0	0x00000020	[  5] ___glTexParameteriv
0x000043F0	0x00000020	[  5] ___glTexParameterx
0x00004410	0x00000020	[  5] ___glTexParameterxv
0x00004430	0x00000020	[  5] ___glTexStorage2D
0x00004450	0x00000020	[  5] ___glTexStorage2DMultisample
0x00004470	0x00000020	[  5] ___glTexStorage3D
0x00004490	0x00000020	[  5] ___glTexSubImage2D
0x000044B0	0x00000020	[  5] ___glTexSubImage3D
0x000044D0	0x00000020	[  5] ___glTransformFeedbackVaryings
0x000044F0	0x00000020	[  5] ___glTranslatef
0x00004510	0x00000020	[  5] ___glTranslatex
0x00004530	0x00000020	[  5] ___glUniform1f
0x00004550	0x00000020	[  5] ___glUniform1fv
0x00004570	0x00000020	[  5] ___glUniform1i
0x00004590	0x00000020	[  5] ___glUniform1iv
0x000045B0	0x00000020	[  5] ___glUniform1ui
0x000045D0	0x00000020	[  5] ___glUniform1uiv
0x000045F0	0x00000020	[  5] ___glUniform2f
0x00004610	0x00000020	[  5] ___glUniform2fv
0x00004630	0x00000020	[  5] ___glUniform2i
0x00004650	0x00000020	[  5] ___glUniform2iv
0x00004670	0x00000020	[  5] ___glUniform2ui
0x00004690	0x00000020	[  5] ___glUniform2uiv
0x000046B0	0x00000020	[  5] ___glUniform3f
0x000046D0	0x00000020	[  5] ___glUniform3fv
0x000046F0	0x00000020	[  5] ___glUniform3i
0x00004710	0x00000020	[  5] ___glUniform3iv
0x00004730	0x00000020	[  5] ___glUniform3ui
0x00004750	0x00000020	[  5] ___glUniform3uiv
0x00004770	0x00000020	[  5] ___glUniform4f
0x00004790	0x00000020	[  5] ___glUniform4fv
0x000047B0	0x00000020	[  5] ___glUniform4i
0x000047D0	0x00000020	[  5] ___glUniform4iv
0x000047F0	0x00000020	[  5] ___glUniform4ui
0x00004810	0x00000020	[  5] ___glUniform4uiv
0x00004830	0x00000020	[  5] ___glUniformBlockBinding
0x00004850	0x00000020	[  5] ___glUniformMatrix2fv
0x00004870	0x00000020	[  5] ___glUniformMatrix2x3fv
0x00004890	0x00000020	[  5] ___glUniformMatrix2x4fv
0x000048B0	0x00000020	[  5] ___glUniformMatrix3fv
0x000048D0	0x00000020	[  5] ___glUniformMatrix3x2fv
0x000048F0	0x00000020	[  5] ___glUniformMatrix3x4fv
0x00004910	0x00000020	[  5] ___glUniformMatrix4fv
0x00004930	0x00000020	[  5] ___glUniformMatrix4x2fv
0x00004950	0x00000020	[  5] ___glUniformMatrix4x3fv
0x00004970	0x00000020	[  5] ___glUnmapBuffer
0x00004990	0x00000020	[  5] ___glUseProgram
0x000049B0	0x00000020	[  5] ___glUseProgramStages
0x000049D0	0x00000020	[  5] ___glValidateProgram
0x000049F0	0x00000020	[  5] ___glValidateProgramPipeline
0x00004A10	0x00000020	[  5] ___glVertexAttrib1f
0x00004A30	0x00000020	[  5] ___glVertexAttrib1fv
0x00004A50	0x00000020	[  5] ___glVertexAttrib2f
0x00004A70	0x00000020	[  5] ___glVertexAttrib2fv
0x00004A90	0x00000020	[  5] ___glVertexAttrib3f
0x00004AB0	0x00000020	[  5] ___glVertexAttrib3fv
0x00004AD0	0x00000020	[  5] ___glVertexAttrib4f
0x00004AF0	0x00000020	[  5] ___glVertexAttrib4fv
0x00004B10	0x00000020	[  5] ___glVertexAttribBinding
0x00004B30	0x00000020	[  5] ___glVertexAttribDivisor
0x00004B50	0x00000020	[  5] ___glVertexAttribFormat
0x00004B70	0x00000020	[  5] ___glVertexAttribI4i
0x00004B90	0x00000020	[  5] ___glVertexAttribI4iv
0x00004BB0	0x00000020	[  5] ___glVertexAttribI4ui
0x00004BD0	0x00000020	[  5] ___glVertexAttribI4uiv
0x00004BF0	0x00000020	[  5] ___glVertexAttribIFormat
0x00004C10	0x00000020	[  5] ___glVertexAttribIPointer
0x00004C30	0x00000020	[  5] ___glVertexAttribPointer
0x00004C50	0x00000020	[  5] ___glVertexBindingDivisor
0x00004C70	0x00000020	[  5] ___glVertexPointer
0x00004C90	0x00000020	[  5] ___glViewport
0x00004CB0	0x00000020	[  5] ___glWaitSync
0x00004CD0	0x00000020	[  5] ___glWeightPointerOES
0x00004CF0	0x00000020	[  5] ___s3eAccelerometerGetError
0x00004D10	0x00000020	[  5] ___s3eAccelerometerGetErrorString
0x00004D30	0x00000020	[  5] ___s3eAccelerometerGetInt
0x00004D50	0x00000020	[  5] ___s3eAccelerometerGetX
0x00004D70	0x00000020	[  5] ___s3eAccelerometerGetY
0x00004D90	0x00000020	[  5] ___s3eAccelerometerGetZ
0x00004DB0	0x00000020	[  5] ___s3eAccelerometerStart
0x00004DD0	0x00000020	[  5] ___s3eAccelerometerStop
0x00004DF0	0x00000020	[  5] ___s3eAudioGetError
0x00004E10	0x00000020	[  5] ___s3eAudioGetErrorString
0x00004E30	0x00000020	[  5] ___s3eAudioGetInt
0x00004E50	0x00000020	[  5] ___s3eAudioIsCodecSupported
0x00004E70	0x00000020	[  5] ___s3eAudioIsPlaying
0x00004E90	0x00000020	[  5] ___s3eAudioPause
0x00004EB0	0x00000020	[  5] ___s3eAudioPlay
0x00004ED0	0x00000020	[  5] ___s3eAudioPlayFromBuffer
0x00004EF0	0x00000020	[  5] ___s3eAudioRegister
0x00004F10	0x00000020	[  5] ___s3eAudioResume
0x00004F30	0x00000020	[  5] ___s3eAudioSetInt
0x00004F50	0x00000020	[  5] ___s3eAudioStop
0x00004F70	0x00000020	[  5] ___s3eAudioUnRegister
0x00004F90	0x00000020	[  5] ___s3eCompressionDecomp
0x00004FB0	0x00000020	[  5] ___s3eCompressionDecompFinal
0x00004FD0	0x00000020	[  5] ___s3eCompressionDecompInit
0x00004FF0	0x00000020	[  5] ___s3eCompressionDecompRead
0x00005010	0x00000020	[  5] ___s3eCompressionGetError
0x00005030	0x00000020	[  5] ___s3eCompressionGetErrorString
0x00005050	0x00000020	[  5] ___s3eConfigGetError
0x00005070	0x00000020	[  5] ___s3eConfigGetErrorString
0x00005090	0x00000020	[  5] ___s3eConfigGetInt
0x000050B0	0x00000020	[  5] ___s3eConfigGetIntHash
0x000050D0	0x00000020	[  5] ___s3eConfigGetString
0x000050F0	0x00000020	[  5] ___s3eConfigGetStringHash
0x00005110	0x00000020	[  5] ___s3eCryptoGetError
0x00005130	0x00000020	[  5] ___s3eCryptoGetErrorString
0x00005150	0x00000020	[  5] ___s3eCryptoRand
0x00005170	0x00000020	[  5] ___s3eCryptoSha1
0x00005190	0x00000020	[  5] ___s3eCryptoSha1Final
0x000051B0	0x00000020	[  5] ___s3eCryptoSha1Init
0x000051D0	0x00000020	[  5] ___s3eCryptoSha1Update
0x000051F0	0x00000020	[  5] ___s3eCryptoVerifyRsa
0x00005210	0x00000020	[  5] ___s3eDebugAssertShow
0x00005230	0x00000020	[  5] ___s3eDebugErrorShow
0x00005250	0x00000020	[  5] ___s3eDebugGetError
0x00005270	0x00000020	[  5] ___s3eDebugGetErrorString
0x00005290	0x00000020	[  5] ___s3eDebugGetInt
0x000052B0	0x00000020	[  5] ___s3eDebugIsDebuggerPresent
0x000052D0	0x00000020	[  5] ___s3eDebugOutputString
0x000052F0	0x00000020	[  5] ___s3eDebugPrint
0x00005310	0x00000020	[  5] ___s3eDebugRegister
0x00005330	0x00000020	[  5] ___s3eDebugSetInt
0x00005350	0x00000020	[  5] ___s3eDebugTraceChannelSwitch
0x00005370	0x00000020	[  5] ___s3eDebugTraceClearFile
0x00005390	0x00000020	[  5] ___s3eDebugTraceFlush
0x000053B0	0x00000020	[  5] ___s3eDebugTraceLine
0x000053D0	0x00000020	[  5] ___s3eDebugUnRegister
0x000053F0	0x00000020	[  5] ___s3eDeviceAbort
0x00005410	0x00000020	[  5] ___s3eDeviceBacklightOn
0x00005430	0x00000020	[  5] ___s3eDeviceCheckPauseRequest
0x00005450	0x00000020	[  5] ___s3eDeviceCheckQuitRequest
0x00005470	0x00000020	[  5] ___s3eDeviceExecPushNext
0x00005490	0x00000020	[  5] ___s3eDeviceExit
0x000054B0	0x00000020	[  5] ___s3eDeviceGetError
0x000054D0	0x00000020	[  5] ___s3eDeviceGetErrorString
0x000054F0	0x00000020	[  5] ___s3eDeviceGetInt
0x00005510	0x00000020	[  5] ___s3eDeviceGetString
0x00005530	0x00000020	[  5] ___s3eDeviceLoaderCallDone
0x00005550	0x00000020	[  5] ___s3eDeviceLoaderCallStart
0x00005570	0x00000020	[  5] ___s3eDeviceNetworkCheckStart
0x00005590	0x00000020	[  5] ___s3eDeviceNetworkCheckStop
0x000055B0	0x00000020	[  5] ___s3eDeviceRegister
0x000055D0	0x00000020	[  5] ___s3eDeviceRequestQuit
0x000055F0	0x00000020	[  5] ___s3eDeviceSetInt
0x00005610	0x00000020	[  5] ___s3eDeviceUnRegister
0x00005630	0x00000020	[  5] ___s3eDeviceUnYield
0x00005650	0x00000020	[  5] ___s3eDeviceYield
0x00005670	0x00000020	[  5] ___s3eDeviceYieldUntilEvent
0x00005690	0x00000020	[  5] ___s3eExtGet
0x000056B0	0x00000020	[  5] ___s3eExtGetError
0x000056D0	0x00000020	[  5] ___s3eExtGetErrorString
0x000056F0	0x00000020	[  5] ___s3eExtGetHash
0x00005710	0x00000020	[  5] ___s3eFileAddUserFileSys
0x00005730	0x00000020	[  5] ___s3eFileCheckExists
0x00005750	0x00000020	[  5] ___s3eFileClose
0x00005770	0x00000020	[  5] ___s3eFileDelete
0x00005790	0x00000020	[  5] ___s3eFileDeleteDirectory
0x000057B0	0x00000020	[  5] ___s3eFileEOF
0x000057D0	0x00000020	[  5] ___s3eFileFlush
0x000057F0	0x00000020	[  5] ___s3eFileGetChar
0x00005810	0x00000020	[  5] ___s3eFileGetError
0x00005830	0x00000020	[  5] ___s3eFileGetErrorString
0x00005850	0x00000020	[  5] ___s3eFileGetFileInt
0x00005870	0x00000020	[  5] ___s3eFileGetFileString
0x00005890	0x00000020	[  5] ___s3eFileGetFree
0x000058B0	0x00000020	[  5] ___s3eFileGetInt
0x000058D0	0x00000020	[  5] ___s3eFileGetLastWriteTime
0x000058F0	0x00000020	[  5] ___s3eFileGetSize
0x00005910	0x00000020	[  5] ___s3eFileListClose
0x00005930	0x00000020	[  5] ___s3eFileListDirectory
0x00005950	0x00000020	[  5] ___s3eFileListNext
0x00005970	0x00000020	[  5] ___s3eFileMakeDirectory
0x00005990	0x00000020	[  5] ___s3eFileOpen
0x000059B0	0x00000020	[  5] ___s3eFileOpenFromMemory
0x000059D0	0x00000020	[  5] ___s3eFilePutChar
0x000059F0	0x00000020	[  5] ___s3eFileRead
0x00005A10	0x00000020	[  5] ___s3eFileReadString
0x00005A30	0x00000020	[  5] ___s3eFileRemoveUserFileSys
0x00005A50	0x00000020	[  5] ___s3eFileRename
0x00005A70	0x00000020	[  5] ___s3eFileSeek
0x00005A90	0x00000020	[  5] ___s3eFileSetInt
0x00005AB0	0x00000020	[  5] ___s3eFileTell
0x00005AD0	0x00000020	[  5] ___s3eFileTruncate
0x00005AF0	0x00000020	[  5] ___s3eFileWrite
0x00005B10	0x00000020	[  5] ___s3eFree
0x00005B30	0x00000020	[  5] ___s3eFreeBase
0x00005B50	0x00000020	[  5] ___s3eGLGetError
0x00005B70	0x00000020	[  5] ___s3eGLGetErrorString
0x00005B90	0x00000020	[  5] ___s3eGLGetInt
0x00005BB0	0x00000020	[  5] ___s3eGLGetNativeWindow
0x00005BD0	0x00000020	[  5] ___s3eGLRegister
0x00005BF0	0x00000020	[  5] ___s3eGLUnRegister
0x00005C10	0x00000020	[  5] ___s3eGLUnavailable
0x00005C30	0x00000020	[  5] ___s3eInetAton
0x00005C50	0x00000020	[  5] ___s3eInetHtonl
0x00005C70	0x00000020	[  5] ___s3eInetHtons
0x00005C90	0x00000020	[  5] ___s3eInetLookup
0x00005CB0	0x00000020	[  5] ___s3eInetLookupCancel
0x00005CD0	0x00000020	[  5] ___s3eInetNtoa
0x00005CF0	0x00000020	[  5] ___s3eInetNtohl
0x00005D10	0x00000020	[  5] ___s3eInetNtohs
0x00005D30	0x00000020	[  5] ___s3eInetToString
0x00005D50	0x00000020	[  5] ___s3eKeyboardAnyKey
0x00005D70	0x00000020	[  5] ___s3eKeyboardClearState
0x00005D90	0x00000020	[  5] ___s3eKeyboardGetChar
0x00005DB0	0x00000020	[  5] ___s3eKeyboardGetDisplayName
0x00005DD0	0x00000020	[  5] ___s3eKeyboardGetError
0x00005DF0	0x00000020	[  5] ___s3eKeyboardGetErrorString
0x00005E10	0x00000020	[  5] ___s3eKeyboardGetInt
0x00005E30	0x00000020	[  5] ___s3eKeyboardGetState
0x00005E50	0x00000020	[  5] ___s3eKeyboardRegister
0x00005E70	0x00000020	[  5] ___s3eKeyboardSetInt
0x00005E90	0x00000020	[  5] ___s3eKeyboardUnRegister
0x00005EB0	0x00000020	[  5] ___s3eKeyboardUpdate
0x00005ED0	0x00000020	[  5] ___s3eLicenseBuy
0x00005EF0	0x00000020	[  5] ___s3eLicenseGetError
0x00005F10	0x00000020	[  5] ___s3eLicenseGetErrorString
0x00005F30	0x00000020	[  5] ___s3eLicenseGetInt
0x00005F50	0x00000020	[  5] ___s3eMalloc
0x00005F70	0x00000020	[  5] ___s3eMallocBase
0x00005F90	0x00000020	[  5] ___s3eMemoryGetError
0x00005FB0	0x00000020	[  5] ___s3eMemoryGetErrorString
0x00005FD0	0x00000020	[  5] ___s3eMemoryGetInt
0x00005FF0	0x00000020	[  5] ___s3eMemoryGetUserMemMgr
0x00006010	0x00000020	[  5] ___s3eMemoryHeapAddress
0x00006030	0x00000020	[  5] ___s3eMemoryHeapCreate
0x00006050	0x00000020	[  5] ___s3eMemoryHeapDestroy
0x00006070	0x00000020	[  5] ___s3eMemorySetInt
0x00006090	0x00000020	[  5] ___s3eMemorySetUserMemMgr
0x000060B0	0x00000020	[  5] ___s3ePointerGetError
0x000060D0	0x00000020	[  5] ___s3ePointerGetErrorString
0x000060F0	0x00000020	[  5] ___s3ePointerGetInt
0x00006110	0x00000020	[  5] ___s3ePointerGetState
0x00006130	0x00000020	[  5] ___s3ePointerGetTouchState
0x00006150	0x00000020	[  5] ___s3ePointerGetTouchX
0x00006170	0x00000020	[  5] ___s3ePointerGetTouchY
0x00006190	0x00000020	[  5] ___s3ePointerGetX
0x000061B0	0x00000020	[  5] ___s3ePointerGetY
0x000061D0	0x00000020	[  5] ___s3ePointerRegister
0x000061F0	0x00000020	[  5] ___s3ePointerSetInt
0x00006210	0x00000020	[  5] ___s3ePointerUnRegister
0x00006230	0x00000020	[  5] ___s3ePointerUpdate
0x00006250	0x00000020	[  5] ___s3eRealloc
0x00006270	0x00000020	[  5] ___s3eReallocBase
0x00006290	0x00000020	[  5] ___s3eSecureStorageGet
0x000062B0	0x00000020	[  5] ___s3eSecureStorageGetError
0x000062D0	0x00000020	[  5] ___s3eSecureStorageGetErrorString
0x000062F0	0x00000020	[  5] ___s3eSecureStoragePut
0x00006310	0x00000020	[  5] ___s3eSocketAccept
0x00006330	0x00000020	[  5] ___s3eSocketBind
0x00006350	0x00000020	[  5] ___s3eSocketClose
0x00006370	0x00000020	[  5] ___s3eSocketConnect
0x00006390	0x00000020	[  5] ___s3eSocketCreate
0x000063B0	0x00000020	[  5] ___s3eSocketGetError
0x000063D0	0x00000020	[  5] ___s3eSocketGetErrorString
0x000063F0	0x00000020	[  5] ___s3eSocketGetInt
0x00006410	0x00000020	[  5] ___s3eSocketGetLocalName
0x00006430	0x00000020	[  5] ___s3eSocketGetPeerName
0x00006450	0x00000020	[  5] ___s3eSocketGetString
0x00006470	0x00000020	[  5] ___s3eSocketListen
0x00006490	0x00000020	[  5] ___s3eSocketReadable
0x000064B0	0x00000020	[  5] ___s3eSocketRecv
0x000064D0	0x00000020	[  5] ___s3eSocketRecvFrom
0x000064F0	0x00000020	[  5] ___s3eSocketSend
0x00006510	0x00000020	[  5] ___s3eSocketSendTo
0x00006530	0x00000020	[  5] ___s3eSocketWritable
0x00006550	0x00000020	[  5] ___s3eSoundChannelGetInt
0x00006570	0x00000020	[  5] ___s3eSoundChannelGetInt64
0x00006590	0x00000020	[  5] ___s3eSoundChannelPause
0x000065B0	0x00000020	[  5] ___s3eSoundChannelPlay
0x000065D0	0x00000020	[  5] ___s3eSoundChannelRegister
0x000065F0	0x00000020	[  5] ___s3eSoundChannelResume
0x00006610	0x00000020	[  5] ___s3eSoundChannelSetInt
0x00006630	0x00000020	[  5] ___s3eSoundChannelSetInt64
0x00006650	0x00000020	[  5] ___s3eSoundChannelStop
0x00006670	0x00000020	[  5] ___s3eSoundChannelUnRegister
0x00006690	0x00000020	[  5] ___s3eSoundGetError
0x000066B0	0x00000020	[  5] ___s3eSoundGetErrorString
0x000066D0	0x00000020	[  5] ___s3eSoundGetFreeChannel
0x000066F0	0x00000020	[  5] ___s3eSoundGetInt
0x00006710	0x00000020	[  5] ___s3eSoundPauseAllChannels
0x00006730	0x00000020	[  5] ___s3eSoundResumeAllChannels
0x00006750	0x00000020	[  5] ___s3eSoundSetInt
0x00006770	0x00000020	[  5] ___s3eSoundStopAllChannels
0x00006790	0x00000020	[  5] ___s3eSurfaceConvertRGB
0x000067B0	0x00000020	[  5] ___s3eSurfaceGetError
0x000067D0	0x00000020	[  5] ___s3eSurfaceGetErrorString
0x000067F0	0x00000020	[  5] ___s3eSurfaceGetInt
0x00006810	0x00000020	[  5] ___s3eSurfaceInvalidate
0x00006830	0x00000020	[  5] ___s3eSurfacePtr
0x00006850	0x00000020	[  5] ___s3eSurfaceRegister
0x00006870	0x00000020	[  5] ___s3eSurfaceSetDisplayID
0x00006890	0x00000020	[  5] ___s3eSurfaceSetInt
0x000068B0	0x00000020	[  5] ___s3eSurfaceSetup
0x000068D0	0x00000020	[  5] ___s3eSurfaceShow
0x000068F0	0x00000020	[  5] ___s3eSurfaceUnRegister
0x00006910	0x00000020	[  5] ___s3eTimerCancelTimer
0x00006930	0x00000020	[  5] ___s3eTimerGetError
0x00006950	0x00000020	[  5] ___s3eTimerGetErrorString
0x00006970	0x00000020	[  5] ___s3eTimerGetInt
0x00006990	0x00000020	[  5] ___s3eTimerGetLocaltimeOffset
0x000069B0	0x00000020	[  5] ___s3eTimerGetMs
0x000069D0	0x00000020	[  5] ___s3eTimerGetUST
0x000069F0	0x00000020	[  5] ___s3eTimerGetUTC
0x00006A10	0x00000020	[  5] ___s3eTimerSetTimer
0x00006A30	0x00000020	[  5] ___s3eVibraGetError
0x00006A50	0x00000020	[  5] ___s3eVibraGetErrorString
0x00006A70	0x00000020	[  5] ___s3eVibraGetInt
0x00006A90	0x00000020	[  5] ___s3eVibraSetInt
0x00006AB0	0x00000020	[  5] ___s3eVibraStop
0x00006AD0	0x00000020	[  5] ___s3eVibraVibrate
0x00006AF0	0x00000020	[  5] ___s3eVideoGetError
0x00006B10	0x00000020	[  5] ___s3eVideoGetErrorString
0x00006B30	0x00000020	[  5] ___s3eVideoGetInt
0x00006B50	0x00000020	[  5] ___s3eVideoIsCodecSupported
0x00006B70	0x00000020	[  5] ___s3eVideoIsPlaying
0x00006B90	0x00000020	[  5] ___s3eVideoPause
0x00006BB0	0x00000020	[  5] ___s3eVideoPlay
0x00006BD0	0x00000020	[  5] ___s3eVideoPlayFromBuffer
0x00006BF0	0x00000020	[  5] ___s3eVideoRegister
0x00006C10	0x00000020	[  5] ___s3eVideoResume
0x00006C30	0x00000020	[  5] ___s3eVideoSetInt
0x00006C50	0x00000020	[  5] ___s3eVideoStop
0x00006C70	0x00000020	[  5] ___s3eVideoUnRegister
0x00006C90	0x00000020	[  5] ___s3eEdkCallbacksEnqueue
0x00006CB0	0x00000020	[  5] ___s3eEdkCallbacksIsRegistered
0x00006CD0	0x00000020	[  5] ___s3eEdkCallbacksRegister
0x00006CF0	0x00000020	[  5] ___s3eEdkCallbacksRegisterInternal
0x00006D10	0x00000020	[  5] ___s3eEdkCallbacksRegisterSpecific
0x00006D30	0x00000020	[  5] ___s3eEdkCallbacksUnRegister
0x00006D50	0x00000020	[  5] ___s3eEdkCallbacksUnRegisterDevice
0x00006D70	0x00000020	[  5] ___s3eEdkErrorGet
0x00006D90	0x00000020	[  5] ___s3eEdkErrorGetString
0x00006DB0	0x00000020	[  5] ___s3eEdkErrorSet
0x00006DD0	0x00000020	[  5] ___s3eEdkErrorSetStringV
0x00006DF0	0x00000020	[  5] ___s3eEdkFreeOS
0x00006E10	0x00000020	[  5] ___s3eEdkGetAppVersionMajor
0x00006E30	0x00000020	[  5] ___s3eEdkGetAppVersionMinor
0x00006E50	0x00000020	[  5] ___s3eEdkGlobalsGet
0x00006E70	0x00000020	[  5] ___s3eEdkIsInitialised
0x00006E90	0x00000020	[  5] ___s3eEdkLibraryClose
0x00006EB0	0x00000020	[  5] ___s3eEdkLibraryError
0x00006ED0	0x00000020	[  5] ___s3eEdkLibraryGetSymbol
0x00006EF0	0x00000020	[  5] ___s3eEdkLibraryOpen
0x00006F10	0x00000020	[  5] ___s3eEdkMallocOS
0x00006F30	0x00000020	[  5] ___s3eEdkReallocOS
0x00006F50	0x00000020	[  5] ___s3eEdkRegister
0x00006F70	0x00000020	[  5] ___s3eEdkThreadRunOnOSAsyncV
0x00006F90	0x00000020	[  5] ___s3eEdkThreadRunOnOSV
0x00006FB0	0x00000020	[  5] ___s3eEdkThreadSetResumed
0x00006FD0	0x00000020	[  5] ___s3eEdkThreadSetSuspended
0x00006FF0	0x00000018	[  5] ___s3eEdkThreadSleep
0x00007010	0x00000020	[  5] _eglBindAPI
0x00007030	0x00000020	[  5] _eglBindTexImage
0x00007050	0x00000020	[  5] _eglChooseConfig
0x00007070	0x00000020	[  5] _eglCopyBuffers
0x00007090	0x00000020	[  5] _eglCreateContext
0x000070B0	0x00000020	[  5] _eglCreatePbufferFromClientBuffer
0x000070D0	0x00000020	[  5] _eglCreatePbufferSurface
0x000070F0	0x00000020	[  5] _eglCreatePixmapSurface
0x00007110	0x00000020	[  5] _eglCreateWindowSurface
0x00007130	0x00000020	[  5] _eglDestroyContext
0x00007150	0x00000020	[  5] _eglDestroySurface
0x00007170	0x00000020	[  5] _eglGetConfigAttrib
0x00007190	0x00000020	[  5] _eglGetConfigs
0x000071B0	0x00000020	[  5] _eglGetCurrentContext
0x000071D0	0x00000020	[  5] _eglGetCurrentDisplay
0x000071F0	0x00000020	[  5] _eglGetCurrentSurface
0x00007210	0x00000020	[  5] _eglGetDisplay
0x00007230	0x00000020	[  5] _eglGetError
0x00007250	0x00000020	[  5] _eglGetProcAddress
0x00007270	0x00000020	[  5] _eglInitialize
0x00007290	0x00000020	[  5] _eglMakeCurrent
0x000072B0	0x00000020	[  5] _eglQueryAPI
0x000072D0	0x00000020	[  5] _eglQueryContext
0x000072F0	0x00000020	[  5] _eglQueryString
0x00007310	0x00000020	[  5] _eglQuerySurface
0x00007330	0x00000020	[  5] _eglReleaseTexImage
0x00007350	0x00000020	[  5] _eglReleaseThread
0x00007370	0x00000020	[  5] _eglSurfaceAttrib
0x00007390	0x00000020	[  5] _eglSwapBuffers
0x000073B0	0x00000020	[  5] _eglSwapInterval
0x000073D0	0x00000020	[  5] _eglTerminate
0x000073F0	0x00000020	[  5] _eglWaitClient
0x00007410	0x00000020	[  5] _eglWaitGL
0x00007430	0x00000020	[  5] _eglWaitNative
0x00007450	0x00000020	[  5] _glActiveShaderProgram
0x00007470	0x00000020	[  5] _glActiveTexture
0x00007490	0x00000020	[  5] _glAlphaFunc
0x000074B0	0x00000020	[  5] _glAlphaFuncx
0x000074D0	0x00000020	[  5] _glAttachShader
0x000074F0	0x00000020	[  5] _glBeginQuery
0x00007510	0x00000020	[  5] _glBeginTransformFeedback
0x00007530	0x00000020	[  5] _glBindAttribLocation
0x00007550	0x00000020	[  5] _glBindBuffer
0x00007570	0x00000020	[  5] _glBindBufferBase
0x00007590	0x00000020	[  5] _glBindBufferRange
0x000075B0	0x00000020	[  5] _glBindFramebuffer
0x000075D0	0x00000020	[  5] _glBindImageTexture
0x000075F0	0x00000020	[  5] _glBindProgramPipeline
0x00007610	0x00000020	[  5] _glBindRenderbuffer
0x00007630	0x00000020	[  5] _glBindSampler
0x00007650	0x00000020	[  5] _glBindTexture
0x00007670	0x00000020	[  5] _glBindTransformFeedback
0x00007690	0x00000020	[  5] _glBindVertexArray
0x000076B0	0x00000020	[  5] _glBindVertexBuffer
0x000076D0	0x00000020	[  5] _glBlendColor
0x000076F0	0x00000020	[  5] _glBlendEquation
0x00007710	0x00000020	[  5] _glBlendEquationSeparate
0x00007730	0x00000020	[  5] _glBlendFunc
0x00007750	0x00000020	[  5] _glBlendFuncSeparate
0x00007770	0x00000020	[  5] _glBlitFramebuffer
0x00007790	0x00000020	[  5] _glBufferData
0x000077B0	0x00000020	[  5] _glBufferSubData
0x000077D0	0x00000020	[  5] _glCheckFramebufferStatus
0x000077F0	0x00000020	[  5] _glClear
0x00007810	0x00000020	[  5] _glClearBufferfi
0x00007830	0x00000020	[  5] _glClearBufferfv
0x00007850	0x00000020	[  5] _glClearBufferiv
0x00007870	0x00000020	[  5] _glClearBufferuiv
0x00007890	0x00000020	[  5] _glClearColor
0x000078B0	0x00000020	[  5] _glClearColorx
0x000078D0	0x00000020	[  5] _glClearDepthf
0x000078F0	0x00000020	[  5] _glClearDepthx
0x00007910	0x00000020	[  5] _glClearStencil
0x00007930	0x00000020	[  5] _glClientActiveTexture
0x00007950	0x00000020	[  5] _glClientWaitSync
0x00007970	0x00000020	[  5] _glClipPlanef
0x00007990	0x00000020	[  5] _glClipPlanex
0x000079B0	0x00000020	[  5] _glColor4f
0x000079D0	0x00000020	[  5] _glColor4ub
0x000079F0	0x00000020	[  5] _glColor4x
0x00007A10	0x00000020	[  5] _glColorMask
0x00007A30	0x00000020	[  5] _glColorPointer
0x00007A50	0x00000020	[  5] _glCompileShader
0x00007A70	0x00000020	[  5] _glCompressedTexImage2D
0x00007A90	0x00000020	[  5] _glCompressedTexImage3D
0x00007AB0	0x00000020	[  5] _glCompressedTexSubImage2D
0x00007AD0	0x00000020	[  5] _glCompressedTexSubImage3D
0x00007AF0	0x00000020	[  5] _glCopyBufferSubData
0x00007B10	0x00000020	[  5] _glCopyTexImage2D
0x00007B30	0x00000020	[  5] _glCopyTexSubImage2D
0x00007B50	0x00000020	[  5] _glCopyTexSubImage3D
0x00007B70	0x00000020	[  5] _glCreateProgram
0x00007B90	0x00000020	[  5] _glCreateShader
0x00007BB0	0x00000020	[  5] _glCreateShaderProgramv
0x00007BD0	0x00000020	[  5] _glCullFace
0x00007BF0	0x00000020	[  5] _glCurrentPaletteMatrixOES
0x00007C10	0x00000020	[  5] _glDeleteBuffers
0x00007C30	0x00000020	[  5] _glDeleteFramebuffers
0x00007C50	0x00000020	[  5] _glDeleteProgram
0x00007C70	0x00000020	[  5] _glDeleteProgramPipelines
0x00007C90	0x00000020	[  5] _glDeleteQueries
0x00007CB0	0x00000020	[  5] _glDeleteRenderbuffers
0x00007CD0	0x00000020	[  5] _glDeleteSamplers
0x00007CF0	0x00000020	[  5] _glDeleteShader
0x00007D10	0x00000020	[  5] _glDeleteSync
0x00007D30	0x00000020	[  5] _glDeleteTextures
0x00007D50	0x00000020	[  5] _glDeleteTransformFeedbacks
0x00007D70	0x00000020	[  5] _glDeleteVertexArrays
0x00007D90	0x00000020	[  5] _glDepthFunc
0x00007DB0	0x00000020	[  5] _glDepthMask
0x00007DD0	0x00000020	[  5] _glDepthRangef
0x00007DF0	0x00000020	[  5] _glDepthRangex
0x00007E10	0x00000020	[  5] _glDetachShader
0x00007E30	0x00000020	[  5] _glDisable
0x00007E50	0x00000020	[  5] _glDisableClientState
0x00007E70	0x00000020	[  5] _glDisableVertexAttribArray
0x00007E90	0x00000020	[  5] _glDispatchCompute
0x00007EB0	0x00000020	[  5] _glDispatchComputeIndirect
0x00007ED0	0x00000020	[  5] _glDrawArrays
0x00007EF0	0x00000020	[  5] _glDrawArraysIndirect
0x00007F10	0x00000020	[  5] _glDrawArraysInstanced
0x00007F30	0x00000020	[  5] _glDrawBuffers
0x00007F50	0x00000020	[  5] _glDrawElements
0x00007F70	0x00000020	[  5] _glDrawElementsIndirect
0x00007F90	0x00000020	[  5] _glDrawElementsInstanced
0x00007FB0	0x00000020	[  5] _glDrawRangeElements
0x00007FD0	0x00000020	[  5] _glEnable
0x00007FF0	0x00000020	[  5] _glEnableClientState
0x00008010	0x00000020	[  5] _glEnableVertexAttribArray
0x00008030	0x00000020	[  5] _glEndQuery
0x00008050	0x00000020	[  5] _glEndTransformFeedback
0x00008070	0x00000020	[  5] _glFenceSync
0x00008090	0x00000020	[  5] _glFinish
0x000080B0	0x00000020	[  5] _glFlush
0x000080D0	0x00000020	[  5] _glFlushMappedBufferRange
0x000080F0	0x00000020	[  5] _glFogf
0x00008110	0x00000020	[  5] _glFogfv
0x00008130	0x00000020	[  5] _glFogx
0x00008150	0x00000020	[  5] _glFogxv
0x00008170	0x00000020	[  5] _glFramebufferParameteri
0x00008190	0x00000020	[  5] _glFramebufferRenderbuffer
0x000081B0	0x00000020	[  5] _glFramebufferTexture2D
0x000081D0	0x00000020	[  5] _glFramebufferTextureLayer
0x000081F0	0x00000020	[  5] _glFrontFace
0x00008210	0x00000020	[  5] _glFrustumf
0x00008230	0x00000020	[  5] _glFrustumx
0x00008250	0x00000020	[  5] _glGenBuffers
0x00008270	0x00000020	[  5] _glGenFramebuffers
0x00008290	0x00000020	[  5] _glGenProgramPipelines
0x000082B0	0x00000020	[  5] _glGenQueries
0x000082D0	0x00000020	[  5] _glGenRenderbuffers
0x000082F0	0x00000020	[  5] _glGenSamplers
0x00008310	0x00000020	[  5] _glGenTextures
0x00008330	0x00000020	[  5] _glGenTransformFeedbacks
0x00008350	0x00000020	[  5] _glGenVertexArrays
0x00008370	0x00000020	[  5] _glGenerateMipmap
0x00008390	0x00000020	[  5] _glGetActiveAttrib
0x000083B0	0x00000020	[  5] _glGetActiveUniform
0x000083D0	0x00000020	[  5] _glGetActiveUniformBlockName
0x000083F0	0x00000020	[  5] _glGetActiveUniformBlockiv
0x00008410	0x00000020	[  5] _glGetActiveUniformsiv
0x00008430	0x00000020	[  5] _glGetAttachedShaders
0x00008450	0x00000020	[  5] _glGetAttribLocation
0x00008470	0x00000020	[  5] _glGetBooleani_v
0x00008490	0x00000020	[  5] _glGetBooleanv
0x000084B0	0x00000020	[  5] _glGetBufferParameteri64v
0x000084D0	0x00000020	[  5] _glGetBufferParameteriv
0x000084F0	0x00000020	[  5] _glGetBufferPointerv
0x00008510	0x00000020	[  5] _glGetClipPlanef
0x00008530	0x00000020	[  5] _glGetClipPlanex
0x00008550	0x00000020	[  5] _glGetError
0x00008570	0x00000020	[  5] _glGetFixedv
0x00008590	0x00000020	[  5] _glGetFloatv
0x000085B0	0x00000020	[  5] _glGetFragDataLocation
0x000085D0	0x00000020	[  5] _glGetFramebufferAttachmentParameteriv
0x000085F0	0x00000020	[  5] _glGetFramebufferParameteriv
0x00008610	0x00000020	[  5] _glGetInteger64i_v
0x00008630	0x00000020	[  5] _glGetInteger64v
0x00008650	0x00000020	[  5] _glGetIntegeri_v
0x00008670	0x00000020	[  5] _glGetIntegerv
0x00008690	0x00000020	[  5] _glGetInternalformativ
0x000086B0	0x00000020	[  5] _glGetLightfv
0x000086D0	0x00000020	[  5] _glGetLightxv
0x000086F0	0x00000020	[  5] _glGetMaterialfv
0x00008710	0x00000020	[  5] _glGetMaterialxv
0x00008730	0x00000020	[  5] _glGetMultisamplefv
0x00008750	0x00000020	[  5] _glGetPointerv
0x00008770	0x00000020	[  5] _glGetProgramBinary
0x00008790	0x00000020	[  5] _glGetProgramInfoLog
0x000087B0	0x00000020	[  5] _glGetProgramInterfaceiv
0x000087D0	0x00000020	[  5] _glGetProgramPipelineInfoLog
0x000087F0	0x00000020	[  5] _glGetProgramPipelineiv
0x00008810	0x00000020	[  5] _glGetProgramResourceIndex
0x00008830	0x00000020	[  5] _glGetProgramResourceLocation
0x00008850	0x00000020	[  5] _glGetProgramResourceName
0x00008870	0x00000020	[  5] _glGetProgramResourceiv
0x00008890	0x00000020	[  5] _glGetProgramiv
0x000088B0	0x00000020	[  5] _glGetQueryObjectuiv
0x000088D0	0x00000020	[  5] _glGetQueryiv
0x000088F0	0x00000020	[  5] _glGetRenderbufferParameteriv
0x00008910	0x00000020	[  5] _glGetSamplerParameterfv
0x00008930	0x00000020	[  5] _glGetSamplerParameteriv
0x00008950	0x00000020	[  5] _glGetShaderInfoLog
0x00008970	0x00000020	[  5] _glGetShaderPrecisionFormat
0x00008990	0x00000020	[  5] _glGetShaderSource
0x000089B0	0x00000020	[  5] _glGetShaderiv
0x000089D0	0x00000020	[  5] _glGetString
0x000089F0	0x00000020	[  5] _glGetStringi
0x00008A10	0x00000020	[  5] _glGetSynciv
0x00008A30	0x00000020	[  5] _glGetTexEnvfv
0x00008A50	0x00000020	[  5] _glGetTexEnviv
0x00008A70	0x00000020	[  5] _glGetTexEnvxv
0x00008A90	0x00000020	[  5] _glGetTexLevelParameterfv
0x00008AB0	0x00000020	[  5] _glGetTexLevelParameteriv
0x00008AD0	0x00000020	[  5] _glGetTexParameterfv
0x00008AF0	0x00000020	[  5] _glGetTexParameteriv
0x00008B10	0x00000020	[  5] _glGetTexParameterxv
0x00008B30	0x00000020	[  5] _glGetTransformFeedbackVarying
0x00008B50	0x00000020	[  5] _glGetUniformBlockIndex
0x00008B70	0x00000020	[  5] _glGetUniformIndices
0x00008B90	0x00000020	[  5] _glGetUniformLocation
0x00008BB0	0x00000020	[  5] _glGetUniformfv
0x00008BD0	0x00000020	[  5] _glGetUniformiv
0x00008BF0	0x00000020	[  5] _glGetUniformuiv
0x00008C10	0x00000020	[  5] _glGetVertexAttribIiv
0x00008C30	0x00000020	[  5] _glGetVertexAttribIuiv
0x00008C50	0x00000020	[  5] _glGetVertexAttribPointerv
0x00008C70	0x00000020	[  5] _glGetVertexAttribfv
0x00008C90	0x00000020	[  5] _glGetVertexAttribiv
0x00008CB0	0x00000020	[  5] _glHint
0x00008CD0	0x00000020	[  5] _glInvalidateFramebuffer
0x00008CF0	0x00000020	[  5] _glInvalidateSubFramebuffer
0x00008D10	0x00000020	[  5] _glIsBuffer
0x00008D30	0x00000020	[  5] _glIsEnabled
0x00008D50	0x00000020	[  5] _glIsFramebuffer
0x00008D70	0x00000020	[  5] _glIsProgram
0x00008D90	0x00000020	[  5] _glIsProgramPipeline
0x00008DB0	0x00000020	[  5] _glIsQuery
0x00008DD0	0x00000020	[  5] _glIsRenderbuffer
0x00008DF0	0x00000020	[  5] _glIsSampler
0x00008E10	0x00000020	[  5] _glIsShader
0x00008E30	0x00000020	[  5] _glIsSync
0x00008E50	0x00000020	[  5] _glIsTexture
0x00008E70	0x00000020	[  5] _glIsTransformFeedback
0x00008E90	0x00000020	[  5] _glIsVertexArray
0x00008EB0	0x00000020	[  5] _glLightModelf
0x00008ED0	0x00000020	[  5] _glLightModelfv
0x00008EF0	0x00000020	[  5] _glLightModelx
0x00008F10	0x00000020	[  5] _glLightModelxv
0x00008F30	0x00000020	[  5] _glLightf
0x00008F50	0x00000020	[  5] _glLightfv
0x00008F70	0x00000020	[  5] _glLightx
0x00008F90	0x00000020	[  5] _glLightxv
0x00008FB0	0x00000020	[  5] _glLineWidth
0x00008FD0	0x00000020	[  5] _glLineWidthx
0x00008FF0	0x00000020	[  5] _glLinkProgram
0x00009010	0x00000020	[  5] _glLoadIdentity
0x00009030	0x00000020	[  5] _glLoadMatrixf
0x00009050	0x00000020	[  5] _glLoadMatrixx
0x00009070	0x00000020	[  5] _glLogicOp
0x00009090	0x00000020	[  5] _glMapBufferRange
0x000090B0	0x00000020	[  5] _glMaterialf
0x000090D0	0x00000020	[  5] _glMaterialfv
0x000090F0	0x00000020	[  5] _glMaterialx
0x00009110	0x00000020	[  5] _glMaterialxv
0x00009130	0x00000020	[  5] _glMatrixIndexPointerOES
0x00009150	0x00000020	[  5] _glMatrixMode
0x00009170	0x00000020	[  5] _glMemoryBarrier
0x00009190	0x00000020	[  5] _glMemoryBarrierByRegion
0x000091B0	0x00000020	[  5] _glMultMatrixf
0x000091D0	0x00000020	[  5] _glMultMatrixx
0x000091F0	0x00000020	[  5] _glMultiTexCoord4f
0x00009210	0x00000020	[  5] _glMultiTexCoord4x
0x00009230	0x00000020	[  5] _glNormal3f
0x00009250	0x00000020	[  5] _glNormal3x
0x00009270	0x00000020	[  5] _glNormalPointer
0x00009290	0x00000020	[  5] _glOrthof
0x000092B0	0x00000020	[  5] _glOrthox
0x000092D0	0x00000020	[  5] _glPauseTransformFeedback
0x000092F0	0x00000020	[  5] _glPixelStorei
0x00009310	0x00000020	[  5] _glPointParameterf
0x00009330	0x00000020	[  5] _glPointParameterfv
0x00009350	0x00000020	[  5] _glPointParameterx
0x00009370	0x00000020	[  5] _glPointParameterxv
0x00009390	0x00000020	[  5] _glPointSize
0x000093B0	0x00000020	[  5] _glPointSizePointerOES
0x000093D0	0x00000020	[  5] _glPointSizex
0x000093F0	0x00000020	[  5] _glPolygonOffset
0x00009410	0x00000020	[  5] _glPolygonOffsetx
0x00009430	0x00000020	[  5] _glPopMatrix
0x00009450	0x00000020	[  5] _glProgramBinary
0x00009470	0x00000020	[  5] _glProgramParameteri
0x00009490	0x00000020	[  5] _glProgramUniform1f
0x000094B0	0x00000020	[  5] _glProgramUniform1fv
0x000094D0	0x00000020	[  5] _glProgramUniform1i
0x000094F0	0x00000020	[  5] _glProgramUniform1iv
0x00009510	0x00000020	[  5] _glProgramUniform1ui
0x00009530	0x00000020	[  5] _glProgramUniform1uiv
0x00009550	0x00000020	[  5] _glProgramUniform2f
0x00009570	0x00000020	[  5] _glProgramUniform2fv
0x00009590	0x00000020	[  5] _glProgramUniform2i
0x000095B0	0x00000020	[  5] _glProgramUniform2iv
0x000095D0	0x00000020	[  5] _glProgramUniform2ui
0x000095F0	0x00000020	[  5] _glProgramUniform2uiv
0x00009610	0x00000020	[  5] _glProgramUniform3f
0x00009630	0x00000020	[  5] _glProgramUniform3fv
0x00009650	0x00000020	[  5] _glProgramUniform3i
0x00009670	0x00000020	[  5] _glProgramUniform3iv
0x00009690	0x00000020	[  5] _glProgramUniform3ui
0x000096B0	0x00000020	[  5] _glProgramUniform3uiv
0x000096D0	0x00000020	[  5] _glProgramUniform4f
0x000096F0	0x00000020	[  5] _glProgramUniform4fv
0x00009710	0x00000020	[  5] _glProgramUniform4i
0x00009730	0x00000020	[  5] _glProgramUniform4iv
0x00009750	0x00000020	[  5] _glProgramUniform4ui
0x00009770	0x00000020	[  5] _glProgramUniform4uiv
0x00009790	0x00000020	[  5] _glProgramUniformMatrix2fv
0x000097B0	0x00000020	[  5] _glProgramUniformMatrix2x3fv
0x000097D0	0x00000020	[  5] _glProgramUniformMatrix2x4fv
0x000097F0	0x00000020	[  5] _glProgramUniformMatrix3fv
0x00009810	0x00000020	[  5] _glProgramUniformMatrix3x2fv
0x00009830	0x00000020	[  5] _glProgramUniformMatrix3x4fv
0x00009850	0x00000020	[  5] _glProgramUniformMatrix4fv
0x00009870	0x00000020	[  5] _glProgramUniformMatrix4x2fv
0x00009890	0x00000020	[  5] _glProgramUniformMatrix4x3fv
0x000098B0	0x00000020	[  5] _glPushMatrix
0x000098D0	0x00000020	[  5] _glReadBuffer
0x000098F0	0x00000020	[  5] _glReadPixels
0x00009910	0x00000020	[  5] _glReleaseShaderCompiler
0x00009930	0x00000020	[  5] _glRenderbufferStorage
0x00009950	0x00000020	[  5] _glRenderbufferStorageMultisample
0x00009970	0x00000020	[  5] _glResumeTransformFeedback
0x00009990	0x00000020	[  5] _glRotatef
0x000099B0	0x00000020	[  5] _glRotatex
0x000099D0	0x00000020	[  5] _glSampleCoverage
0x000099F0	0x00000020	[  5] _glSampleCoveragex
0x00009A10	0x00000020	[  5] _glSampleMaski
0x00009A30	0x00000020	[  5] _glSamplerParameterf
0x00009A50	0x00000020	[  5] _glSamplerParameterfv
0x00009A70	0x00000020	[  5] _glSamplerParameteri
0x00009A90	0x00000020	[  5] _glSamplerParameteriv
0x00009AB0	0x00000020	[  5] _glScalef
0x00009AD0	0x00000020	[  5] _glScalex
0x00009AF0	0x00000020	[  5] _glScissor
0x00009B10	0x00000020	[  5] _glShadeModel
0x00009B30	0x00000020	[  5] _glShaderBinary
0x00009B50	0x00000020	[  5] _glShaderSource
0x00009B70	0x00000020	[  5] _glStencilFunc
0x00009B90	0x00000020	[  5] _glStencilFuncSeparate
0x00009BB0	0x00000020	[  5] _glStencilMask
0x00009BD0	0x00000020	[  5] _glStencilMaskSeparate
0x00009BF0	0x00000020	[  5] _glStencilOp
0x00009C10	0x00000020	[  5] _glStencilOpSeparate
0x00009C30	0x00000020	[  5] _glTexCoordPointer
0x00009C50	0x00000020	[  5] _glTexEnvf
0x00009C70	0x00000020	[  5] _glTexEnvfv
0x00009C90	0x00000020	[  5] _glTexEnvi
0x00009CB0	0x00000020	[  5] _glTexEnviv
0x00009CD0	0x00000020	[  5] _glTexEnvx
0x00009CF0	0x00000020	[  5] _glTexEnvxv
0x00009D10	0x00000020	[  5] _glTexImage2D
0x00009D30	0x00000020	[  5] _glTexImage3D
0x00009D50	0x00000020	[  5] _glTexParameterf
0x00009D70	0x00000020	[  5] _glTexParameterfv
0x00009D90	0x00000020	[  5] _glTexParameteri
0x00009DB0	0x00000020	[  5] _glTexParameteriv
0x00009DD0	0x00000020	[  5] _glTexParameterx
0x00009DF0	0x00000020	[  5] _glTexParameterxv
0x00009E10	0x00000020	[  5] _glTexStorage2D
0x00009E30	0x00000020	[  5] _glTexStorage2DMultisample
0x00009E50	0x00000020	[  5] _glTexStorage3D
0x00009E70	0x00000020	[  5] _glTexSubImage2D
0x00009E90	0x00000020	[  5] _glTexSubImage3D
0x00009EB0	0x00000020	[  5] _glTransformFeedbackVaryings
0x00009ED0	0x00000020	[  5] _glTranslatef
0x00009EF0	0x00000020	[  5] _glTranslatex
0x00009F10	0x00000020	[  5] _glUniform1f
0x00009F30	0x00000020	[  5] _glUniform1fv
0x00009F50	0x00000020	[  5] _glUniform1i
0x00009F70	0x00000020	[  5] _glUniform1iv
0x00009F90	0x00000020	[  5] _glUniform1ui
0x00009FB0	0x00000020	[  5] _glUniform1uiv
0x00009FD0	0x00000020	[  5] _glUniform2f
0x00009FF0	0x00000020	[  5] _glUniform2fv
0x0000A010	0x00000020	[  5] _glUniform2i
0x0000A030	0x00000020	[  5] _glUniform2iv
0x0000A050	0x00000020	[  5] _glUniform2ui
0x0000A070	0x00000020	[  5] _glUniform2uiv
0x0000A090	0x00000020	[  5] _glUniform3f
0x0000A0B0	0x00000020	[  5] _glUniform3fv
0x0000A0D0	0x00000020	[  5] _glUniform3i
0x0000A0F0	0x00000020	[  5] _glUniform3iv
0x0000A110	0x00000020	[  5] _glUniform3ui
0x0000A130	0x00000020	[  5] _glUniform3uiv
0x0000A150	0x00000020	[  5] _glUniform4f
0x0000A170	0x00000020	[  5] _glUniform4fv
0x0000A190	0x00000020	[  5] _glUniform4i
0x0000A1B0	0x00000020	[  5] _glUniform4iv
0x0000A1D0	0x00000020	[  5] _glUniform4ui
0x0000A1F0	0x00000020	[  5] _glUniform4uiv
0x0000A210	0x00000020	[  5] _glUniformBlockBinding
0x0000A230	0x00000020	[  5] _glUniformMatrix2fv
0x0000A250	0x00000020	[  5] _glUniformMatrix2x3fv
0x0000A270	0x00000020	[  5] _glUniformMatrix2x4fv
0x0000A290	0x00000020	[  5] _glUniformMatrix3fv
0x0000A2B0	0x00000020	[  5] _glUniformMatrix3x2fv
0x0000A2D0	0x00000020	[  5] _glUniformMatrix3x4fv
0x0000A2F0	0x00000020	[  5] _glUniformMatrix4fv
0x0000A310	0x00000020	[  5] _glUniformMatrix4x2fv
0x0000A330	0x00000020	[  5] _glUniformMatrix4x3fv
0x0000A350	0x00000020	[  5] _glUnmapBuffer
0x0000A370	0x00000020	[  5] _glUseProgram
0x0000A390	0x00000020	[  5] _glUseProgramStages
0x0000A3B0	0x00000020	[  5] _glValidateProgram
0x0000A3D0	0x00000020	[  5] _glValidateProgramPipeline
0x0000A3F0	0x00000020	[  5] _glVertexAttrib1f
0x0000A410	0x00000020	[  5] _glVertexAttrib1fv
0x0000A430	0x00000020	[  5] _glVertexAttrib2f
0x0000A450	0x00000020	[  5] _glVertexAttrib2fv
0x0000A470	0x00000020	[  5] _glVertexAttrib3f
0x0000A490	0x00000020	[  5] _glVertexAttrib3fv
0x0000A4B0	0x00000020	[  5] _glVertexAttrib4f
0x0000A4D0	0x00000020	[  5] _glVertexAttrib4fv
0x0000A4F0	0x00000020	[  5] _glVertexAttribBinding
0x0000A510	0x00000020	[  5] _glVertexAttribDivisor
0x0000A530	0x00000020	[  5] _glVertexAttribFormat
0x0000A550	0x00000020	[  5] _glVertexAttribI4i
0x0000A570	0x00000020	[  5] _glVertexAttribI4iv
0x0000A590	0x00000020	[  5] _glVertexAttribI4ui
0x0000A5B0	0x00000020	[  5] _glVertexAttribI4uiv
0x0000A5D0	0x00000020	[  5] _glVertexAttribIFormat
0x0000A5F0	0x00000020	[  5] _glVertexAttribIPointer
0x0000A610	0x00000020	[  5] _glVertexAttribPointer
0x0000A630	0x00000020	[  5] _glVertexBindingDivisor
0x0000A650	0x00000020	[  5] _glVertexPointer
0x0000A670	0x00000020	[  5] _glViewport
0x0000A690	0x00000020	[  5] _glWaitSync
0x0000A6B0	0x00000020	[  5] _glWeightPointerOES
0x0000A6D0	0x00000020	[  5] _s3eAccelerometerGetError
0x0000A6F0	0x00000020	[  5] _s3eAccelerometerGetErrorString
0x0000A710	0x00000020	[  5] _s3eAccelerometerGetInt
0x0000A730	0x00000020	[  5] _s3eAccelerometerGetX
0x0000A750	0x00000020	[  5] _s3eAccelerometerGetY
0x0000A770	0x00000020	[  5] _s3eAccelerometerGetZ
0x0000A790	0x00000020	[  5] _s3eAccelerometerStart
0x0000A7B0	0x00000020	[  5] _s3eAccelerometerStop
0x0000A7D0	0x00000020	[  5] _s3eAudioGetError
0x0000A7F0	0x00000020	[  5] _s3eAudioGetErrorString
0x0000A810	0x00000020	[  5] _s3eAudioGetInt
0x0000A830	0x00000020	[  5] _s3eAudioIsCodecSupported
0x0000A850	0x00000020	[  5] _s3eAudioIsPlaying
0x0000A870	0x00000020	[  5] _s3eAudioPause
0x0000A890	0x00000020	[  5] _s3eAudioPlay
0x0000A8B0	0x00000020	[  5] _s3eAudioPlayFromBuffer
0x0000A8D0	0x00000020	[  5] _s3eAudioRegister
0x0000A8F0	0x00000020	[  5] _s3eAudioResume
0x0000A910	0x00000020	[  5] _s3eAudioSetInt
0x0000A930	0x00000020	[  5] _s3eAudioStop
0x0000A950	0x00000020	[  5] _s3eAudioUnRegister
0x0000A970	0x00000020	[  5] _s3eCompressionDecomp
0x0000A990	0x00000020	[  5] _s3eCompressionDecompFinal
0x0000A9B0	0x00000020	[  5] _s3eCompressionDecompInit
0x0000A9D0	0x00000020	[  5] _s3eCompressionDecompRead
0x0000A9F0	0x00000020	[  5] _s3eCompressionGetError
0x0000AA10	0x00000020	[  5] _s3eCompressionGetErrorString
0x0000AA30	0x00000020	[  5] _s3eConfigGetError
0x0000AA50	0x00000020	[  5] _s3eConfigGetErrorString
0x0000AA70	0x00000020	[  5] _s3eConfigGetInt
0x0000AA90	0x00000020	[  5] _s3eConfigGetIntHash
0x0000AAB0	0x00000020	[  5] _s3eConfigGetString
0x0000AAD0	0x00000020	[  5] _s3eConfigGetStringHash
0x0000AAF0	0x00000020	[  5] _s3eCryptoGetError
0x0000AB10	0x00000020	[  5] _s3eCryptoGetErrorString
0x0000AB30	0x00000020	[  5] _s3eCryptoRand
0x0000AB50	0x00000020	[  5] _s3eCryptoSha1
0x0000AB70	0x00000020	[  5] _s3eCryptoSha1Final
0x0000AB90	0x00000020	[  5] _s3eCryptoSha1Init
0x0000ABB0	0x00000020	[  5] _s3eCryptoSha1Update
0x0000ABD0	0x00000020	[  5] _s3eCryptoVerifyRsa
0x0000ABF0	0x00000020	[  5] _s3eDebugAssertShow
0x0000AC10	0x00000020	[  5] _s3eDebugErrorShow
0x0000AC30	0x00000020	[  5] _s3eDebugGetError
0x0000AC50	0x00000020	[  5] _s3eDebugGetErrorString
0x0000AC70	0x00000020	[  5] _s3eDebugGetInt
0x0000AC90	0x00000020	[  5] _s3eDebugIsDebuggerPresent
0x0000ACB0	0x00000020	[  5] _s3eDebugOutputString
0x0000ACD0	0x00000020	[  5] _s3eDebugPrint
0x0000ACF0	0x00000020	[  5] _s3eDebugRegister
0x0000AD10	0x00000020	[  5] _s3eDebugSetInt
0x0000AD30	0x00000020	[  5] _s3eDebugTraceChannelSwitch
0x0000AD50	0x00000020	[  5] _s3eDebugTraceClearFile
0x0000AD70	0x00000020	[  5] _s3eDebugTraceFlush
0x0000AD90	0x00000020	[  5] _s3eDebugTraceLine
0x0000ADB0	0x00000020	[  5] _s3eDebugUnRegister
0x0000ADD0	0x00000020	[  5] _s3eDeviceAbort
0x0000ADF0	0x00000020	[  5] _s3eDeviceBacklightOn
0x0000AE10	0x00000020	[  5] _s3eDeviceCheckPauseRequest
0x0000AE30	0x00000020	[  5] _s3eDeviceCheckQuitRequest
0x0000AE50	0x00000020	[  5] _s3eDeviceExecPushNext
0x0000AE70	0x00000020	[  5] _s3eDeviceExit
0x0000AE90	0x00000020	[  5] _s3eDeviceGetError
0x0000AEB0	0x00000020	[  5] _s3eDeviceGetErrorString
0x0000AED0	0x00000020	[  5] _s3eDeviceGetInt
0x0000AEF0	0x00000020	[  5] _s3eDeviceGetString
0x0000AF10	0x00000020	[  5] _s3eDeviceLoaderCallDone
0x0000AF30	0x00000020	[  5] _s3eDeviceLoaderCallStart
0x0000AF50	0x00000020	[  5] _s3eDeviceNetworkCheckStart
0x0000AF70	0x00000020	[  5] _s3eDeviceNetworkCheckStop
0x0000AF90	0x00000020	[  5] _s3eDeviceRegister
0x0000AFB0	0x00000020	[  5] _s3eDeviceRequestQuit
0x0000AFD0	0x00000020	[  5] _s3eDeviceSetInt
0x0000AFF0	0x00000020	[  5] _s3eDeviceUnRegister
0x0000B010	0x00000020	[  5] _s3eDeviceUnYield
0x0000B030	0x00000020	[  5] _s3eDeviceYield
0x0000B050	0x00000020	[  5] _s3eDeviceYieldUntilEvent
0x0000B070	0x00000020	[  5] _s3eExtGet
0x0000B090	0x00000020	[  5] _s3eExtGetError
0x0000B0B0	0x00000020	[  5] _s3eExtGetErrorString
0x0000B0D0	0x00000020	[  5] _s3eExtGetHash
0x0000B0F0	0x00000020	[  5] _s3eFileAddUserFileSys
0x0000B110	0x00000020	[  5] _s3eFileCheckExists
0x0000B130	0x00000020	[  5] _s3eFileClose
0x0000B150	0x00000020	[  5] _s3eFileDelete
0x0000B170	0x00000020	[  5] _s3eFileDeleteDirectory
0x0000B190	0x00000020	[  5] _s3eFileEOF
0x0000B1B0	0x00000020	[  5] _s3eFileFlush
0x0000B1D0	0x00000020	[  5] _s3eFileGetChar
0x0000B1F0	0x00000020	[  5] _s3eFileGetError
0x0000B210	0x00000020	[  5] _s3eFileGetErrorString
0x0000B230	0x00000020	[  5] _s3eFileGetFileInt
0x0000B250	0x00000020	[  5] _s3eFileGetFileString
0x0000B270	0x00000020	[  5] _s3eFileGetFree
0x0000B290	0x00000020	[  5] _s3eFileGetInt
0x0000B2B0	0x00000020	[  5] _s3eFileGetLastWriteTime
0x0000B2D0	0x00000020	[  5] _s3eFileGetSize
0x0000B2F0	0x00000020	[  5] _s3eFileListClose
0x0000B310	0x00000020	[  5] _s3eFileListDirectory
0x0000B330	0x00000020	[  5] _s3eFileListNext
0x0000B350	0x00000020	[  5] _s3eFileMakeDirectory
0x0000B370	0x00000020	[  5] _s3eFileOpen
0x0000B390	0x00000020	[  5] _s3eFileOpenFromMemory
0x0000B3B0	0x00000020	[  5] _s3eFilePutChar
0x0000B3D0	0x00000020	[  5] _s3eFileRead
0x0000B3F0	0x00000020	[  5] _s3eFileReadString
0x0000B410	0x00000020	[  5] _s3eFileRemoveUserFileSys
0x0000B430	0x00000020	[  5] _s3eFileRename
0x0000B450	0x00000020	[  5] _s3eFileSeek
0x0000B470	0x00000020	[  5] _s3eFileSetInt
0x0000B490	0x00000020	[  5] _s3eFileTell
0x0000B4B0	0x00000020	[  5] _s3eFileTruncate
0x0000B4D0	0x00000020	[  5] _s3eFileWrite
0x0000B4F0	0x00000020	[  5] _s3eFree
0x0000B510	0x00000020	[  5] _s3eFreeBase
0x0000B530	0x00000020	[  5] _s3eGLGetError
0x0000B550	0x00000020	[  5] _s3eGLGetErrorString
0x0000B570	0x00000020	[  5] _s3eGLGetInt
0x0000B590	0x00000020	[  5] _s3eGLGetNativeWindow
0x0000B5B0	0x00000020	[  5] _s3eGLRegister
0x0000B5D0	0x00000020	[  5] _s3eGLUnRegister
0x0000B5F0	0x00000020	[  5] _s3eGLUnavailable
0x0000B610	0x00000020	[  5] _s3eInetAton
0x0000B630	0x00000020	[  5] _s3eInetHtonl
0x0000B650	0x00000020	[  5] _s3eInetHtons
0x0000B670	0x00000020	[  5] _s3eInetLookup
0x0000B690	0x00000020	[  5] _s3eInetLookupCancel
0x0000B6B0	0x00000020	[  5] _s3eInetNtoa
0x0000B6D0	0x00000020	[  5] _s3eInetNtohl
0x0000B6F0	0x00000020	[  5] _s3eInetNtohs
0x0000B710	0x00000020	[  5] _s3eInetToString
0x0000B730	0x00000020	[  5] _s3eKeyboardAnyKey
0x0000B750	0x00000020	[  5] _s3eKeyboardClearState
0x0000B770	0x00000020	[  5] _s3eKeyboardGetChar
0x0000B790	0x00000020	[  5] _s3eKeyboardGetDisplayName
0x0000B7B0	0x00000020	[  5] _s3eKeyboardGetError
0x0000B7D0	0x00000020	[  5] _s3eKeyboardGetErrorString
0x0000B7F0	0x00000020	[  5] _s3eKeyboardGetInt
0x0000B810	0x00000020	[  5] _s3eKeyboardGetState
0x0000B830	0x00000020	[  5] _s3eKeyboardRegister
0x0000B850	0x00000020	[  5] _s3eKeyboardSetInt
0x0000B870	0x00000020	[  5] _s3eKeyboardUnRegister
0x0000B890	0x00000020	[  5] _s3eKeyboardUpdate
0x0000B8B0	0x00000020	[  5] _s3eLicenseBuy
0x0000B8D0	0x00000020	[  5] _s3eLicenseGetError
0x0000B8F0	0x00000020	[  5] _s3eLicenseGetErrorString
0x0000B910	0x00000020	[  5] _s3eLicenseGetInt
0x0000B930	0x00000020	[  5] _s3eMalloc
0x0000B950	0x00000020	[  5] _s3eMallocBase
0x0000B970	0x00000020	[  5] _s3eMemoryGetError
0x0000B990	0x00000020	[  5] _s3eMemoryGetErrorString
0x0000B9B0	0x00000020	[  5] _s3eMemoryGetInt
0x0000B9D0	0x00000020	[  5] _s3eMemoryGetUserMemMgr
0x0000B9F0	0x00000020	[  5] _s3eMemoryHeapAddress
0x0000BA10	0x00000020	[  5] _s3eMemoryHeapCreate
0x0000BA30	0x00000020	[  5] _s3eMemoryHeapDestroy
0x0000BA50	0x00000020	[  5] _s3eMemorySetInt
0x0000BA70	0x00000020	[  5] _s3eMemorySetUserMemMgr
0x0000BA90	0x00000020	[  5] _s3ePointerGetError
0x0000BAB0	0x00000020	[  5] _s3ePointerGetErrorString
0x0000BAD0	0x00000020	[  5] _s3ePointerGetInt
0x0000BAF0	0x00000020	[  5] _s3ePointerGetState
0x0000BB10	0x00000020	[  5] _s3ePointerGetTouchState
0x0000BB30	0x00000020	[  5] _s3ePointerGetTouchX
0x0000BB50	0x00000020	[  5] _s3ePointerGetTouchY
0x0000BB70	0x00000020	[  5] _s3ePointerGetX
0x0000BB90	0x00000020	[  5] _s3ePointerGetY
0x0000BBB0	0x00000020	[  5] _s3ePointerRegister
0x0000BBD0	0x00000020	[  5] _s3ePointerSetInt
0x0000BBF0	0x00000020	[  5] _s3ePointerUnRegister
0x0000BC10	0x00000020	[  5] _s3ePointerUpdate
0x0000BC30	0x00000020	[  5] _s3eRealloc
0x0000BC50	0x00000020	[  5] _s3eReallocBase
0x0000BC70	0x00000020	[  5] _s3eSecureStorageGet
0x0000BC90	0x00000020	[  5] _s3eSecureStorageGetError
0x0000BCB0	0x00000020	[  5] _s3eSecureStorageGetErrorString
0x0000BCD0	0x00000020	[  5] _s3eSecureStoragePut
0x0000BCF0	0x00000020	[  5] _s3eSocketAccept
0x0000BD10	0x00000020	[  5] _s3eSocketBind
0x0000BD30	0x00000020	[  5] _s3eSocketClose
0x0000BD50	0x00000020	[  5] _s3eSocketConnect
0x0000BD70	0x00000020	[  5] _s3eSocketCreate
0x0000BD90	0x00000020	[  5] _s3eSocketGetError
0x0000BDB0	0x00000020	[  5] _s3eSocketGetErrorString
0x0000BDD0	0x00000020	[  5] _s3eSocketGetInt
0x0000BDF0	0x00000020	[  5] _s3eSocketGetLocalName
0x0000BE10	0x00000020	[  5] _s3eSocketGetPeerName
0x0000BE30	0x00000020	[  5] _s3eSocketGetString
0x0000BE50	0x00000020	[  5] _s3eSocketListen
0x0000BE70	0x00000020	[  5] _s3eSocketReadable
0x0000BE90	0x00000020	[  5] _s3eSocketRecv
0x0000BEB0	0x00000020	[  5] _s3eSocketRecvFrom
0x0000BED0	0x00000020	[  5] _s3eSocketSend
0x0000BEF0	0x00000020	[  5] _s3eSocketSendTo
0x0000BF10	0x00000020	[  5] _s3eSocketWritable
0x0000BF30	0x00000020	[  5] _s3eSoundChannelGetInt
0x0000BF50	0x00000020	[  5] _s3eSoundChannelGetInt64
0x0000BF70	0x00000020	[  5] _s3eSoundChannelPause
0x0000BF90	0x00000020	[  5] _s3eSoundChannelPlay
0x0000BFB0	0x00000020	[  5] _s3eSoundChannelRegister
0x0000BFD0	0x00000020	[  5] _s3eSoundChannelResume
0x0000BFF0	0x00000020	[  5] _s3eSoundChannelSetInt
0x0000C010	0x00000020	[  5] _s3eSoundChannelSetInt64
0x0000C030	0x00000020	[  5] _s3eSoundChannelStop
0x0000C050	0x00000020	[  5] _s3eSoundChannelUnRegister
0x0000C070	0x00000020	[  5] _s3eSoundGetError
0x0000C090	0x00000020	[  5] _s3eSoundGetErrorString
0x0000C0B0	0x00000020	[  5] _s3eSoundGetFreeChannel
0x0000C0D0	0x00000020	[  5] _s3eSoundGetInt
0x0000C0F0	0x00000020	[  5] _s3eSoundPauseAllChannels
0x0000C110	0x00000020	[  5] _s3eSoundResumeAllChannels
0x0000C130	0x00000020	[  5] _s3eSoundSetInt
0x0000C150	0x00000020	[  5] _s3eSoundStopAllChannels
0x0000C170	0x00000020	[  5] _s3eSurfaceConvertRGB
0x0000C190	0x00000020	[  5] _s3eSurfaceGetError
0x0000C1B0	0x00000020	[  5] _s3eSurfaceGetErrorString
0x0000C1D0	0x00000020	[  5] _s3eSurfaceGetInt
0x0000C1F0	0x00000020	[  5] _s3eSurfaceInvalidate
0x0000C210	0x00000020	[  5] _s3eSurfacePtr
0x0000C230	0x00000020	[  5] _s3eSurfaceRegister
0x0000C250	0x00000020	[  5] _s3eSurfaceSetDisplayID
0x0000C270	0x00000020	[  5] _s3eSurfaceSetInt
0x0000C290	0x00000020	[  5] _s3eSurfaceSetup
0x0000C2B0	0x00000020	[  5] _s3eSurfaceShow
0x0000C2D0	0x00000020	[  5] _s3eSurfaceUnRegister
0x0000C2F0	0x00000020	[  5] _s3eTimerCancelTimer
0x0000C310	0x00000020	[  5] _s3eTimerGetError
0x0000C330	0x00000020	[  5] _s3eTimerGetErrorString
0x0000C350	0x00000020	[  5] _s3eTimerGetInt
0x0000C370	0x00000020	[  5] _s3eTimerGetLocaltimeOffset
0x0000C390	0x00000020	[  5] _s3eTimerGetMs
0x0000C3B0	0x00000020	[  5] _s3eTimerGetUST
0x0000C3D0	0x00000020	[  5] _s3eTimerGetUTC
0x0000C3F0	0x00000020	[  5] _s3eTimerSetTimer
0x0000C410	0x00000020	[  5] _s3eVibraGetError
0x0000C430	0x00000020	[  5] _s3eVibraGetErrorString
0x0000C450	0x00000020	[  5] _s3eVibraGetInt
0x0000C470	0x00000020	[  5] _s3eVibraSetInt
0x0000C490	0x00000020	[  5] _s3eVibraStop
0x0000C4B0	0x00000020	[  5] _s3eVibraVibrate
0x0000C4D0	0x00000020	[  5] _s3eVideoGetError
0x0000C4F0	0x00000020	[  5] _s3eVideoGetErrorString
0x0000C510	0x00000020	[  5] _s3eVideoGetInt
0x0000C530	0x00000020	[  5] _s3eVideoIsCodecSupported
0x0000C550	0x00000020	[  5] _s3eVideoIsPlaying
0x0000C570	0x00000020	[  5] _s3eVideoPause
0x0000C590	0x00000020	[  5] _s3eVideoPlay
0x0000C5B0	0x00000020	[  5] _s3eVideoPlayFromBuffer
0x0000C5D0	0x00000020	[  5] _s3eVideoRegister
0x0000C5F0	0x00000020	[  5] _s3eVideoResume
0x0000C610	0x00000020	[  5] _s3eVideoSetInt
0x0000C630	0x00000020	[  5] _s3eVideoStop
0x0000C650	0x00000020	[  5] _s3eVideoUnRegister
0x0000C670	0x00000020	[  5] _s3eEdkCallbacksEnqueue
0x0000C690	0x00000020	[  5] _s3eEdkCallbacksIsRegistered
0x0000C6B0	0x00000020	[  5] _s3eEdkCallbacksRegister
0x0000C6D0	0x00000020	[  5] _s3eEdkCallbacksRegisterInternal
0x0000C6F0	0x00000020	[  5] _s3eEdkCallbacksRegisterSpecific
0x0000C710	0x00000020	[  5] _s3eEdkCallbacksUnRegister
0x0000C730	0x00000020	[  5] _s3eEdkCallbacksUnRegisterDevice
0x0000C750	0x00000020	[  5] _s3eEdkErrorGet
0x0000C770	0x00000020	[  5] _s3eEdkErrorGetString
0x0000C790	0x00000020	[  5] _s3eEdkErrorSet
0x0000C7B0	0x00000020	[  5] _s3eEdkErrorSetStringV
0x0000C7D0	0x00000020	[  5] _s3eEdkFreeOS
0x0000C7F0	0x00000020	[  5] _s3eEdkGetAppVersionMajor
0x0000C810	0x00000020	[  5] _s3eEdkGetAppVersionMinor
0x0000C830	0x00000020	[  5] _s3eEdkGlobalsGet
0x0000C850	0x00000020	[  5] _s3eEdkIsInitialised
0x0000C870	0x00000020	[  5] _s3eEdkLibraryClose
0x0000C890	0x00000020	[  5] _s3eEdkLibraryError
0x0000C8B0	0x00000020	[  5] _s3eEdkLibraryGetSymbol
0x0000C8D0	0x00000020	[  5] _s3eEdkLibraryOpen
0x0000C8F0	0x00000020	[  5] _s3eEdkMallocOS
0x0000C910	0x00000020	[  5] _s3eEdkReallocOS
0x0000C930	0x00000020	[  5] _s3eEdkRegister
0x0000C950	0x00000020	[  5] _s3eEdkThreadRunOnOSAsyncV
0x0000C970	0x00000020	[  5] _s3eEdkThreadRunOnOSV
0x0000C990	0x00000020	[  5] _s3eEdkThreadSetResumed
0x0000C9B0	0x00000020	[  5] _s3eEdkThreadSetSuspended
0x0000C9D0	0x00000018	[  5] _s3eEdkThreadSleep
0x0000C9F0	0x00000020	[  6] _s3eEdkErrorSetString
0x0000CA10	0x00000030	[  6] _s3eEdkThreadRunOnOS
0x0000CA40	0x00000027	[  6] _s3eEdkThreadRunOnOSAsync
0x0000CA70	0x000000A0	[  7] _IwDebugClearConfigCache
0x0000CB10	0x00000150	[  7] _IwDebugAssertIsChannelOn
0x0000CC60	0x00000210	[  7] _IwDebugAssertShow
0x0000CE70	0x000000A0	[  7] _IwDebugAssertSetSolution
0x0000CF10	0x000000F0	[  7] _IwDebugAssertSetMessage
0x0000D000	0x00000020	[  7] _IwAssertRegisterTextCallback
0x0000D020	0x00000020	[  7] _IwAssertRegisterCallback
0x0000D040	0x00000030	[  7] _IwDebugTraceDisable
0x0000D070	0x000001A0	[  7] _IwDebugTraceIsChannelOn
0x0000D210	0x00000020	[  7] _IwDebugTraceSetTraceChannel
0x0000D230	0x00000130	[  7] _IwDebugTraceChannelSwitch
0x0000D360	0x00000020	[  7] _IwDebugTraceLinePrintf
0x0000D380	0x00000150	[  7] _IwDebugTraceLineVPrintf
0x0000D4D0	0x00000020	[  7] _IwDebugErrorRegisterCallback
0x0000D4F0	0x000000C0	[  7] _IwDebugErrorShow
0x0000D5B0	0x00000014	[  7] _IwDebugAssertSetUID
0x0000D5D0	0x000000C6	[  7] __GLOBAL__I_a
0x0000D6A0	0x00000012	[  8] __IwMain
0x0000D6B2	0x00000006	[  5] _s3eConfigGetInt
0x0000D6B8	0x00000006	[  5] _s3eDebugAssertShow
0x0000D6BE	0x00000006	[  5] _s3eDebugErrorShow
0x0000D6C4	0x00000006	[  5] _s3eDebugIsDebuggerPresent
0x0000D6CA	0x00000006	[  5] _s3eDebugSetInt
0x0000D6D0	0x00000006	[  5] _s3eDebugTraceLine
0x0000D6D6	0x00000006	[  5] _s3eEdkCallbacksEnqueue
0x0000D6DC	0x00000006	[  5] _s3eEdkCallbacksRegister
0x0000D6E2	0x00000006	[  5] _s3eEdkCallbacksUnRegister
0x0000D6E8	0x00000006	[  5] _s3eEdkErrorGet
0x0000D6EE	0x00000006	[  5] _s3eEdkErrorSetStringV
0x0000D6F4	0x00000006	[  5] _s3eEdkLibraryGetSymbol
0x0000D6FA	0x00000006	[  5] _s3eEdkThreadRunOnOSAsyncV
0x0000D700	0x00000006	[  5] _s3eEdkThreadRunOnOSV
0x0000D706	0x00000006	[  5] _s3eTimerGetUTC
0x0000D70C	0x00000006	[  9] ___moddi3
0x0000D712	0x00000006	[  9] ___stack_chk_fail
0x0000D718	0x00000006	[  9] _bzero
0x0000D71E	0x00000006	[  9] _localtime
0x0000D724	0x00000006	[  9] _memset
0x0000D72A	0x00000006	[  9] _snprintf
0x0000D730	0x00000006	[  9] _sprintf
0x0000D736	0x00000006	[  9] _strcpy
0x0000D73C	0x00000006	[  9] _strftime$UNIX2003
0x0000D742	0x00000006	[  9] _strlen
0x0000D748	0x00000006	[  9] _strncat
0x0000D74E	0x00000006	[  9] _strncpy
0x0000D754	0x00000006	[  9] _time
0x0000D75A	0x00000006	[  9] _vsnprintf
0x0000D760	0x00000006	[ 10] _objc_msgSend
0x0000D768	0x0000000C	[  0] helper helper
0x0000D774	0x0000000A	[  9] ___moddi3
0x0000D77E	0x0000000A	[  9] ___stack_chk_fail
0x0000D788	0x0000000A	[  9] _bzero
0x0000D792	0x0000000A	[  9] _localtime
0x0000D79C	0x0000000A	[  9] _memset
0x0000D7A6	0x0000000A	[  9] _snprintf
0x0000D7B0	0x0000000A	[  9] _sprintf
0x0000D7BA	0x0000000A	[  9] _strcpy
0x0000D7C4	0x0000000A	[  9] _strftime$UNIX2003
0x0000D7CE	0x0000000A	[  9] _strlen
0x0000D7D8	0x0000000A	[  9] _strncat
0x0000D7E2	0x0000000A	[  9] _strncpy
0x0000D7EC	0x0000000A	[  9] _time
0x0000D7F6	0x0000000A	[  9] _vsnprintf
0x0000D800	0x0000000A	[ 10] _objc_msgSend
0x0000D80A	0x00000008	[  2] literal string: calling
0x0000D812	0x0000000A	[  2] literal string: s3eDialog
0x0000D81C	0x00000017	[  2] literal string: RFLISeK9KP3HkCcnYcuGPA
0x0000D833	0x0000000F	[  2] literal string: DIALOG_VERBOSE
0x0000D842	0x00000039	[  2] literal string: calling s3eDialog func on main thread: s3eDialogAlertBox
0x0000D87B	0x00000008	[  3] literal string: NSAlert
0x0000D883	0x00000006	[  3] literal string: alloc
0x0000D889	0x00000005	[  3] literal string: init
0x0000D88E	0x0000000C	[  3] literal string: autorelease
0x0000D89A	0x00000009	[  3] literal string: NSString
0x0000D8A3	0x00000016	[  3] literal string: stringWithUTF8String:
0x0000D8B9	0x00000010	[  3] literal string: setMessageText:
0x0000D8C9	0x00000014	[  3] literal string: setInformativeText:
0x0000D8DD	0x00000014	[  3] literal string: addButtonWithTitle:
0x0000D8F1	0x00000009	[  3] literal string: runModal
0x0000D8FA	0x00000001	[  3] literal string: 
0x0000D8FB	0x0000000B	[  4] literal string: eglBindAPI
0x0000D906	0x00000010	[  4] literal string: eglBindTexImage
0x0000D916	0x00000010	[  4] literal string: eglChooseConfig
0x0000D926	0x0000000F	[  4] literal string: eglCopyBuffers
0x0000D935	0x00000011	[  4] literal string: eglCreateContext
0x0000D946	0x00000021	[  4] literal string: eglCreatePbufferFromClientBuffer
0x0000D967	0x00000018	[  4] literal string: eglCreatePbufferSurface
0x0000D97F	0x00000017	[  4] literal string: eglCreatePixmapSurface
0x0000D996	0x00000017	[  4] literal string: eglCreateWindowSurface
0x0000D9AD	0x00000012	[  4] literal string: eglDestroyContext
0x0000D9BF	0x00000012	[  4] literal string: eglDestroySurface
0x0000D9D1	0x00000013	[  4] literal string: eglGetConfigAttrib
0x0000D9E4	0x0000000E	[  4] literal string: eglGetConfigs
0x0000D9F2	0x00000015	[  4] literal string: eglGetCurrentContext
0x0000DA07	0x00000015	[  4] literal string: eglGetCurrentDisplay
0x0000DA1C	0x00000015	[  4] literal string: eglGetCurrentSurface
0x0000DA31	0x0000000E	[  4] literal string: eglGetDisplay
0x0000DA3F	0x0000000C	[  4] literal string: eglGetError
0x0000DA4B	0x00000012	[  4] literal string: eglGetProcAddress
0x0000DA5D	0x0000000E	[  4] literal string: eglInitialize
0x0000DA6B	0x0000000F	[  4] literal string: eglMakeCurrent
0x0000DA7A	0x0000000C	[  4] literal string: eglQueryAPI
0x0000DA86	0x00000010	[  4] literal string: eglQueryContext
0x0000DA96	0x0000000F	[  4] literal string: eglQueryString
0x0000DAA5	0x00000010	[  4] literal string: eglQuerySurface
0x0000DAB5	0x00000013	[  4] literal string: eglReleaseTexImage
0x0000DAC8	0x00000011	[  4] literal string: eglReleaseThread
0x0000DAD9	0x00000011	[  4] literal string: eglSurfaceAttrib
0x0000DAEA	0x0000000F	[  4] literal string: eglSwapBuffers
0x0000DAF9	0x00000010	[  4] literal string: eglSwapInterval
0x0000DB09	0x0000000D	[  4] literal string: eglTerminate
0x0000DB16	0x0000000E	[  4] literal string: eglWaitClient
0x0000DB24	0x0000000A	[  4] literal string: eglWaitGL
0x0000DB2E	0x0000000E	[  4] literal string: eglWaitNative
0x0000DB3C	0x00000016	[  4] literal string: glActiveShaderProgram
0x0000DB52	0x00000010	[  4] literal string: glActiveTexture
0x0000DB62	0x0000000C	[  4] literal string: glAlphaFunc
0x0000DB6E	0x0000000D	[  4] literal string: glAlphaFuncx
0x0000DB7B	0x0000000F	[  4] literal string: glAttachShader
0x0000DB8A	0x0000000D	[  4] literal string: glBeginQuery
0x0000DB97	0x00000019	[  4] literal string: glBeginTransformFeedback
0x0000DBB0	0x00000015	[  4] literal string: glBindAttribLocation
0x0000DBC5	0x0000000D	[  4] literal string: glBindBuffer
0x0000DBD2	0x00000011	[  4] literal string: glBindBufferBase
0x0000DBE3	0x00000012	[  4] literal string: glBindBufferRange
0x0000DBF5	0x00000012	[  4] literal string: glBindFramebuffer
0x0000DC07	0x00000013	[  4] literal string: glBindImageTexture
0x0000DC1A	0x00000016	[  4] literal string: glBindProgramPipeline
0x0000DC30	0x00000013	[  4] literal string: glBindRenderbuffer
0x0000DC43	0x0000000E	[  4] literal string: glBindSampler
0x0000DC51	0x0000000E	[  4] literal string: glBindTexture
0x0000DC5F	0x00000018	[  4] literal string: glBindTransformFeedback
0x0000DC77	0x00000012	[  4] literal string: glBindVertexArray
0x0000DC89	0x00000013	[  4] literal string: glBindVertexBuffer
0x0000DC9C	0x0000000D	[  4] literal string: glBlendColor
0x0000DCA9	0x00000010	[  4] literal string: glBlendEquation
0x0000DCB9	0x00000018	[  4] literal string: glBlendEquationSeparate
0x0000DCD1	0x0000000C	[  4] literal string: glBlendFunc
0x0000DCDD	0x00000014	[  4] literal string: glBlendFuncSeparate
0x0000DCF1	0x00000012	[  4] literal string: glBlitFramebuffer
0x0000DD03	0x0000000D	[  4] literal string: glBufferData
0x0000DD10	0x00000010	[  4] literal string: glBufferSubData
0x0000DD20	0x00000019	[  4] literal string: glCheckFramebufferStatus
0x0000DD39	0x00000008	[  4] literal string: glClear
0x0000DD41	0x00000010	[  4] literal string: glClearBufferfi
0x0000DD51	0x00000010	[  4] literal string: glClearBufferfv
0x0000DD61	0x00000010	[  4] literal string: glClearBufferiv
0x0000DD71	0x00000011	[  4] literal string: glClearBufferuiv
0x0000DD82	0x0000000D	[  4] literal string: glClearColor
[...]
0x00018FC4	0x0000001C	[  5] FDE for: ___s3eLicenseGetErrorString
0x00018FE0	0x0000001C	[  5] FDE for: _s3eLicenseGetInt
0x00018FFC	0x0000001C	[  5] FDE for: ___s3eLicenseGetInt
0x00019018	0x0000001C	[  5] FDE for: _s3eMalloc
0x00019034	0x0000001C	[  5] FDE for: ___s3eMalloc
0x00019050	0x0000001C	[  5] FDE for: _s3eMallocBase
0x0001906C	0x0000001C	[  5] FDE for: ___s3eMallocBase
0x00019088	0x0000001C	[  5] FDE for: _s3eMemoryGetError
0x000190A4	0x0000001C	[  5] FDE for: ___s3eMemoryGetError
0x000190C0	0x0000001C	[  5] FDE for: _s3eMemoryGetErrorString
0x000190DC	0x0000001C	[  5] FDE for: ___s3eMemoryGetErrorString
0x000190F8	0x0000001C	[  5] FDE for: _s3eMemoryGetInt
0x00019114	0x0000001C	[  5] FDE for: ___s3eMemoryGetInt
0x00019130	0x0000001C	[  5] FDE for: _s3eMemoryGetUserMemMgr
0x0001914C	0x0000001C	[  5] FDE for: ___s3eMemoryGetUserMemMgr
0x00019168	0x0000001C	[  5] FDE for: _s3eMemoryHeapAddress
0x00019184	0x0000001C	[  5] FDE for: ___s3eMemoryHeapAddress
0x000191A0	0x0000001C	[  5] FDE for: _s3eMemoryHeapCreate
0x000191BC	0x0000001C	[  5] FDE for: ___s3eMemoryHeapCreate
0x000191D8	0x0000001C	[  5] FDE for: _s3eMemoryHeapDestroy
0x000191F4	0x0000001C	[  5] FDE for: ___s3eMemoryHeapDestroy
0x00019210	0x0000001C	[  5] FDE for: _s3eMemorySetInt
0x0001922C	0x0000001C	[  5] FDE for: ___s3eMemorySetInt
0x00019248	0x0000001C	[  5] FDE for: _s3eMemorySetUserMemMgr
0x00019264	0x0000001C	[  5] FDE for: ___s3eMemorySetUserMemMgr
0x00019280	0x0000001C	[  5] FDE for: _s3ePointerGetError
0x0001929C	0x0000001C	[  5] FDE for: ___s3ePointerGetError
0x000192B8	0x0000001C	[  5] FDE for: _s3ePointerGetErrorString
0x000192D4	0x0000001C	[  5] FDE for: ___s3ePointerGetErrorString
0x000192F0	0x0000001C	[  5] FDE for: _s3ePointerGetInt
0x0001930C	0x0000001C	[  5] FDE for: ___s3ePointerGetInt
0x00019328	0x0000001C	[  5] FDE for: _s3ePointerGetState
0x00019344	0x0000001C	[  5] FDE for: ___s3ePointerGetState
0x00019360	0x0000001C	[  5] FDE for: _s3ePointerGetTouchState
0x0001937C	0x0000001C	[  5] FDE for: ___s3ePointerGetTouchState
0x00019398	0x0000001C	[  5] FDE for: _s3ePointerGetTouchX
0x000193B4	0x0000001C	[  5] FDE for: ___s3ePointerGetTouchX
0x000193D0	0x0000001C	[  5] FDE for: _s3ePointerGetTouchY
0x000193EC	0x0000001C	[  5] FDE for: ___s3ePointerGetTouchY
0x00019408	0x0000001C	[  5] FDE for: _s3ePointerGetX
0x00019424	0x0000001C	[  5] FDE for: ___s3ePointerGetX
0x00019440	0x0000001C	[  5] FDE for: _s3ePointerGetY
0x0001945C	0x0000001C	[  5] FDE for: ___s3ePointerGetY
0x00019478	0x0000001C	[  5] FDE for: _s3ePointerRegister
0x00019494	0x0000001C	[  5] FDE for: ___s3ePointerRegister
0x000194B0	0x0000001C	[  5] FDE for: _s3ePointerSetInt
0x000194CC	0x0000001C	[  5] FDE for: ___s3ePointerSetInt
0x000194E8	0x0000001C	[  5] FDE for: _s3ePointerUnRegister
0x00019504	0x0000001C	[  5] FDE for: ___s3ePointerUnRegister
0x00019520	0x0000001C	[  5] FDE for: _s3ePointerUpdate
0x0001953C	0x0000001C	[  5] FDE for: ___s3ePointerUpdate
0x00019558	0x0000001C	[  5] FDE for: _s3eRealloc
0x00019574	0x0000001C	[  5] FDE for: ___s3eRealloc
0x00019590	0x0000001C	[  5] FDE for: _s3eReallocBase
0x000195AC	0x0000001C	[  5] FDE for: ___s3eReallocBase
0x000195C8	0x0000001C	[  5] FDE for: _s3eSecureStorageGet
0x000195E4	0x0000001C	[  5] FDE for: ___s3eSecureStorageGet
0x00019600	0x0000001C	[  5] FDE for: _s3eSecureStorageGetError
0x0001961C	0x0000001C	[  5] FDE for: ___s3eSecureStorageGetError
0x00019638	0x0000001C	[  5] FDE for: _s3eSecureStorageGetErrorString
0x00019654	0x0000001C	[  5] FDE for: ___s3eSecureStorageGetErrorString
0x00019670	0x0000001C	[  5] FDE for: _s3eSecureStoragePut
0x0001968C	0x0000001C	[  5] FDE for: ___s3eSecureStoragePut
0x000196A8	0x0000001C	[  5] FDE for: _s3eSocketAccept
0x000196C4	0x0000001C	[  5] FDE for: ___s3eSocketAccept
0x000196E0	0x0000001C	[  5] FDE for: _s3eSocketBind
0x000196FC	0x0000001C	[  5] FDE for: ___s3eSocketBind
0x00019718	0x0000001C	[  5] FDE for: _s3eSocketClose
0x00019734	0x0000001C	[  5] FDE for: ___s3eSocketClose
0x00019750	0x0000001C	[  5] FDE for: _s3eSocketConnect
0x0001976C	0x0000001C	[  5] FDE for: ___s3eSocketConnect
0x00019788	0x0000001C	[  5] FDE for: _s3eSocketCreate
0x000197A4	0x0000001C	[  5] FDE for: ___s3eSocketCreate
0x000197C0	0x0000001C	[  5] FDE for: _s3eSocketGetError
0x000197DC	0x0000001C	[  5] FDE for: ___s3eSocketGetError
0x000197F8	0x0000001C	[  5] FDE for: _s3eSocketGetErrorString
0x00019814	0x0000001C	[  5] FDE for: ___s3eSocketGetErrorString
0x00019830	0x0000001C	[  5] FDE for: _s3eSocketGetInt
0x0001984C	0x0000001C	[  5] FDE for: ___s3eSocketGetInt
0x00019868	0x0000001C	[  5] FDE for: _s3eSocketGetLocalName
0x00019884	0x0000001C	[  5] FDE for: ___s3eSocketGetLocalName
0x000198A0	0x0000001C	[  5] FDE for: _s3eSocketGetPeerName
0x000198BC	0x0000001C	[  5] FDE for: ___s3eSocketGetPeerName
0x000198D8	0x0000001C	[  5] FDE for: _s3eSocketGetString
0x000198F4	0x0000001C	[  5] FDE for: ___s3eSocketGetString
0x00019910	0x0000001C	[  5] FDE for: _s3eSocketListen
0x0001992C	0x0000001C	[  5] FDE for: ___s3eSocketListen
0x00019948	0x0000001C	[  5] FDE for: _s3eSocketReadable
0x00019964	0x0000001C	[  5] FDE for: ___s3eSocketReadable
0x00019980	0x0000001C	[  5] FDE for: _s3eSocketRecv
0x0001999C	0x0000001C	[  5] FDE for: ___s3eSocketRecv
0x000199B8	0x0000001C	[  5] FDE for: _s3eSocketRecvFrom
0x000199D4	0x0000001C	[  5] FDE for: ___s3eSocketRecvFrom
0x000199F0	0x0000001C	[  5] FDE for: _s3eSocketSend
0x00019A0C	0x0000001C	[  5] FDE for: ___s3eSocketSend
0x00019A28	0x0000001C	[  5] FDE for: _s3eSocketSendTo
0x00019A44	0x0000001C	[  5] FDE for: ___s3eSocketSendTo
0x00019A60	0x0000001C	[  5] FDE for: _s3eSocketWritable
0x00019A7C	0x0000001C	[  5] FDE for: ___s3eSocketWritable
0x00019A98	0x0000001C	[  5] FDE for: _s3eSoundChannelGetInt
0x00019AB4	0x0000001C	[  5] FDE for: ___s3eSoundChannelGetInt
0x00019AD0	0x0000001C	[  5] FDE for: _s3eSoundChannelGetInt64
0x00019AEC	0x0000001C	[  5] FDE for: ___s3eSoundChannelGetInt64
0x00019B08	0x0000001C	[  5] FDE for: _s3eSoundChannelPause
0x00019B24	0x0000001C	[  5] FDE for: ___s3eSoundChannelPause
0x00019B40	0x0000001C	[  5] FDE for: _s3eSoundChannelPlay
0x00019B5C	0x0000001C	[  5] FDE for: ___s3eSoundChannelPlay
0x00019B78	0x0000001C	[  5] FDE for: _s3eSoundChannelRegister
0x00019B94	0x0000001C	[  5] FDE for: ___s3eSoundChannelRegister
0x00019BB0	0x0000001C	[  5] FDE for: _s3eSoundChannelResume
0x00019BCC	0x0000001C	[  5] FDE for: ___s3eSoundChannelResume
0x00019BE8	0x0000001C	[  5] FDE for: _s3eSoundChannelSetInt
0x00019C04	0x0000001C	[  5] FDE for: ___s3eSoundChannelSetInt
0x00019C20	0x0000001C	[  5] FDE for: _s3eSoundChannelSetInt64
0x00019C3C	0x0000001C	[  5] FDE for: ___s3eSoundChannelSetInt64
0x00019C58	0x0000001C	[  5] FDE for: _s3eSoundChannelStop
0x00019C74	0x0000001C	[  5] FDE for: ___s3eSoundChannelStop
0x00019C90	0x0000001C	[  5] FDE for: _s3eSoundChannelUnRegister
0x00019CAC	0x0000001C	[  5] FDE for: ___s3eSoundChannelUnRegister
0x00019CC8	0x0000001C	[  5] FDE for: _s3eSoundGetError
0x00019CE4	0x0000001C	[  5] FDE for: ___s3eSoundGetError
0x00019D00	0x0000001C	[  5] FDE for: _s3eSoundGetErrorString
0x00019D1C	0x0000001C	[  5] FDE for: ___s3eSoundGetErrorString
0x00019D38	0x0000001C	[  5] FDE for: _s3eSoundGetFreeChannel
0x00019D54	0x0000001C	[  5] FDE for: ___s3eSoundGetFreeChannel
0x00019D70	0x0000001C	[  5] FDE for: _s3eSoundGetInt
0x00019D8C	0x0000001C	[  5] FDE for: ___s3eSoundGetInt
0x00019DA8	0x0000001C	[  5] FDE for: _s3eSoundPauseAllChannels
0x00019DC4	0x0000001C	[  5] FDE for: ___s3eSoundPauseAllChannels
0x00019DE0	0x0000001C	[  5] FDE for: _s3eSoundResumeAllChannels
0x00019DFC	0x0000001C	[  5] FDE for: ___s3eSoundResumeAllChannels
0x00019E18	0x0000001C	[  5] FDE for: _s3eSoundSetInt
0x00019E34	0x0000001C	[  5] FDE for: ___s3eSoundSetInt
0x00019E50	0x0000001C	[  5] FDE for: _s3eSoundStopAllChannels
0x00019E6C	0x0000001C	[  5] FDE for: ___s3eSoundStopAllChannels
0x00019E88	0x0000001C	[  5] FDE for: _s3eSurfaceConvertRGB
0x00019EA4	0x0000001C	[  5] FDE for: ___s3eSurfaceConvertRGB
0x00019EC0	0x0000001C	[  5] FDE for: _s3eSurfaceGetError
0x00019EDC	0x0000001C	[  5] FDE for: ___s3eSurfaceGetError
0x00019EF8	0x0000001C	[  5] FDE for: _s3eSurfaceGetErrorString
0x00019F14	0x0000001C	[  5] FDE for: ___s3eSurfaceGetErrorString
0x00019F30	0x0000001C	[  5] FDE for: _s3eSurfaceGetInt
0x00019F4C	0x0000001C	[  5] FDE for: ___s3eSurfaceGetInt
0x00019F68	0x0000001C	[  5] FDE for: _s3eSurfaceInvalidate
0x00019F84	0x0000001C	[  5] FDE for: ___s3eSurfaceInvalidate
0x00019FA0	0x0000001C	[  5] FDE for: _s3eSurfacePtr
0x00019FBC	0x0000001C	[  5] FDE for: ___s3eSurfacePtr
0x00019FD8	0x0000001C	[  5] FDE for: _s3eSurfaceRegister
0x00019FF4	0x0000001C	[  5] FDE for: ___s3eSurfaceRegister
0x0001A010	0x0000001C	[  5] FDE for: _s3eSurfaceSetDisplayID
0x0001A02C	0x0000001C	[  5] FDE for: ___s3eSurfaceSetDisplayID
0x0001A048	0x0000001C	[  5] FDE for: _s3eSurfaceSetInt
0x0001A064	0x0000001C	[  5] FDE for: ___s3eSurfaceSetInt
0x0001A080	0x0000001C	[  5] FDE for: _s3eSurfaceSetup
0x0001A09C	0x0000001C	[  5] FDE for: ___s3eSurfaceSetup
0x0001A0B8	0x0000001C	[  5] FDE for: _s3eSurfaceShow
0x0001A0D4	0x0000001C	[  5] FDE for: ___s3eSurfaceShow
0x0001A0F0	0x0000001C	[  5] FDE for: _s3eSurfaceUnRegister
0x0001A10C	0x0000001C	[  5] FDE for: ___s3eSurfaceUnRegister
0x0001A128	0x0000001C	[  5] FDE for: _s3eTimerCancelTimer
0x0001A144	0x0000001C	[  5] FDE for: ___s3eTimerCancelTimer
0x0001A160	0x0000001C	[  5] FDE for: _s3eTimerGetError
0x0001A17C	0x0000001C	[  5] FDE for: ___s3eTimerGetError
0x0001A198	0x0000001C	[  5] FDE for: _s3eTimerGetErrorString
0x0001A1B4	0x0000001C	[  5] FDE for: ___s3eTimerGetErrorString
0x0001A1D0	0x0000001C	[  5] FDE for: _s3eTimerGetInt
0x0001A1EC	0x0000001C	[  5] FDE for: ___s3eTimerGetInt
0x0001A208	0x0000001C	[  5] FDE for: _s3eTimerGetLocaltimeOffset
0x0001A224	0x0000001C	[  5] FDE for: ___s3eTimerGetLocaltimeOffset
0x0001A240	0x0000001C	[  5] FDE for: _s3eTimerGetMs
0x0001A25C	0x0000001C	[  5] FDE for: ___s3eTimerGetMs
0x0001A278	0x0000001C	[  5] FDE for: _s3eTimerGetUST
0x0001A294	0x0000001C	[  5] FDE for: ___s3eTimerGetUST
0x0001A2B0	0x0000001C	[  5] FDE for: _s3eTimerGetUTC
0x0001A2CC	0x0000001C	[  5] FDE for: ___s3eTimerGetUTC
0x0001A2E8	0x0000001C	[  5] FDE for: _s3eTimerSetTimer
0x0001A304	0x0000001C	[  5] FDE for: ___s3eTimerSetTimer
0x0001A320	0x0000001C	[  5] FDE for: _s3eVibraGetError
0x0001A33C	0x0000001C	[  5] FDE for: ___s3eVibraGetError
0x0001A358	0x0000001C	[  5] FDE for: _s3eVibraGetErrorString
0x0001A374	0x0000001C	[  5] FDE for: ___s3eVibraGetErrorString
0x0001A390	0x0000001C	[  5] FDE for: _s3eVibraGetInt
0x0001A3AC	0x0000001C	[  5] FDE for: ___s3eVibraGetInt
0x0001A3C8	0x0000001C	[  5] FDE for: _s3eVibraSetInt
0x0001A3E4	0x0000001C	[  5] FDE for: ___s3eVibraSetInt
0x0001A400	0x0000001C	[  5] FDE for: _s3eVibraStop
0x0001A41C	0x0000001C	[  5] FDE for: ___s3eVibraStop
0x0001A438	0x0000001C	[  5] FDE for: _s3eVibraVibrate
0x0001A454	0x0000001C	[  5] FDE for: ___s3eVibraVibrate
0x0001A470	0x0000001C	[  5] FDE for: _s3eVideoGetError
0x0001A48C	0x0000001C	[  5] FDE for: ___s3eVideoGetError
0x0001A4A8	0x0000001C	[  5] FDE for: _s3eVideoGetErrorString
0x0001A4C4	0x0000001C	[  5] FDE for: ___s3eVideoGetErrorString
0x0001A4E0	0x0000001C	[  5] FDE for: _s3eVideoGetInt
0x0001A4FC	0x0000001C	[  5] FDE for: ___s3eVideoGetInt
0x0001A518	0x0000001C	[  5] FDE for: _s3eVideoIsCodecSupported
0x0001A534	0x0000001C	[  5] FDE for: ___s3eVideoIsCodecSupported
0x0001A550	0x0000001C	[  5] FDE for: _s3eVideoIsPlaying
0x0001A56C	0x0000001C	[  5] FDE for: ___s3eVideoIsPlaying
0x0001A588	0x0000001C	[  5] FDE for: _s3eVideoPause
0x0001A5A4	0x0000001C	[  5] FDE for: ___s3eVideoPause
0x0001A5C0	0x0000001C	[  5] FDE for: _s3eVideoPlay
0x0001A5DC	0x0000001C	[  5] FDE for: ___s3eVideoPlay
0x0001A5F8	0x0000001C	[  5] FDE for: _s3eVideoPlayFromBuffer
0x0001A614	0x0000001C	[  5] FDE for: ___s3eVideoPlayFromBuffer
0x0001A630	0x0000001C	[  5] FDE for: _s3eVideoRegister
0x0001A64C	0x0000001C	[  5] FDE for: ___s3eVideoRegister
0x0001A668	0x0000001C	[  5] FDE for: _s3eVideoResume
0x0001A684	0x0000001C	[  5] FDE for: ___s3eVideoResume
0x0001A6A0	0x0000001C	[  5] FDE for: _s3eVideoSetInt
0x0001A6BC	0x0000001C	[  5] FDE for: ___s3eVideoSetInt
0x0001A6D8	0x0000001C	[  5] FDE for: _s3eVideoStop
0x0001A6F4	0x0000001C	[  5] FDE for: ___s3eVideoStop
0x0001A710	0x0000001C	[  5] FDE for: _s3eVideoUnRegister
0x0001A72C	0x0000001C	[  5] FDE for: ___s3eVideoUnRegister
0x0001A748	0x0000001C	[  5] FDE for: _s3eEdkCallbacksEnqueue
0x0001A764	0x0000001C	[  5] FDE for: ___s3eEdkCallbacksEnqueue
0x0001A780	0x0000001C	[  5] FDE for: _s3eEdkCallbacksIsRegistered
0x0001A79C	0x0000001C	[  5] FDE for: ___s3eEdkCallbacksIsRegistered
0x0001A7B8	0x0000001C	[  5] FDE for: _s3eEdkCallbacksRegister
0x0001A7D4	0x0000001C	[  5] FDE for: ___s3eEdkCallbacksRegister
0x0001A7F0	0x0000001C	[  5] FDE for: _s3eEdkCallbacksRegisterInternal
0x0001A80C	0x0000001C	[  5] FDE for: ___s3eEdkCallbacksRegisterInternal
0x0001A828	0x0000001C	[  5] FDE for: _s3eEdkCallbacksRegisterSpecific
0x0001A844	0x0000001C	[  5] FDE for: ___s3eEdkCallbacksRegisterSpecific
0x0001A860	0x0000001C	[  5] FDE for: _s3eEdkCallbacksUnRegister
0x0001A87C	0x0000001C	[  5] FDE for: ___s3eEdkCallbacksUnRegister
0x0001A898	0x0000001C	[  5] FDE for: _s3eEdkCallbacksUnRegisterDevice
0x0001A8B4	0x0000001C	[  5] FDE for: ___s3eEdkCallbacksUnRegisterDevice
0x0001A8D0	0x0000001C	[  5] FDE for: _s3eEdkErrorGet
0x0001A8EC	0x0000001C	[  5] FDE for: ___s3eEdkErrorGet
0x0001A908	0x0000001C	[  5] FDE for: _s3eEdkErrorGetString
0x0001A924	0x0000001C	[  5] FDE for: ___s3eEdkErrorGetString
0x0001A940	0x0000001C	[  5] FDE for: _s3eEdkErrorSet
0x0001A95C	0x0000001C	[  5] FDE for: ___s3eEdkErrorSet
0x0001A978	0x0000001C	[  5] FDE for: _s3eEdkErrorSetStringV
0x0001A994	0x0000001C	[  5] FDE for: ___s3eEdkErrorSetStringV
0x0001A9B0	0x0000001C	[  5] FDE for: _s3eEdkFreeOS
0x0001A9CC	0x0000001C	[  5] FDE for: ___s3eEdkFreeOS
0x0001A9E8	0x0000001C	[  5] FDE for: _s3eEdkGetAppVersionMajor
0x0001AA04	0x0000001C	[  5] FDE for: ___s3eEdkGetAppVersionMajor
0x0001AA20	0x0000001C	[  5] FDE for: _s3eEdkGetAppVersionMinor
0x0001AA3C	0x0000001C	[  5] FDE for: ___s3eEdkGetAppVersionMinor
0x0001AA58	0x0000001C	[  5] FDE for: _s3eEdkGlobalsGet
0x0001AA74	0x0000001C	[  5] FDE for: ___s3eEdkGlobalsGet
0x0001AA90	0x0000001C	[  5] FDE for: _s3eEdkIsInitialised
0x0001AAAC	0x0000001C	[  5] FDE for: ___s3eEdkIsInitialised
0x0001AAC8	0x0000001C	[  5] FDE for: _s3eEdkLibraryClose
0x0001AAE4	0x0000001C	[  5] FDE for: ___s3eEdkLibraryClose
0x0001AB00	0x0000001C	[  5] FDE for: _s3eEdkLibraryError
0x0001AB1C	0x0000001C	[  5] FDE for: ___s3eEdkLibraryError
0x0001AB38	0x0000001C	[  5] FDE for: _s3eEdkLibraryGetSymbol
0x0001AB54	0x0000001C	[  5] FDE for: ___s3eEdkLibraryGetSymbol
0x0001AB70	0x0000001C	[  5] FDE for: _s3eEdkLibraryOpen
0x0001AB8C	0x0000001C	[  5] FDE for: ___s3eEdkLibraryOpen
0x0001ABA8	0x0000001C	[  5] FDE for: _s3eEdkMallocOS
0x0001ABC4	0x0000001C	[  5] FDE for: ___s3eEdkMallocOS
0x0001ABE0	0x0000001C	[  5] FDE for: _s3eEdkReallocOS
0x0001ABFC	0x0000001C	[  5] FDE for: ___s3eEdkReallocOS
0x0001AC18	0x0000001C	[  5] FDE for: _s3eEdkRegister
0x0001AC34	0x0000001C	[  5] FDE for: ___s3eEdkRegister
0x0001AC50	0x0000001C	[  5] FDE for: _s3eEdkThreadRunOnOSAsyncV
0x0001AC6C	0x0000001C	[  5] FDE for: ___s3eEdkThreadRunOnOSAsyncV
0x0001AC88	0x0000001C	[  5] FDE for: _s3eEdkThreadRunOnOSV
0x0001ACA4	0x0000001C	[  5] FDE for: ___s3eEdkThreadRunOnOSV
0x0001ACC0	0x0000001C	[  5] FDE for: _s3eEdkThreadSetResumed
0x0001ACDC	0x0000001C	[  5] FDE for: ___s3eEdkThreadSetResumed
0x0001ACF8	0x0000001C	[  5] FDE for: _s3eEdkThreadSetSuspended
0x0001AD14	0x0000001C	[  5] FDE for: ___s3eEdkThreadSetSuspended
0x0001AD30	0x0000001C	[  5] FDE for: _s3eEdkThreadSleep
0x0001AD4C	0x0000001C	[  5] FDE for: ___s3eEdkThreadSleep
0x0001AD68	0x00000018	[  6] CIE
0x0001AD80	0x0000001C	[  6] FDE for: _s3eEdkErrorSetString
0x0001AD9C	0x0000001C	[  6] FDE for: _s3eEdkThreadRunOnOS
0x0001ADB8	0x0000001C	[  6] FDE for: _s3eEdkThreadRunOnOSAsync
0x0001ADD4	0x00000018	[  7] CIE
0x0001ADEC	0x0000001C	[  7] FDE for: _IwDebugClearConfigCache
0x0001AE08	0x00000020	[  7] FDE for: _IwDebugAssertIsChannelOn
0x0001AE28	0x00000020	[  7] FDE for: _IwDebugAssertShow
0x0001AE48	0x00000020	[  7] FDE for: _IwDebugAssertSetSolution
0x0001AE68	0x00000020	[  7] FDE for: _IwDebugAssertSetMessage
0x0001AE88	0x0000001C	[  7] FDE for: _IwAssertRegisterTextCallback
0x0001AEA4	0x0000001C	[  7] FDE for: _IwAssertRegisterCallback
0x0001AEC0	0x0000001C	[  7] FDE for: _IwDebugTraceDisable
0x0001AEDC	0x00000020	[  7] FDE for: _IwDebugTraceIsChannelOn
0x0001AEFC	0x0000001C	[  7] FDE for: _IwDebugTraceSetTraceChannel
0x0001AF18	0x00000020	[  7] FDE for: _IwDebugTraceChannelSwitch
0x0001AF38	0x0000001C	[  7] FDE for: _IwDebugTraceLinePrintf
0x0001AF54	0x00000020	[  7] FDE for: _IwDebugTraceLineVPrintf
0x0001AF74	0x0000001C	[  7] FDE for: _IwDebugErrorRegisterCallback
0x0001AF90	0x00000020	[  7] FDE for: _IwDebugErrorShow
0x0001AFB0	0x0000001C	[  7] FDE for: _IwDebugAssertSetUID
0x0001AFCC	0x00000018	[  8] CIE
0x0001AFE4	0x0000001C	[  8] FDE for: __IwMain
0x0001B000	0x00000004	[  0] non-lazy-pointer-to-local: dyld_stub_binder
0x0001B004	0x00000004	[  0] non-lazy-pointer
0x0001B008	0x00000004	[  2] non-lazy-pointer-to: __Z13s3eDialogInitv
0x0001B00C	0x00000004	[  2] non-lazy-pointer-to: __Z18s3eDialogTerminatev
0x0001B010	0x00000004	[  2] non-lazy-pointer-to: ___stack_chk_guard
0x0001B014	0x00000004	[  2] non-lazy-pointer-to: _s3eDialogAlertBox
0x0001B018	0x00000004	[  2] non-lazy-pointer-to: _s3eDialogRegister
0x0001B01C	0x00000004	[  2] non-lazy-pointer-to: _s3eDialogUnRegister
0x0001B020	0x00000004	[  5] non-lazy-pointer-to: _g_S3E_API
0x0001B024	0x00000004	[  5] _s3eConfigGetInt
0x0001B028	0x00000004	[  5] _s3eDebugAssertShow
0x0001B02C	0x00000004	[  5] _s3eDebugErrorShow
0x0001B030	0x00000004	[  5] _s3eDebugIsDebuggerPresent
0x0001B034	0x00000004	[  5] _s3eDebugSetInt
0x0001B038	0x00000004	[  5] _s3eDebugTraceLine
0x0001B03C	0x00000004	[  5] _s3eEdkCallbacksEnqueue
0x0001B040	0x00000004	[  5] _s3eEdkCallbacksRegister
0x0001B044	0x00000004	[  5] _s3eEdkCallbacksUnRegister
0x0001B048	0x00000004	[  5] _s3eEdkErrorGet
0x0001B04C	0x00000004	[  5] _s3eEdkErrorSetStringV
0x0001B050	0x00000004	[  5] _s3eEdkLibraryGetSymbol
0x0001B054	0x00000004	[  5] _s3eEdkThreadRunOnOSAsyncV
0x0001B058	0x00000004	[  5] _s3eEdkThreadRunOnOSV
0x0001B05C	0x00000004	[  5] _s3eTimerGetUTC
0x0001B060	0x00000004	[  9] ___moddi3
0x0001B064	0x00000004	[  9] ___stack_chk_fail
0x0001B068	0x00000004	[  9] _bzero
0x0001B06C	0x00000004	[  9] _localtime
0x0001B070	0x00000004	[  9] _memset
0x0001B074	0x00000004	[  9] _snprintf
0x0001B078	0x00000004	[  9] _sprintf
0x0001B07C	0x00000004	[  9] _strcpy
0x0001B080	0x00000004	[  9] _strftime$UNIX2003
0x0001B084	0x00000004	[  9] _strlen
0x0001B088	0x00000004	[  9] _strncat
0x0001B08C	0x00000004	[  9] _strncpy
0x0001B090	0x00000004	[  9] _time
0x0001B094	0x00000004	[  9] _vsnprintf
0x0001B098	0x00000004	[ 10] _objc_msgSend
0x0001B09C	0x00000004	[  7] anon
0x0001B0A0	0x00002D00	[  4] _g_S3E_API
0x0001DDA0	0x00000001	[  4] __IwAppVersionMajor
0x0001DDA1	0x00000001	[  4] __IwAppVersionMinor
0x0001DDA4	0x00002928	[  7] _g_DebugGlobals
0x000206CC	0x00000300	[  4] __Z9g_Message
0x00021000	0x00000004	[  3] pointer-to-literal-objc-class-name
0x00021004	0x00000004	[  3] pointer-to-literal-objc-class-name
0x00021008	0x00000004	[  3] pointer-to-literal-cstring
0x0002100C	0x00000004	[  3] pointer-to-literal-cstring
0x00021010	0x00000004	[  3] pointer-to-literal-cstring
0x00021014	0x00000004	[  3] pointer-to-literal-cstring
0x00021018	0x00000004	[  3] pointer-to-literal-cstring
0x0002101C	0x00000004	[  3] pointer-to-literal-cstring
0x00021020	0x00000004	[  3] pointer-to-literal-cstring
0x00021024	0x00000004	[  3] pointer-to-literal-cstring
0x00021028	0x00000010	[  3] anon
0x00021038	0x00000008	[  0] objc image info
